C:[08/05/2015 16:50:59.41][172.16.4.241][615] AND b.exp_e=c.exp_e AND a.pensum=c.pensum AND a.c_uni_ca=c.c_uni_ca  [0][0]  {[MERANT][ODBC SQLBase driver][SQLBase]00917 PRS ISC Invalid SQL statement}
C:[08/05/2015 16:51:32.02][172.16.4.241][615] SELECT SUM(u_creditos*1) FROM tblaca009 a, dace006 b, dace002 c WHERE b.exp_e='15-25452280' AND b.status IN ('7','A') AND a.c_asigna=b.c_asigna AND b.exp_e=c.exp_e AND a.pensum=c.pensum AND a.c_uni_ca=c.c_uni_ca  [1][0] OK
C:[08/05/2015 16:51:46.47][172.16.4.241][615] SELECT SUM(u_creditos*1) FROM tblaca009 a, dace006 b, dace002 c WHERE b.exp_e='15-25452280' AND b.status IN ('7','A') AND a.c_asigna=b.c_asigna AND b.exp_e=c.exp_e AND a.pensum=c.pensum AND a.c_uni_ca=c.c_uni_ca  [1][0] OK
C:[08/05/2015 16:52:00.76][172.16.4.241][615] SELECT SUM(u_creditos*1) FROM tblaca009 a, dace006 b, dace002 c WHERE b.exp_e='15-25452280' AND b.status IN ('7','A') AND a.c_asigna=b.c_asigna AND b.exp_e=c.exp_e AND a.pensum=c.pensum AND a.c_uni_ca=c.c_uni_ca  [1][0] OK
C:[11/05/2015 09:13:00.07][172.16.4.254][615] SELECT SUM(u_creditos*1) FROM tblaca009 a, dace006 b, dace002 c WHERE b.exp_e='04-18246315' AND b.status IN ('7','A') AND a.c_asigna=b.c_asigna AND b.exp_e=c.exp_e AND a.pensum=c.pensum AND a.c_uni_ca=c.c_uni_ca  [1][0] OK
C:[12/05/2015 10:51:41.80][172.16.4.241][636] SELECT SUM(u_creditos*1) FROM tblaca009 a, dace006 b, dace002 c WHERE b.exp_e='14-25745975' AND b.status IN ('7','A') AND a.c_asigna=b.c_asigna AND b.exp_e=c.exp_e AND a.pensum=c.pensum AND a.c_uni_ca=c.c_uni_ca  [1][0] OK
C:[12/05/2015 10:52:59.71][172.16.4.241][636] SELECT SUM(u_creditos*1) FROM tblaca009 a, dace006 b, dace002 c WHERE b.exp_e='15-25452280' AND b.status IN ('7','A') AND a.c_asigna=b.c_asigna AND b.exp_e=c.exp_e AND a.pensum=c.pensum AND a.c_uni_ca=c.c_uni_ca  [1][0] OK
C:[12/05/2015 10:53:24.99][172.16.4.241][636] SELECT SUM(u_creditos*1) FROM tblaca009 a, dace006 b, dace002 c WHERE b.exp_e='15-25452280' AND b.status IN ('7','A') AND a.c_asigna=b.c_asigna AND b.exp_e=c.exp_e AND a.pensum=c.pensum AND a.c_uni_ca=c.c_uni_ca  [1][0] OK
C:[12/05/2015 10:53:55.47][172.16.4.241][636] SELECT SUM(u_creditos*1) FROM tblaca009 a, dace006 b, dace002 c WHERE b.exp_e='15-25452280' AND b.status IN ('7','A') AND a.c_asigna=b.c_asigna AND b.exp_e=c.exp_e AND a.pensum=c.pensum AND a.c_uni_ca=c.c_uni_ca  [1][0] OK
C:[19/05/2015 09:24:55.77][172.16.4.254][637] SELECT SUM(u_creditos*1) FROM tblaca009 a, dace006 b, dace002 c WHERE b.exp_e='11-20805887' AND b.status IN ('7','A') AND a.c_asigna=b.c_asigna AND b.exp_e=c.exp_e AND a.pensum=c.pensum AND a.c_uni_ca=c.c_uni_ca  [1][0] OK
C:[19/05/2015 09:28:32.77][172.16.4.254][637] SELECT SUM(u_creditos*1) FROM tblaca009 a, dace006 b, dace002 c WHERE b.exp_e='11-20805887' AND b.status IN ('7','A') AND a.c_asigna=b.c_asigna AND b.exp_e=c.exp_e AND a.pensum=c.pensum AND a.c_uni_ca=c.c_uni_ca  [1][0] OK
C:[19/05/2015 09:34:05.48][172.16.4.254][637] SELECT SUM(u_creditos*1) FROM tblaca009 a, dace006 b, dace002 c WHERE b.exp_e='11-20805887' AND b.status IN ('7','A') AND a.c_asigna=b.c_asigna AND b.exp_e=c.exp_e AND a.pensum=c.pensum AND a.c_uni_ca=c.c_uni_ca  [1][0] OK
C:[20/05/2015 09:15:32.46][172.16.4.254][637] SELECT SUM(u_creditos*1) FROM tblaca009 a, dace006 b, dace002 c WHERE b.exp_e='10-19728227' AND b.status IN ('7','A') AND a.c_asigna=b.c_asigna AND b.exp_e=c.exp_e AND a.pensum=c.pensum AND a.c_uni_ca=c.c_uni_ca  [1][0] OK
C:[27/05/2015 10:05:33.29][172.16.4.254][637] SELECT SUM(u_creditos*1) FROM tblaca009 a, dace006 b, dace002 c WHERE b.exp_e='10-20807581' AND b.status IN ('7','A') AND a.c_asigna=b.c_asigna AND b.exp_e=c.exp_e AND a.pensum=c.pensum AND a.c_uni_ca=c.c_uni_ca  [1][0] OK
C:[27/05/2015 11:11:11.68][172.16.4.131][637] SELECT SUM(u_creditos*1) FROM tblaca009 a, dace006 b, dace002 c WHERE b.exp_e='08-17303344' AND b.status IN ('7','A') AND a.c_asigna=b.c_asigna AND b.exp_e=c.exp_e AND a.pensum=c.pensum AND a.c_uni_ca=c.c_uni_ca  [1][0] OK
C:[27/05/2015 13:39:05.28][172.16.4.254][637] SELECT SUM(u_creditos*1) FROM tblaca009 a, dace006 b, dace002 c WHERE b.exp_e='07-19303263' AND b.status IN ('7','A') AND a.c_asigna=b.c_asigna AND b.exp_e=c.exp_e AND a.pensum=c.pensum AND a.c_uni_ca=c.c_uni_ca  [1][0] OK
C:[03/06/2015 12:17:49.08][172.16.1.181][637] SELECT SUM(u_creditos*1) FROM tblaca009 a, dace006 b, dace002 c WHERE b.exp_e='10-19332865' AND b.status IN ('7','A') AND a.c_asigna=b.c_asigna AND b.exp_e=c.exp_e AND a.pensum=c.pensum AND a.c_uni_ca=c.c_uni_ca  [1][0] OK
C:[04/06/2015 09:17:24.34][172.16.4.254][637] SELECT SUM(u_creditos*1) FROM tblaca009 a, dace006 b, dace002 c WHERE b.exp_e='10-20079848' AND b.status IN ('7','A') AND a.c_asigna=b.c_asigna AND b.exp_e=c.exp_e AND a.pensum=c.pensum AND a.c_uni_ca=c.c_uni_ca  [1][0] OK
C:[09/06/2015 13:33:37.80][172.16.1.80][637] SELECT SUM(u_creditos*1) FROM tblaca009 a, dace006 b, dace002 c WHERE b.exp_e='10-19332865' AND b.status IN ('7','A') AND a.c_asigna=b.c_asigna AND b.exp_e=c.exp_e AND a.pensum=c.pensum AND a.c_uni_ca=c.c_uni_ca  [1][0] OK
C:[09/06/2015 13:36:57.33][172.16.1.80][637] SELECT SUM(u_creditos*1) FROM tblaca009 a, dace006 b, dace002 c WHERE b.exp_e='08-20554142' AND b.status IN ('7','A') AND a.c_asigna=b.c_asigna AND b.exp_e=c.exp_e AND a.pensum=c.pensum AND a.c_uni_ca=c.c_uni_ca  [1][0] OK
C:[12/06/2015 11:47:15.71][172.16.0.158][637] SELECT SUM(u_creditos*1) FROM tblaca009 a, dace006 b, dace002 c WHERE b.exp_e='09-20887244' AND b.status IN ('7','A') AND a.c_asigna=b.c_asigna AND b.exp_e=c.exp_e AND a.pensum=c.pensum AND a.c_uni_ca=c.c_uni_ca  [1][0] OK
C:[22/06/2015 08:58:09.13][172.16.4.254][637] SELECT SUM(u_creditos*1) FROM tblaca009 a, dace006 b, dace002 c WHERE b.exp_e='10-20079848' AND b.status IN ('7','A') AND a.c_asigna=b.c_asigna AND b.exp_e=c.exp_e AND a.pensum=c.pensum AND a.c_uni_ca=c.c_uni_ca  [1][0] OK
C:[02/07/2015 08:18:58.32][172.16.5.218][637] SELECT SUM(u_creditos*1) FROM tblaca009 a, dace006 b, dace002 c WHERE b.exp_e='10-20079848' AND b.status IN ('7','A') AND a.c_asigna=b.c_asigna AND b.exp_e=c.exp_e AND a.pensum=c.pensum AND a.c_uni_ca=c.c_uni_ca  [1][0] OK
C:[02/07/2015 14:18:50.69][172.16.4.254][637] SELECT SUM(u_creditos*1) FROM tblaca009 a, dace006 b, dace002 c WHERE b.exp_e='10-20885746' AND b.status IN ('7','A') AND a.c_asigna=b.c_asigna AND b.exp_e=c.exp_e AND a.pensum=c.pensum AND a.c_uni_ca=c.c_uni_ca  [1][0] OK
C:[06/07/2015 10:06:28.39][172.16.4.254][637] SELECT SUM(u_creditos*1) FROM tblaca009 a, dace006 b, dace002 c WHERE b.exp_e='10-20079848' AND b.status IN ('7','A') AND a.c_asigna=b.c_asigna AND b.exp_e=c.exp_e AND a.pensum=c.pensum AND a.c_uni_ca=c.c_uni_ca  [1][0] OK
C:[07/07/2015 14:35:25.01][172.16.4.254][637] SELECT SUM(u_creditos*1) FROM tblaca009 a, dace006 b, dace002 c WHERE b.exp_e='08-20702007' AND b.status IN ('7','A') AND a.c_asigna=b.c_asigna AND b.exp_e=c.exp_e AND a.pensum=c.pensum AND a.c_uni_ca=c.c_uni_ca  [1][0] OK
C:[07/07/2015 14:49:07.36][172.16.4.254][637] SELECT SUM(u_creditos*1) FROM tblaca009 a, dace006 b, dace002 c WHERE b.exp_e='08-20702007' AND b.status IN ('7','A') AND a.c_asigna=b.c_asigna AND b.exp_e=c.exp_e AND a.pensum=c.pensum AND a.c_uni_ca=c.c_uni_ca  [1][0] OK
C:[07/07/2015 14:52:28.28][172.16.4.254][637] SELECT SUM(u_creditos*1) FROM tblaca009 a, dace006 b, dace002 c WHERE b.exp_e='08-20702007' AND b.status IN ('7','A') AND a.c_asigna=b.c_asigna AND b.exp_e=c.exp_e AND a.pensum=c.pensum AND a.c_uni_ca=c.c_uni_ca  [1][0] OK
C:[15/07/2015 10:02:21.96][172.16.4.241][637] SELECT SUM(u_creditos*1) FROM tblaca009 a, dace006 b, dace002 c WHERE b.exp_e='10-19332865' AND b.status IN ('7','A') AND a.c_asigna=b.c_asigna AND b.exp_e=c.exp_e AND a.pensum=c.pensum AND a.c_uni_ca=c.c_uni_ca  [1][0] OK
C:[15/07/2015 10:02:43.96][172.16.4.241][637] SELECT SUM(u_creditos*1) FROM tblaca009 a, dace006 b, dace002 c WHERE b.exp_e='10-19332865' AND b.status IN ('7','A') AND a.c_asigna=b.c_asigna AND b.exp_e=c.exp_e AND a.pensum=c.pensum AND a.c_uni_ca=c.c_uni_ca  [1][0] OK
C:[15/07/2015 10:08:04.97][172.16.4.241][637] SELECT SUM(u_creditos*1) FROM tblaca009 a, dace006 b, dace002 c WHERE b.exp_e='10-19332865' AND b.status IN ('7','A') AND a.c_asigna=b.c_asigna AND b.exp_e=c.exp_e AND a.pensum=c.pensum AND a.c_uni_ca=c.c_uni_ca  [1][0] OK
C:[15/07/2015 10:09:03.33][172.16.4.241][637] SELECT SUM(u_creditos*1) FROM tblaca009 a, dace006 b, dace002 c WHERE b.exp_e='10-19332865' AND b.status IN ('7','A') AND a.c_asigna=b.c_asigna AND b.exp_e=c.exp_e AND a.pensum=c.pensum AND a.c_uni_ca=c.c_uni_ca  [1][0] OK
C:[15/07/2015 10:10:08.73][172.16.4.241][639] SELECT SUM(u_creditos*1) FROM tblaca009 a, dace006 b, dace002 c WHERE b.exp_e='10-19332865' AND b.status IN ('7','A') AND a.c_asigna=b.c_asigna AND b.exp_e=c.exp_e AND a.pensum=c.pensum AND a.c_uni_ca=c.c_uni_ca  [1][0] OK
C:[15/07/2015 10:14:06.99][172.16.4.241][639] SELECT SUM(u_creditos*1) FROM tblaca009 a, dace006 b, dace002 c WHERE b.exp_e='10-19332865' AND b.status IN ('7','A') AND a.c_asigna=b.c_asigna AND b.exp_e=c.exp_e AND a.pensum=c.pensum AND a.c_uni_ca=c.c_uni_ca  [1][0] OK
C:[15/07/2015 10:24:06.85][172.16.4.241][641] SELECT SUM(u_creditos*1) FROM tblaca009 a, dace006 b, dace002 c WHERE b.exp_e='10-19332865' AND b.status IN ('7','A') AND a.c_asigna=b.c_asigna AND b.exp_e=c.exp_e AND a.pensum=c.pensum AND a.c_uni_ca=c.c_uni_ca  [1][0] OK
C:[15/07/2015 10:25:39.17][172.16.4.241][641] SELECT SUM(u_creditos*1) FROM tblaca009 a, dace006 b, dace002 c WHERE b.exp_e='10-19332865' AND b.status IN ('7','A') AND a.c_asigna=b.c_asigna AND b.exp_e=c.exp_e AND a.pensum=c.pensum AND a.c_uni_ca=c.c_uni_ca  [1][0] OK
C:[15/07/2015 11:33:10.21][172.16.4.241][641] SELECT SUM(u_creditos*1) FROM tblaca009 a, dace006 b, dace002 c WHERE b.exp_e='10-19332865' AND b.status IN ('7','A') AND a.c_asigna=b.c_asigna AND b.exp_e=c.exp_e AND a.pensum=c.pensum AND a.c_uni_ca=c.c_uni_ca  [1][0] OK
C:[22/07/2015 08:16:22.28][172.16.4.254][641] SELECT SUM(u_creditos*1) FROM tblaca009 a, dace006 b, dace002 c WHERE b.exp_e='10-21497694' AND b.status IN ('7','A') AND a.c_asigna=b.c_asigna AND b.exp_e=c.exp_e AND a.pensum=c.pensum AND a.c_uni_ca=c.c_uni_ca  [1][0] OK
C:[22/07/2015 08:16:24.36][172.16.4.254][641] SELECT SUM(u_creditos*1) FROM tblaca009 a, dace006 b, dace002 c WHERE b.exp_e='10-21497694' AND b.status IN ('7','A') AND a.c_asigna=b.c_asigna AND b.exp_e=c.exp_e AND a.pensum=c.pensum AND a.c_uni_ca=c.c_uni_ca  [1][0] OK
C:[22/07/2015 08:41:37.38][172.16.4.254][641] SELECT SUM(u_creditos*1) FROM tblaca009 a, dace006 b, dace002 c WHERE b.exp_e='08-25744115' AND b.status IN ('7','A') AND a.c_asigna=b.c_asigna AND b.exp_e=c.exp_e AND a.pensum=c.pensum AND a.c_uni_ca=c.c_uni_ca  [1][0] OK
C:[22/07/2015 08:52:25.57][172.16.4.254][641] SELECT SUM(u_creditos*1) FROM tblaca009 a, dace006 b, dace002 c WHERE b.exp_e='08-25744115' AND b.status IN ('7','A') AND a.c_asigna=b.c_asigna AND b.exp_e=c.exp_e AND a.pensum=c.pensum AND a.c_uni_ca=c.c_uni_ca  [1][0] OK
C:[23/07/2015 11:26:00.49][172.16.4.254][641] SELECT SUM(u_creditos*1) FROM tblaca009 a, dace006 b, dace002 c WHERE b.exp_e='02-16395317' AND b.status IN ('7','A') AND a.c_asigna=b.c_asigna AND b.exp_e=c.exp_e AND a.pensum=c.pensum AND a.c_uni_ca=c.c_uni_ca  [1][0] OK
C:[30/07/2015 13:27:38.41][172.16.4.254][641] SELECT SUM(u_creditos*1) FROM tblaca009 a, dace006 b, dace002 c WHERE b.exp_e='09-19302520' AND b.status IN ('7','A') AND a.c_asigna=b.c_asigna AND b.exp_e=c.exp_e AND a.pensum=c.pensum AND a.c_uni_ca=c.c_uni_ca  [1][0] OK
C:[30/07/2015 13:37:00.81][172.16.4.254][641] SELECT SUM(u_creditos*1) FROM tblaca009 a, dace006 b, dace002 c WHERE b.exp_e='11-20841035' AND b.status IN ('7','A') AND a.c_asigna=b.c_asigna AND b.exp_e=c.exp_e AND a.pensum=c.pensum AND a.c_uni_ca=c.c_uni_ca  [1][0] OK
C:[30/07/2015 13:43:20.65][172.16.4.254][641] SELECT SUM(u_creditos*1) FROM tblaca009 a, dace006 b, dace002 c WHERE b.exp_e='09-19302520' AND b.status IN ('7','A') AND a.c_asigna=b.c_asigna AND b.exp_e=c.exp_e AND a.pensum=c.pensum AND a.c_uni_ca=c.c_uni_ca  [1][0] OK
C:[03/08/2015 13:20:05.38][172.16.4.254][641] SELECT SUM(u_creditos*1) FROM tblaca009 a, dace006 b, dace002 c WHERE b.exp_e='03-17956872' AND b.status IN ('7','A') AND a.c_asigna=b.c_asigna AND b.exp_e=c.exp_e AND a.pensum=c.pensum AND a.c_uni_ca=c.c_uni_ca  [1][0] OK
C:[04/08/2015 14:47:40.33][172.16.0.133][641] SELECT SUM(u_creditos*1) FROM tblaca009 a, dace006 b, dace002 c WHERE b.exp_e='09-20495480' AND b.status IN ('7','A') AND a.c_asigna=b.c_asigna AND b.exp_e=c.exp_e AND a.pensum=c.pensum AND a.c_uni_ca=c.c_uni_ca  [1][0] OK
C:[05/08/2015 10:33:58.36][172.16.4.254][641] SELECT SUM(u_creditos*1) FROM tblaca009 a, dace006 b, dace002 c WHERE b.exp_e='08-20383619' AND b.status IN ('7','A') AND a.c_asigna=b.c_asigna AND b.exp_e=c.exp_e AND a.pensum=c.pensum AND a.c_uni_ca=c.c_uni_ca  [1][0] OK
C:[13/08/2015 10:13:55.38][172.16.4.254][641] SELECT SUM(u_creditos*1) FROM tblaca009 a, dace006 b, dace002 c WHERE b.exp_e='08-19622086' AND b.status IN ('7','A') AND a.c_asigna=b.c_asigna AND b.exp_e=c.exp_e AND a.pensum=c.pensum AND a.c_uni_ca=c.c_uni_ca  [1][0] OK
C:[26/08/2015 10:36:16.80][172.16.4.254][641] SELECT SUM(u_creditos*1) FROM tblaca009 a, dace006 b, dace002 c WHERE b.exp_e='09-20557115' AND b.status IN ('7','A') AND a.c_asigna=b.c_asigna AND b.exp_e=c.exp_e AND a.pensum=c.pensum AND a.c_uni_ca=c.c_uni_ca  [1][0] OK
C:[31/08/2015 09:56:55.57][172.16.4.247][641] SELECT SUM(u_creditos*1) FROM tblaca009 a, dace006 b, dace002 c WHERE b.exp_e='05-18515880' AND b.status IN ('7','A') AND a.c_asigna=b.c_asigna AND b.exp_e=c.exp_e AND a.pensum=c.pensum AND a.c_uni_ca=c.c_uni_ca  [1][0] OK
C:[31/08/2015 10:17:37.79][172.16.4.241][641] SELECT SUM(u_creditos*1) FROM tblaca009 a, dace006 b, dace002 c WHERE b.exp_e='05-18515880' AND b.status IN ('7','A') AND a.c_asigna=b.c_asigna AND b.exp_e=c.exp_e AND a.pensum=c.pensum AND a.c_uni_ca=c.c_uni_ca  [1][0] OK
C:[01/09/2015 14:45:38.02][172.16.4.109][641] SELECT SUM(u_creditos*1) FROM tblaca009 a, dace006 b, dace002 c WHERE b.exp_e='08-20702007' AND b.status IN ('7','A') AND a.c_asigna=b.c_asigna AND b.exp_e=c.exp_e AND a.pensum=c.pensum AND a.c_uni_ca=c.c_uni_ca  [1][0] OK
C:[23/09/2015 08:45:33.75][172.16.4.244][641] SELECT SUM(u_creditos*1) FROM tblaca009 a, dace006 b, dace002 c WHERE b.exp_e='11-21380017' AND b.status IN ('7','A') AND a.c_asigna=b.c_asigna AND b.exp_e=c.exp_e AND a.pensum=c.pensum AND a.c_uni_ca=c.c_uni_ca  [1][0] OK
C:[23/09/2015 11:25:41.46][172.16.4.254][641] SELECT SUM(u_creditos*1) FROM tblaca009 a, dace006 b, dace002 c WHERE b.exp_e='10-21497657' AND b.status IN ('7','A') AND a.c_asigna=b.c_asigna AND b.exp_e=c.exp_e AND a.pensum=c.pensum AND a.c_uni_ca=c.c_uni_ca  [1][0] OK
C:[23/09/2015 11:35:35.17][172.16.4.254][641] SELECT SUM(u_creditos*1) FROM tblaca009 a, dace006 b, dace002 c WHERE b.exp_e='10-21497657' AND b.status IN ('7','A') AND a.c_asigna=b.c_asigna AND b.exp_e=c.exp_e AND a.pensum=c.pensum AND a.c_uni_ca=c.c_uni_ca  [1][0] OK
C:[23/09/2015 11:40:32.31][172.16.4.254][641] SELECT SUM(u_creditos*1) FROM tblaca009 a, dace006 b, dace002 c WHERE b.exp_e='10-21497657' AND b.status IN ('7','A') AND a.c_asigna=b.c_asigna AND b.exp_e=c.exp_e AND a.pensum=c.pensum AND a.c_uni_ca=c.c_uni_ca  [1][0] OK
C:[20/10/2015 11:09:32.44][172.16.4.234][641] SELECT SUM(u_creditos*1) FROM tblaca009 a, dace006 b, dace002 c WHERE b.exp_e='11-25511541' AND b.status IN ('7','A') AND a.c_asigna=b.c_asigna AND b.exp_e=c.exp_e AND a.pensum=c.pensum AND a.c_uni_ca=c.c_uni_ca  [1][0] OK
C:[26/10/2015 11:47:31.90][172.16.4.254][641] SELECT SUM(u_creditos*1) FROM tblaca009 a, dace006 b, dace002 c WHERE b.exp_e='11-24412340' AND b.status IN ('7','A') AND a.c_asigna=b.c_asigna AND b.exp_e=c.exp_e AND a.pensum=c.pensum AND a.c_uni_ca=c.c_uni_ca  [1][0] OK
C:[26/10/2015 11:52:27.63][172.16.4.254][641] SELECT SUM(u_creditos*1) FROM tblaca009 a, dace006 b, dace002 c WHERE b.exp_e='14-25446030' AND b.status IN ('7','A') AND a.c_asigna=b.c_asigna AND b.exp_e=c.exp_e AND a.pensum=c.pensum AND a.c_uni_ca=c.c_uni_ca  [1][0] OK
C:[26/10/2015 12:10:04.78][172.16.4.254][641] SELECT SUM(u_creditos*1) FROM tblaca009 a, dace006 b, dace002 c WHERE b.exp_e='11-24412340' AND b.status IN ('7','A') AND a.c_asigna=b.c_asigna AND b.exp_e=c.exp_e AND a.pensum=c.pensum AND a.c_uni_ca=c.c_uni_ca  [1][0] OK
C:[03/11/2015 10:02:58.18][172.16.4.254][641] SELECT SUM(u_creditos*1) FROM tblaca009 a, dace006 b, dace002 c WHERE b.exp_e='11-23551152' AND b.status IN ('7','A') AND a.c_asigna=b.c_asigna AND b.exp_e=c.exp_e AND a.pensum=c.pensum AND a.c_uni_ca=c.c_uni_ca  [1][0] OK
C:[03/11/2015 13:58:20.14][172.16.4.254][641] SELECT SUM(u_creditos*1) FROM tblaca009 a, dace006 b, dace002 c WHERE b.exp_e='11-24559886' AND b.status IN ('7','A') AND a.c_asigna=b.c_asigna AND b.exp_e=c.exp_e AND a.pensum=c.pensum AND a.c_uni_ca=c.c_uni_ca  [1][0] OK
C:[04/11/2015 09:56:13.18][172.16.4.254][641] SELECT SUM(u_creditos*1) FROM tblaca009 a, dace006 b, dace002 c WHERE b.exp_e='10-22816198' AND b.status IN ('7','A') AND a.c_asigna=b.c_asigna AND b.exp_e=c.exp_e AND a.pensum=c.pensum AND a.c_uni_ca=c.c_uni_ca  [1][0] OK
C:[04/11/2015 10:00:03.24][172.16.4.254][641] SELECT SUM(u_creditos*1) FROM tblaca009 a, dace006 b, dace002 c WHERE b.exp_e='10-22816198' AND b.status IN ('7','A') AND a.c_asigna=b.c_asigna AND b.exp_e=c.exp_e AND a.pensum=c.pensum AND a.c_uni_ca=c.c_uni_ca  [1][0] OK
C:[09/11/2015 15:37:24.92][172.16.1.153][641] SELECT SUM(u_creditos*1) FROM tblaca009 a, dace006 b, dace002 c WHERE b.exp_e='08-19719511' AND b.status IN ('7','A') AND a.c_asigna=b.c_asigna AND b.exp_e=c.exp_e AND a.pensum=c.pensum AND a.c_uni_ca=c.c_uni_ca  [1][0] OK
C:[12/11/2015 11:07:43.21][172.16.4.254][641] SELECT SUM(u_creditos*1) FROM tblaca009 a, dace006 b, dace002 c WHERE b.exp_e='11-24037113' AND b.status IN ('7','A') AND a.c_asigna=b.c_asigna AND b.exp_e=c.exp_e AND a.pensum=c.pensum AND a.c_uni_ca=c.c_uni_ca  [1][0] OK
C:[20/11/2015 09:51:37.30][172.16.4.254][641] SELECT SUM(u_creditos*1) FROM tblaca009 a, dace006 b, dace002 c WHERE b.exp_e='10-25003489' AND b.status IN ('7','A') AND a.c_asigna=b.c_asigna AND b.exp_e=c.exp_e AND a.pensum=c.pensum AND a.c_uni_ca=c.c_uni_ca  [1][0] OK
C:[20/11/2015 09:58:20.16][172.16.4.254][641] SELECT SUM(u_creditos*1) FROM tblaca009 a, dace006 b, dace002 c WHERE b.exp_e='10-25003489' AND b.status IN ('7','A') AND a.c_asigna=b.c_asigna AND b.exp_e=c.exp_e AND a.pensum=c.pensum AND a.c_uni_ca=c.c_uni_ca  [1][0] OK
C:[23/11/2015 17:12:58.95][172.16.4.254][641] SELECT SUM(u_creditos*1) FROM tblaca009 a, dace006 b, dace002 c WHERE b.exp_e='11-21341448' AND b.status IN ('7','A') AND a.c_asigna=b.c_asigna AND b.exp_e=c.exp_e AND a.pensum=c.pensum AND a.c_uni_ca=c.c_uni_ca  [1][0] OK
C:[24/11/2015 08:24:13.53][172.16.4.244][641] SELECT SUM(u_creditos*1) FROM tblaca009 a, dace006 b, dace002 c WHERE b.exp_e='12-26129131' AND b.status IN ('7','A') AND a.c_asigna=b.c_asigna AND b.exp_e=c.exp_e AND a.pensum=c.pensum AND a.c_uni_ca=c.c_uni_ca  [1][0] OK
C:[05/02/2016 09:22:57.72][172.16.4.254][641] SELECT SUM(u_creditos*1) FROM tblaca009 a, dace006 b, dace002 c WHERE b.exp_e='11-22813013' AND b.status IN ('7','A') AND a.c_asigna=b.c_asigna AND b.exp_e=c.exp_e AND a.pensum=c.pensum AND a.c_uni_ca=c.c_uni_ca  [1][0] OK
C:[05/02/2016 09:25:06.25][172.16.4.254][641] SELECT SUM(u_creditos*1) FROM tblaca009 a, dace006 b, dace002 c WHERE b.exp_e='11-22813013' AND b.status IN ('7','A') AND a.c_asigna=b.c_asigna AND b.exp_e=c.exp_e AND a.pensum=c.pensum AND a.c_uni_ca=c.c_uni_ca  [1][0] OK
C:[05/02/2016 09:50:24.64][172.16.4.244][641] SELECT SUM(u_creditos*1) FROM tblaca009 a, dace006 b, dace002 c WHERE b.exp_e='00-15276303' AND b.status IN ('7','A') AND a.c_asigna=b.c_asigna AND b.exp_e=c.exp_e AND a.pensum=c.pensum AND a.c_uni_ca=c.c_uni_ca  [1][0] OK
C:[22/02/2016 11:30:16.56][172.16.4.254][641] SELECT SUM(u_creditos*1) FROM tblaca009 a, dace006 b, dace002 c WHERE b.exp_e='08-21017384' AND b.status IN ('7','A') AND a.c_asigna=b.c_asigna AND b.exp_e=c.exp_e AND a.pensum=c.pensum AND a.c_uni_ca=c.c_uni_ca  [1][0] OK
C:[23/02/2016 08:18:19.71][172.16.4.254][641] SELECT SUM(u_creditos*1) FROM tblaca009 a, dace006 b, dace002 c WHERE b.exp_e='10-23501443' AND b.status IN ('7','A') AND a.c_asigna=b.c_asigna AND b.exp_e=c.exp_e AND a.pensum=c.pensum AND a.c_uni_ca=c.c_uni_ca  [1][0] OK
C:[03/03/2016 11:32:36.12][172.16.4.40][641] SELECT SUM(u_creditos*1) FROM tblaca009 a, dace006 b, dace002 c WHERE b.exp_e='08-20037636' AND b.status IN ('7','A') AND a.c_asigna=b.c_asigna AND b.exp_e=c.exp_e AND a.pensum=c.pensum AND a.c_uni_ca=c.c_uni_ca  [1][0] OK
C:[09/03/2016 10:50:59.91][172.16.4.244][641] SELECT SUM(u_creditos*1) FROM tblaca009 a, dace006 b, dace002 c WHERE b.exp_e='11-23551152' AND b.status IN ('7','A') AND a.c_asigna=b.c_asigna AND b.exp_e=c.exp_e AND a.pensum=c.pensum AND a.c_uni_ca=c.c_uni_ca  [1][0] OK
C:[09/03/2016 10:52:35.95][172.16.4.244][641] SELECT SUM(u_creditos*1) FROM tblaca009 a, dace006 b, dace002 c WHERE b.exp_e='11-23551152' AND b.status IN ('7','A') AND a.c_asigna=b.c_asigna AND b.exp_e=c.exp_e AND a.pensum=c.pensum AND a.c_uni_ca=c.c_uni_ca  [1][0] OK
C:[15/03/2016 09:51:26.73][172.16.4.254][641] SELECT SUM(u_creditos*1) FROM tblaca009 a, dace006 b, dace002 c WHERE b.exp_e='10-20224365' AND b.status IN ('7','A') AND a.c_asigna=b.c_asigna AND b.exp_e=c.exp_e AND a.pensum=c.pensum AND a.c_uni_ca=c.c_uni_ca  [1][0] OK
C:[15/03/2016 10:59:33.93][172.16.4.254][641] SELECT SUM(u_creditos*1) FROM tblaca009 a, dace006 b, dace002 c WHERE b.exp_e='10-24133011' AND b.status IN ('7','A') AND a.c_asigna=b.c_asigna AND b.exp_e=c.exp_e AND a.pensum=c.pensum AND a.c_uni_ca=c.c_uni_ca  [1][0] OK
C:[31/03/2016 08:02:46.30][172.16.4.254][641] SELECT SUM(u_creditos*1) FROM tblaca009 a, dace006 b, dace002 c WHERE b.exp_e='11-20841035' AND b.status IN ('7','A') AND a.c_asigna=b.c_asigna AND b.exp_e=c.exp_e AND a.pensum=c.pensum AND a.c_uni_ca=c.c_uni_ca  [1][0] OK
C:[31/03/2016 08:03:46.34][172.16.4.254][641] SELECT SUM(u_creditos*1) FROM tblaca009 a, dace006 b, dace002 c WHERE b.exp_e='11-20841035' AND b.status IN ('7','A') AND a.c_asigna=b.c_asigna AND b.exp_e=c.exp_e AND a.pensum=c.pensum AND a.c_uni_ca=c.c_uni_ca  [1][0] OK
C:[31/03/2016 08:04:40.09][172.16.4.254][641] SELECT SUM(u_creditos*1) FROM tblaca009 a, dace006 b, dace002 c WHERE b.exp_e='11-20841035' AND b.status IN ('7','A') AND a.c_asigna=b.c_asigna AND b.exp_e=c.exp_e AND a.pensum=c.pensum AND a.c_uni_ca=c.c_uni_ca  [1][0] OK
C:[31/03/2016 08:05:44.94][172.16.4.254][641] SELECT SUM(u_creditos*1) FROM tblaca009 a, dace006 b, dace002 c WHERE b.exp_e='11-20841035' AND b.status IN ('7','A') AND a.c_asigna=b.c_asigna AND b.exp_e=c.exp_e AND a.pensum=c.pensum AND a.c_uni_ca=c.c_uni_ca  [1][0] OK
C:[31/03/2016 08:06:58.88][172.16.4.254][641] SELECT SUM(u_creditos*1) FROM tblaca009 a, dace006 b, dace002 c WHERE b.exp_e='11-20841035' AND b.status IN ('7','A') AND a.c_asigna=b.c_asigna AND b.exp_e=c.exp_e AND a.pensum=c.pensum AND a.c_uni_ca=c.c_uni_ca  [1][0] OK
C:[31/03/2016 08:09:55.86][172.16.4.254][641] SELECT SUM(u_creditos*1) FROM tblaca009 a, dace006 b, dace002 c WHERE b.exp_e='11-20841035' AND b.status IN ('7','A') AND a.c_asigna=b.c_asigna AND b.exp_e=c.exp_e AND a.pensum=c.pensum AND a.c_uni_ca=c.c_uni_ca  [1][0] OK
C:[31/03/2016 08:11:41.86][172.16.4.254][641] SELECT SUM(u_creditos*1) FROM tblaca009 a, dace006 b, dace002 c WHERE b.exp_e='11-20841035' AND b.status IN ('7','A') AND a.c_asigna=b.c_asigna AND b.exp_e=c.exp_e AND a.pensum=c.pensum AND a.c_uni_ca=c.c_uni_ca  [1][0] OK
C:[31/03/2016 08:12:39.50][172.16.4.254][641] SELECT SUM(u_creditos*1) FROM tblaca009 a, dace006 b, dace002 c WHERE b.exp_e='11-20841035' AND b.status IN ('7','A') AND a.c_asigna=b.c_asigna AND b.exp_e=c.exp_e AND a.pensum=c.pensum AND a.c_uni_ca=c.c_uni_ca  [1][0] OK
C:[20/04/2016 10:43:04.04][172.16.4.254][641] SELECT SUM(u_creditos*1) FROM tblaca009 a, dace006 b, dace002 c WHERE b.exp_e='07-19157504' AND b.status IN ('7','A') AND a.c_asigna=b.c_asigna AND b.exp_e=c.exp_e AND a.pensum=c.pensum AND a.c_uni_ca=c.c_uni_ca  [1][0] OK
C:[20/04/2016 10:44:23.25][172.16.4.254][641] SELECT SUM(u_creditos*1) FROM tblaca009 a, dace006 b, dace002 c WHERE b.exp_e='07-19157504' AND b.status IN ('7','A') AND a.c_asigna=b.c_asigna AND b.exp_e=c.exp_e AND a.pensum=c.pensum AND a.c_uni_ca=c.c_uni_ca  [1][0] OK
C:[20/04/2016 10:45:59.51][172.16.4.254][641] SELECT SUM(u_creditos*1) FROM tblaca009 a, dace006 b, dace002 c WHERE b.exp_e='07-19157504' AND b.status IN ('7','A') AND a.c_asigna=b.c_asigna AND b.exp_e=c.exp_e AND a.pensum=c.pensum AND a.c_uni_ca=c.c_uni_ca  [1][0] OK
C:[20/04/2016 10:47:15.88][172.16.4.254][641] SELECT SUM(u_creditos*1) FROM tblaca009 a, dace006 b, dace002 c WHERE b.exp_e='11-25085346' AND b.status IN ('7','A') AND a.c_asigna=b.c_asigna AND b.exp_e=c.exp_e AND a.pensum=c.pensum AND a.c_uni_ca=c.c_uni_ca  [1][0] OK
C:[20/04/2016 11:27:44.02][172.16.4.254][641] SELECT SUM(u_creditos*1) FROM tblaca009 a, dace006 b, dace002 c WHERE b.exp_e='11-21248873' AND b.status IN ('7','A') AND a.c_asigna=b.c_asigna AND b.exp_e=c.exp_e AND a.pensum=c.pensum AND a.c_uni_ca=c.c_uni_ca  [1][0] OK
C:[26/04/2016 11:03:46.36][172.16.4.254][642] SELECT SUM(u_creditos*1) FROM tblaca009 a, dace006 b, dace002 c WHERE b.exp_e='11-26326184' AND b.status IN ('7','A') AND a.c_asigna=b.c_asigna AND b.exp_e=c.exp_e AND a.pensum=c.pensum AND a.c_uni_ca=c.c_uni_ca  [1][0] OK
C:[27/04/2016 11:25:18.33][172.16.4.254][766] SELECT SUM(u_creditos*1) FROM tblaca009 a, dace006 b, dace002 c WHERE b.exp_e='10-21497694' AND b.status IN ('7','A') AND a.c_asigna=b.c_asigna AND b.exp_e=c.exp_e AND a.pensum=c.pensum AND a.c_uni_ca=c.c_uni_ca  [1][0] OK
C:[27/04/2016 11:32:13.10][172.16.4.254][766] SELECT SUM(u_creditos*1) FROM tblaca009 a, dace006 b, dace002 c WHERE b.exp_e='10-21497694' AND b.status IN ('7','A') AND a.c_asigna=b.c_asigna AND b.exp_e=c.exp_e AND a.pensum=c.pensum AND a.c_uni_ca=c.c_uni_ca  [1][0] OK
C:[29/04/2016 08:36:28.47][172.16.4.254][766] SELECT SUM(u_creditos*1) FROM tblaca009 a, dace006 b, dace002 c WHERE b.exp_e='08-20840478' AND b.status IN ('7','A') AND a.c_asigna=b.c_asigna AND b.exp_e=c.exp_e AND a.pensum=c.pensum AND a.c_uni_ca=c.c_uni_ca  [1][0] OK
C:[29/04/2016 08:37:41.76][172.16.4.254][766] SELECT SUM(u_creditos*1) FROM tblaca009 a, dace006 b, dace002 c WHERE b.exp_e='08-20840478' AND b.status IN ('7','A') AND a.c_asigna=b.c_asigna AND b.exp_e=c.exp_e AND a.pensum=c.pensum AND a.c_uni_ca=c.c_uni_ca  [1][0] OK
C:[09/05/2016 16:32:14.29][172.16.0.136][766] SELECT SUM(u_creditos*1) FROM tblaca009 a, dace006 b, dace002 c WHERE b.exp_e='09-20886941' AND b.status IN ('7','A') AND a.c_asigna=b.c_asigna AND b.exp_e=c.exp_e AND a.pensum=c.pensum AND a.c_uni_ca=c.c_uni_ca  [1][0] OK
C:[17/05/2016 10:30:29.01][172.16.4.254][766] SELECT SUM(u_creditos*1) FROM tblaca009 a, dace006 b, dace002 c WHERE b.exp_e='08-20506740' AND b.status IN ('7','A') AND a.c_asigna=b.c_asigna AND b.exp_e=c.exp_e AND a.pensum=c.pensum AND a.c_uni_ca=c.c_uni_ca  [1][0] OK
C:[17/05/2016 11:35:51.83][172.16.4.254][766] SELECT SUM(u_creditos*1) FROM tblaca009 a, dace006 b, dace002 c WHERE b.exp_e='09-20882857' AND b.status IN ('7','A') AND a.c_asigna=b.c_asigna AND b.exp_e=c.exp_e AND a.pensum=c.pensum AND a.c_uni_ca=c.c_uni_ca  [1][0] OK
C:[17/05/2016 11:36:59.16][172.16.4.254][766] SELECT SUM(u_creditos*1) FROM tblaca009 a, dace006 b, dace002 c WHERE b.exp_e='09-20882857' AND b.status IN ('7','A') AND a.c_asigna=b.c_asigna AND b.exp_e=c.exp_e AND a.pensum=c.pensum AND a.c_uni_ca=c.c_uni_ca  [1][0] OK
C:[17/05/2016 11:40:08.05][172.16.4.254][766] SELECT SUM(u_creditos*1) FROM tblaca009 a, dace006 b, dace002 c WHERE b.exp_e='09-20882857' AND b.status IN ('7','A') AND a.c_asigna=b.c_asigna AND b.exp_e=c.exp_e AND a.pensum=c.pensum AND a.c_uni_ca=c.c_uni_ca  [1][0] OK
C:[17/05/2016 11:44:51.98][172.16.4.254][766] SELECT SUM(u_creditos*1) FROM tblaca009 a, dace006 b, dace002 c WHERE b.exp_e='09-20882857' AND b.status IN ('7','A') AND a.c_asigna=b.c_asigna AND b.exp_e=c.exp_e AND a.pensum=c.pensum AND a.c_uni_ca=c.c_uni_ca  [1][0] OK
C:[17/05/2016 11:46:39.27][172.16.4.254][766] SELECT SUM(u_creditos*1) FROM tblaca009 a, dace006 b, dace002 c WHERE b.exp_e='09-20882857' AND b.status IN ('7','A') AND a.c_asigna=b.c_asigna AND b.exp_e=c.exp_e AND a.pensum=c.pensum AND a.c_uni_ca=c.c_uni_ca  [1][0] OK
C:[17/05/2016 11:48:15.47][172.16.4.254][766] SELECT SUM(u_creditos*1) FROM tblaca009 a, dace006 b, dace002 c WHERE b.exp_e='09-20882857' AND b.status IN ('7','A') AND a.c_asigna=b.c_asigna AND b.exp_e=c.exp_e AND a.pensum=c.pensum AND a.c_uni_ca=c.c_uni_ca  [1][0] OK
C:[17/05/2016 11:51:54.63][172.16.4.254][766] SELECT SUM(u_creditos*1) FROM tblaca009 a, dace006 b, dace002 c WHERE b.exp_e='09-20882857' AND b.status IN ('7','A') AND a.c_asigna=b.c_asigna AND b.exp_e=c.exp_e AND a.pensum=c.pensum AND a.c_uni_ca=c.c_uni_ca  [1][0] OK
C:[17/05/2016 11:53:06.26][172.16.4.254][766] SELECT SUM(u_creditos*1) FROM tblaca009 a, dace006 b, dace002 c WHERE b.exp_e='09-20882857' AND b.status IN ('7','A') AND a.c_asigna=b.c_asigna AND b.exp_e=c.exp_e AND a.pensum=c.pensum AND a.c_uni_ca=c.c_uni_ca  [1][0] OK
C:[17/05/2016 11:59:41.81][172.16.4.254][766] SELECT SUM(u_creditos*1) FROM tblaca009 a, dace006 b, dace002 c WHERE b.exp_e='09-20882857' AND b.status IN ('7','A') AND a.c_asigna=b.c_asigna AND b.exp_e=c.exp_e AND a.pensum=c.pensum AND a.c_uni_ca=c.c_uni_ca  [1][0] OK
C:[17/05/2016 12:07:15.71][172.16.4.254][766] SELECT SUM(u_creditos*1) FROM tblaca009 a, dace006 b, dace002 c WHERE b.exp_e='09-20882857' AND b.status IN ('7','A') AND a.c_asigna=b.c_asigna AND b.exp_e=c.exp_e AND a.pensum=c.pensum AND a.c_uni_ca=c.c_uni_ca  [1][0] OK
C:[17/05/2016 12:10:42.24][172.16.4.254][766] SELECT SUM(u_creditos*1) FROM tblaca009 a, dace006 b, dace002 c WHERE b.exp_e='09-20882857' AND b.status IN ('7','A') AND a.c_asigna=b.c_asigna AND b.exp_e=c.exp_e AND a.pensum=c.pensum AND a.c_uni_ca=c.c_uni_ca  [1][0] OK
C:[17/05/2016 12:12:59.31][172.16.4.254][766] SELECT SUM(u_creditos*1) FROM tblaca009 a, dace006 b, dace002 c WHERE b.exp_e='09-20882857' AND b.status IN ('7','A') AND a.c_asigna=b.c_asigna AND b.exp_e=c.exp_e AND a.pensum=c.pensum AND a.c_uni_ca=c.c_uni_ca  [1][0] OK
C:[18/05/2016 08:27:20.47][172.16.4.254][766] SELECT SUM(u_creditos*1) FROM tblaca009 a, dace006 b, dace002 c WHERE b.exp_e='11-25124013' AND b.status IN ('7','A') AND a.c_asigna=b.c_asigna AND b.exp_e=c.exp_e AND a.pensum=c.pensum AND a.c_uni_ca=c.c_uni_ca  [1][0] OK
C:[24/05/2016 09:10:33.32][172.16.4.254][766] SELECT SUM(u_creditos*1) FROM tblaca009 a, dace006 b, dace002 c WHERE b.exp_e='12-21088599' AND b.status IN ('7','A') AND a.c_asigna=b.c_asigna AND b.exp_e=c.exp_e AND a.pensum=c.pensum AND a.c_uni_ca=c.c_uni_ca  [1][0] OK
C:[24/05/2016 09:12:29.20][172.16.4.254][766] SELECT SUM(u_creditos*1) FROM tblaca009 a, dace006 b, dace002 c WHERE b.exp_e='12-21088599' AND b.status IN ('7','A') AND a.c_asigna=b.c_asigna AND b.exp_e=c.exp_e AND a.pensum=c.pensum AND a.c_uni_ca=c.c_uni_ca  [1][0] OK
C:[24/05/2016 09:13:43.61][172.16.4.254][766] SELECT SUM(u_creditos*1) FROM tblaca009 a, dace006 b, dace002 c WHERE b.exp_e='12-21088599' AND b.status IN ('7','A') AND a.c_asigna=b.c_asigna AND b.exp_e=c.exp_e AND a.pensum=c.pensum AND a.c_uni_ca=c.c_uni_ca  [1][0] OK
C:[24/05/2016 09:14:41.81][172.16.4.254][766] SELECT SUM(u_creditos*1) FROM tblaca009 a, dace006 b, dace002 c WHERE b.exp_e='12-21088599' AND b.status IN ('7','A') AND a.c_asigna=b.c_asigna AND b.exp_e=c.exp_e AND a.pensum=c.pensum AND a.c_uni_ca=c.c_uni_ca  [1][0] OK
C:[24/05/2016 09:17:25.01][172.16.4.254][766] SELECT SUM(u_creditos*1) FROM tblaca009 a, dace006 b, dace002 c WHERE b.exp_e='12-21088599' AND b.status IN ('7','A') AND a.c_asigna=b.c_asigna AND b.exp_e=c.exp_e AND a.pensum=c.pensum AND a.c_uni_ca=c.c_uni_ca  [1][0] OK
C:[24/05/2016 09:18:43.64][172.16.4.254][766] SELECT SUM(u_creditos*1) FROM tblaca009 a, dace006 b, dace002 c WHERE b.exp_e='12-21088599' AND b.status IN ('7','A') AND a.c_asigna=b.c_asigna AND b.exp_e=c.exp_e AND a.pensum=c.pensum AND a.c_uni_ca=c.c_uni_ca  [1][0] OK
C:[27/05/2016 09:57:34.46][172.16.0.230][766] SELECT SUM(u_creditos*1) FROM tblaca009 a, dace006 b, dace002 c WHERE b.exp_e='10-20804226' AND b.status IN ('7','A') AND a.c_asigna=b.c_asigna AND b.exp_e=c.exp_e AND a.pensum=c.pensum AND a.c_uni_ca=c.c_uni_ca  [1][0] OK
C:[06/06/2016 09:46:13.70][172.16.4.254][766] SELECT SUM(u_creditos*1) FROM tblaca009 a, dace006 b, dace002 c WHERE b.exp_e='11-20841035' AND b.status IN ('7','A') AND a.c_asigna=b.c_asigna AND b.exp_e=c.exp_e AND a.pensum=c.pensum AND a.c_uni_ca=c.c_uni_ca  [1][0] OK
C:[06/06/2016 09:48:28.99][172.16.4.254][766] SELECT SUM(u_creditos*1) FROM tblaca009 a, dace006 b, dace002 c WHERE b.exp_e='11-20841035' AND b.status IN ('7','A') AND a.c_asigna=b.c_asigna AND b.exp_e=c.exp_e AND a.pensum=c.pensum AND a.c_uni_ca=c.c_uni_ca  [1][0] OK
C:[06/06/2016 09:49:23.12][172.16.4.254][766] SELECT SUM(u_creditos*1) FROM tblaca009 a, dace006 b, dace002 c WHERE b.exp_e='11-20841035' AND b.status IN ('7','A') AND a.c_asigna=b.c_asigna AND b.exp_e=c.exp_e AND a.pensum=c.pensum AND a.c_uni_ca=c.c_uni_ca  [1][0] OK
C:[22/07/2016 10:19:08.61][172.16.4.254][766] SELECT SUM(u_creditos*1) FROM tblaca009 a, dace006 b, dace002 c WHERE b.exp_e='06-18666838' AND b.status IN ('7','A') AND a.c_asigna=b.c_asigna AND b.exp_e=c.exp_e AND a.pensum=c.pensum AND a.c_uni_ca=c.c_uni_ca  [1][0] OK
C:[29/07/2016 09:44:58.35][172.16.4.254][766] SELECT SUM(u_creditos*1) FROM tblaca009 a, dace006 b, dace002 c WHERE b.exp_e='09-19420337' AND b.status IN ('7','A') AND a.c_asigna=b.c_asigna AND b.exp_e=c.exp_e AND a.pensum=c.pensum AND a.c_uni_ca=c.c_uni_ca  [1][0] OK
C:[29/07/2016 09:46:31.32][172.16.4.254][766] SELECT SUM(u_creditos*1) FROM tblaca009 a, dace006 b, dace002 c WHERE b.exp_e='09-19420337' AND b.status IN ('7','A') AND a.c_asigna=b.c_asigna AND b.exp_e=c.exp_e AND a.pensum=c.pensum AND a.c_uni_ca=c.c_uni_ca  [1][0] OK
C:[29/07/2016 09:49:00.87][172.16.4.254][766] SELECT SUM(u_creditos*1) FROM tblaca009 a, dace006 b, dace002 c WHERE b.exp_e='09-19420337' AND b.status IN ('7','A') AND a.c_asigna=b.c_asigna AND b.exp_e=c.exp_e AND a.pensum=c.pensum AND a.c_uni_ca=c.c_uni_ca  [1][0] OK
C:[29/07/2016 09:56:28.88][172.16.4.254][766] SELECT SUM(u_creditos*1) FROM tblaca009 a, dace006 b, dace002 c WHERE b.exp_e='09-19420337' AND b.status IN ('7','A') AND a.c_asigna=b.c_asigna AND b.exp_e=c.exp_e AND a.pensum=c.pensum AND a.c_uni_ca=c.c_uni_ca  [1][0] OK
C:[23/08/2016 11:22:39.81][172.16.1.79][766] SELECT SUM(u_creditos*1) FROM tblaca009 a, dace006 b, dace002 c WHERE b.exp_e='11-20137911' AND b.status IN ('7','A') AND a.c_asigna=b.c_asigna AND b.exp_e=c.exp_e AND a.pensum=c.pensum AND a.c_uni_ca=c.c_uni_ca  [1][0] OK
C:[30/08/2016 12:56:53.79][172.16.1.137][766] SELECT SUM(u_creditos*1) FROM tblaca009 a, dace006 b, dace002 c WHERE b.exp_e='10-24847597' AND b.status IN ('7','A') AND a.c_asigna=b.c_asigna AND b.exp_e=c.exp_e AND a.pensum=c.pensum AND a.c_uni_ca=c.c_uni_ca  [1][0] OK
C:[05/09/2016 11:02:32.87][172.16.4.109][766] SELECT SUM(u_creditos*1) FROM tblaca009 a, dace006 b, dace002 c WHERE b.exp_e='07-19159177' AND b.status IN ('7','A') AND a.c_asigna=b.c_asigna AND b.exp_e=c.exp_e AND a.pensum=c.pensum AND a.c_uni_ca=c.c_uni_ca  [1][0] OK
C:[05/09/2016 11:08:02.18][172.16.4.109][766] SELECT SUM(u_creditos*1) FROM tblaca009 a, dace006 b, dace002 c WHERE b.exp_e='07-19159177' AND b.status IN ('7','A') AND a.c_asigna=b.c_asigna AND b.exp_e=c.exp_e AND a.pensum=c.pensum AND a.c_uni_ca=c.c_uni_ca  [1][0] OK
C:[05/09/2016 11:10:57.42][172.16.4.109][766] SELECT SUM(u_creditos*1) FROM tblaca009 a, dace006 b, dace002 c WHERE b.exp_e='07-19159177' AND b.status IN ('7','A') AND a.c_asigna=b.c_asigna AND b.exp_e=c.exp_e AND a.pensum=c.pensum AND a.c_uni_ca=c.c_uni_ca  [1][0] OK
C:[08/09/2016 11:16:29.86][172.16.0.141][766] SELECT SUM(u_creditos*1) FROM tblaca009 a, dace006 b, dace002 c WHERE b.exp_e='10-21250935' AND b.status IN ('7','A') AND a.c_asigna=b.c_asigna AND b.exp_e=c.exp_e AND a.pensum=c.pensum AND a.c_uni_ca=c.c_uni_ca  [1][0] OK
C:[12/09/2016 09:45:20.78][172.16.1.5][766] SELECT SUM(u_creditos*1) FROM tblaca009 a, dace006 b, dace002 c WHERE b.exp_e='11-20841035' AND b.status IN ('7','A') AND a.c_asigna=b.c_asigna AND b.exp_e=c.exp_e AND a.pensum=c.pensum AND a.c_uni_ca=c.c_uni_ca  [1][0] OK
C:[14/09/2016 13:01:42.82][172.16.4.254][766] SELECT SUM(u_creditos*1) FROM tblaca009 a, dace006 b, dace002 c WHERE b.exp_e='12-25745349' AND b.status IN ('7','A') AND a.c_asigna=b.c_asigna AND b.exp_e=c.exp_e AND a.pensum=c.pensum AND a.c_uni_ca=c.c_uni_ca  [1][0] OK
C:[22/09/2016 09:22:54.79][172.16.4.254][766] SELECT SUM(u_creditos*1) FROM tblaca009 a, dace006 b, dace002 c WHERE b.exp_e='11-24559532' AND b.status IN ('7','A') AND a.c_asigna=b.c_asigna AND b.exp_e=c.exp_e AND a.pensum=c.pensum AND a.c_uni_ca=c.c_uni_ca  [1][0] OK
C:[22/09/2016 18:00:43.51][172.16.4.254][766] SELECT SUM(u_creditos*1) FROM tblaca009 a, dace006 b, dace002 c WHERE b.exp_e='07-18667037' AND b.status IN ('7','A') AND a.c_asigna=b.c_asigna AND b.exp_e=c.exp_e AND a.pensum=c.pensum AND a.c_uni_ca=c.c_uni_ca  [1][0] OK
C:[27/09/2016 09:41:03.33][172.16.4.254][766] SELECT SUM(u_creditos*1) FROM tblaca009 a, dace006 b, dace002 c WHERE b.exp_e='09-18170983' AND b.status IN ('7','A') AND a.c_asigna=b.c_asigna AND b.exp_e=c.exp_e AND a.pensum=c.pensum AND a.c_uni_ca=c.c_uni_ca  [1][0] OK
C:[27/09/2016 09:42:23.85][172.16.4.254][766] SELECT SUM(u_creditos*1) FROM tblaca009 a, dace006 b, dace002 c WHERE b.exp_e='09-18170983' AND b.status IN ('7','A') AND a.c_asigna=b.c_asigna AND b.exp_e=c.exp_e AND a.pensum=c.pensum AND a.c_uni_ca=c.c_uni_ca  [1][0] OK
C:[25/10/2016 08:38:46.82][172.16.4.254][766] SELECT SUM(u_creditos*1) FROM tblaca009 a, dace006 b, dace002 c WHERE b.exp_e='10-24847128' AND b.status IN ('7','A') AND a.c_asigna=b.c_asigna AND b.exp_e=c.exp_e AND a.pensum=c.pensum AND a.c_uni_ca=c.c_uni_ca  [1][0] OK
C:[25/10/2016 10:47:29.14][172.16.4.254][766] SELECT SUM(u_creditos*1) FROM tblaca009 a, dace006 b, dace002 c WHERE b.exp_e='10-24036291' AND b.status IN ('7','A') AND a.c_asigna=b.c_asigna AND b.exp_e=c.exp_e AND a.pensum=c.pensum AND a.c_uni_ca=c.c_uni_ca  [1][0] OK
C:[25/10/2016 10:49:09.53][172.16.4.254][766] SELECT SUM(u_creditos*1) FROM tblaca009 a, dace006 b, dace002 c WHERE b.exp_e='10-24036291' AND b.status IN ('7','A') AND a.c_asigna=b.c_asigna AND b.exp_e=c.exp_e AND a.pensum=c.pensum AND a.c_uni_ca=c.c_uni_ca  [1][0] OK
C:[25/10/2016 10:50:55.17][172.16.4.254][766] SELECT SUM(u_creditos*1) FROM tblaca009 a, dace006 b, dace002 c WHERE b.exp_e='10-24036291' AND b.status IN ('7','A') AND a.c_asigna=b.c_asigna AND b.exp_e=c.exp_e AND a.pensum=c.pensum AND a.c_uni_ca=c.c_uni_ca  [1][0] OK
C:[25/10/2016 11:24:31.06][172.16.4.254][766] SELECT SUM(u_creditos*1) FROM tblaca009 a, dace006 b, dace002 c WHERE b.exp_e='10-21264943' AND b.status IN ('7','A') AND a.c_asigna=b.c_asigna AND b.exp_e=c.exp_e AND a.pensum=c.pensum AND a.c_uni_ca=c.c_uni_ca  [1][0] OK
C:[25/10/2016 11:29:14.66][172.16.4.254][766] SELECT SUM(u_creditos*1) FROM tblaca009 a, dace006 b, dace002 c WHERE b.exp_e='10-21264943' AND b.status IN ('7','A') AND a.c_asigna=b.c_asigna AND b.exp_e=c.exp_e AND a.pensum=c.pensum AND a.c_uni_ca=c.c_uni_ca  [1][0] OK
C:[25/10/2016 11:31:47.43][172.16.4.254][766] SELECT SUM(u_creditos*1) FROM tblaca009 a, dace006 b, dace002 c WHERE b.exp_e='10-21264943' AND b.status IN ('7','A') AND a.c_asigna=b.c_asigna AND b.exp_e=c.exp_e AND a.pensum=c.pensum AND a.c_uni_ca=c.c_uni_ca  [1][0] OK
C:[25/10/2016 11:33:40.34][172.16.4.254][766] SELECT SUM(u_creditos*1) FROM tblaca009 a, dace006 b, dace002 c WHERE b.exp_e='10-21264943' AND b.status IN ('7','A') AND a.c_asigna=b.c_asigna AND b.exp_e=c.exp_e AND a.pensum=c.pensum AND a.c_uni_ca=c.c_uni_ca  [1][0] OK
C:[25/10/2016 11:50:48.48][172.16.4.254][766] SELECT SUM(u_creditos*1) FROM tblaca009 a, dace006 b, dace002 c WHERE b.exp_e='10-21264943' AND b.status IN ('7','A') AND a.c_asigna=b.c_asigna AND b.exp_e=c.exp_e AND a.pensum=c.pensum AND a.c_uni_ca=c.c_uni_ca  [1][0] OK
C:[25/10/2016 11:53:10.63][172.16.4.254][766] SELECT SUM(u_creditos*1) FROM tblaca009 a, dace006 b, dace002 c WHERE b.exp_e='10-21264943' AND b.status IN ('7','A') AND a.c_asigna=b.c_asigna AND b.exp_e=c.exp_e AND a.pensum=c.pensum AND a.c_uni_ca=c.c_uni_ca  [1][0] OK
C:[27/10/2016 09:54:35.76][172.16.4.254][766] SELECT SUM(u_creditos*1) FROM tblaca009 a, dace006 b, dace002 c WHERE b.exp_e='10-23551744' AND b.status IN ('7','A') AND a.c_asigna=b.c_asigna AND b.exp_e=c.exp_e AND a.pensum=c.pensum AND a.c_uni_ca=c.c_uni_ca  [1][0] OK
C:[02/11/2016 14:54:33.73][172.16.4.254][766] SELECT SUM(u_creditos*1) FROM tblaca009 a, dace006 b, dace002 c WHERE b.exp_e='11-21249937' AND b.status IN ('7','A') AND a.c_asigna=b.c_asigna AND b.exp_e=c.exp_e AND a.pensum=c.pensum AND a.c_uni_ca=c.c_uni_ca  [1][0] OK
C:[08/11/2016 14:08:34.07][172.16.4.254][766] SELECT SUM(u_creditos*1) FROM tblaca009 a, dace006 b, dace002 c WHERE b.exp_e='11-24701495' AND b.status IN ('7','A') AND a.c_asigna=b.c_asigna AND b.exp_e=c.exp_e AND a.pensum=c.pensum AND a.c_uni_ca=c.c_uni_ca  [1][0] OK
C:[10/11/2016 09:34:59.16][172.16.4.168][766] SELECT SUM(u_creditos*1) FROM tblaca009 a, dace006 b, dace002 c WHERE b.exp_e='11-24037639' AND b.status IN ('7','A') AND a.c_asigna=b.c_asigna AND b.exp_e=c.exp_e AND a.pensum=c.pensum AND a.c_uni_ca=c.c_uni_ca  [1][0] OK
C:[23/11/2016 11:23:13.16][172.16.4.254][766] SELECT SUM(u_creditos*1) FROM tblaca009 a, dace006 b, dace002 c WHERE b.exp_e='10-21264943' AND b.status IN ('7','A') AND a.c_asigna=b.c_asigna AND b.exp_e=c.exp_e AND a.pensum=c.pensum AND a.c_uni_ca=c.c_uni_ca  [1][0] OK
C:[24/11/2016 10:21:10.31][172.16.4.254][766] SELECT SUM(u_creditos*1) FROM tblaca009 a, dace006 b, dace002 c WHERE b.exp_e='13-23505850' AND b.status IN ('7','A') AND a.c_asigna=b.c_asigna AND b.exp_e=c.exp_e AND a.pensum=c.pensum AND a.c_uni_ca=c.c_uni_ca  [1][0] OK
C:[24/11/2016 10:22:29.45][172.16.4.254][766] SELECT SUM(u_creditos*1) FROM tblaca009 a, dace006 b, dace002 c WHERE b.exp_e='08-20503487' AND b.status IN ('7','A') AND a.c_asigna=b.c_asigna AND b.exp_e=c.exp_e AND a.pensum=c.pensum AND a.c_uni_ca=c.c_uni_ca  [1][0] OK
C:[24/11/2016 10:59:33.72][172.17.122.83][766] SELECT SUM(u_creditos*1) FROM tblaca009 a, dace006 b, dace002 c WHERE b.exp_e='08-20037336' AND b.status IN ('7','A') AND a.c_asigna=b.c_asigna AND b.exp_e=c.exp_e AND a.pensum=c.pensum AND a.c_uni_ca=c.c_uni_ca  [1][0] OK
C:[28/11/2016 08:17:58.82][172.16.0.132][766] SELECT SUM(u_creditos*1) FROM tblaca009 a, dace006 b, dace002 c WHERE b.exp_e='10-21338404' AND b.status IN ('7','A') AND a.c_asigna=b.c_asigna AND b.exp_e=c.exp_e AND a.pensum=c.pensum AND a.c_uni_ca=c.c_uni_ca  [1][0] OK
C:[28/11/2016 08:24:00.04][172.16.0.132][766] SELECT SUM(u_creditos*1) FROM tblaca009 a, dace006 b, dace002 c WHERE b.exp_e='10-21338404' AND b.status IN ('7','A') AND a.c_asigna=b.c_asigna AND b.exp_e=c.exp_e AND a.pensum=c.pensum AND a.c_uni_ca=c.c_uni_ca  [1][0] OK
C:[30/11/2016 10:58:43.07][172.16.4.254][766] SELECT SUM(u_creditos*1) FROM tblaca009 a, dace006 b, dace002 c WHERE b.exp_e='10-21264943' AND b.status IN ('7','A') AND a.c_asigna=b.c_asigna AND b.exp_e=c.exp_e AND a.pensum=c.pensum AND a.c_uni_ca=c.c_uni_ca  [1][0] OK
C:[30/11/2016 11:06:51.10][172.16.4.254][766] SELECT SUM(u_creditos*1) FROM tblaca009 a, dace006 b, dace002 c WHERE b.exp_e='10-21264943' AND b.status IN ('7','A') AND a.c_asigna=b.c_asigna AND b.exp_e=c.exp_e AND a.pensum=c.pensum AND a.c_uni_ca=c.c_uni_ca  [1][0] OK
C:[05/12/2016 10:07:27.57][172.16.4.254][766] SELECT SUM(u_creditos*1) FROM tblaca009 a, dace006 b, dace002 c WHERE b.exp_e='12-23503807' AND b.status IN ('7','A') AND a.c_asigna=b.c_asigna AND b.exp_e=c.exp_e AND a.pensum=c.pensum AND a.c_uni_ca=c.c_uni_ca  [1][0] OK
C:[09/12/2016 07:36:10.67][172.16.1.129][766] SELECT SUM(u_creditos*1) FROM tblaca009 a, dace006 b, dace002 c WHERE b.exp_e='11-24692907' AND b.status IN ('7','A') AND a.c_asigna=b.c_asigna AND b.exp_e=c.exp_e AND a.pensum=c.pensum AND a.c_uni_ca=c.c_uni_ca  [1][0] OK
C:[18/01/2017 10:07:32.30][172.16.4.254][766] SELECT SUM(u_creditos*1) FROM tblaca009 a, dace006 b, dace002 c WHERE b.exp_e='08-20013556' AND b.status IN ('7','A') AND a.c_asigna=b.c_asigna AND b.exp_e=c.exp_e AND a.pensum=c.pensum AND a.c_uni_ca=c.c_uni_ca  [1][0] OK
C:[26/01/2017 08:56:19.30][172.16.4.254][766] SELECT SUM(u_creditos*1) FROM tblaca009 a, dace006 b, dace002 c WHERE b.exp_e='12-25445468' AND b.status IN ('7','A') AND a.c_asigna=b.c_asigna AND b.exp_e=c.exp_e AND a.pensum=c.pensum AND a.c_uni_ca=c.c_uni_ca  [1][0] OK
C:[31/01/2017 09:21:22.51][172.16.4.254][766] SELECT SUM(u_creditos*1) FROM tblaca009 a, dace006 b, dace002 c WHERE b.exp_e='10-24559505' AND b.status IN ('7','A') AND a.c_asigna=b.c_asigna AND b.exp_e=c.exp_e AND a.pensum=c.pensum AND a.c_uni_ca=c.c_uni_ca  [1][0] OK
C:[31/01/2017 09:23:36.83][172.16.4.254][766] SELECT SUM(u_creditos*1) FROM tblaca009 a, dace006 b, dace002 c WHERE b.exp_e='10-24559505' AND b.status IN ('7','A') AND a.c_asigna=b.c_asigna AND b.exp_e=c.exp_e AND a.pensum=c.pensum AND a.c_uni_ca=c.c_uni_ca  [1][0] OK
C:[31/01/2017 09:29:48.52][172.16.4.254][766] SELECT SUM(u_creditos*1) FROM tblaca009 a, dace006 b, dace002 c WHERE b.exp_e='10-24559505' AND b.status IN ('7','A') AND a.c_asigna=b.c_asigna AND b.exp_e=c.exp_e AND a.pensum=c.pensum AND a.c_uni_ca=c.c_uni_ca  [1][0] OK
C:[31/01/2017 09:31:21.34][172.16.4.254][766] SELECT SUM(u_creditos*1) FROM tblaca009 a, dace006 b, dace002 c WHERE b.exp_e='10-24559505' AND b.status IN ('7','A') AND a.c_asigna=b.c_asigna AND b.exp_e=c.exp_e AND a.pensum=c.pensum AND a.c_uni_ca=c.c_uni_ca  [1][0] OK
C:[31/01/2017 09:34:02.61][172.16.4.254][766] SELECT SUM(u_creditos*1) FROM tblaca009 a, dace006 b, dace002 c WHERE b.exp_e='10-24559505' AND b.status IN ('7','A') AND a.c_asigna=b.c_asigna AND b.exp_e=c.exp_e AND a.pensum=c.pensum AND a.c_uni_ca=c.c_uni_ca  [1][0] OK
C:[16/02/2017 08:18:36.89][172.16.4.254][766] SELECT SUM(u_creditos*1) FROM tblaca009 a, dace006 b, dace002 c WHERE b.exp_e='11-21423017' AND b.status IN ('7','A') AND a.c_asigna=b.c_asigna AND b.exp_e=c.exp_e AND a.pensum=c.pensum AND a.c_uni_ca=c.c_uni_ca  [1][0] OK
C:[20/02/2017 08:17:00.40][172.16.5.208][766] SELECT SUM(u_creditos*1) FROM tblaca009 a, dace006 b, dace002 c WHERE b.exp_e='10-24847572' AND b.status IN ('7','A') AND a.c_asigna=b.c_asigna AND b.exp_e=c.exp_e AND a.pensum=c.pensum AND a.c_uni_ca=c.c_uni_ca  [1][0] OK
C:[20/02/2017 13:50:31.57][172.16.5.122][766] SELECT SUM(u_creditos*1) FROM tblaca009 a, dace006 b, dace002 c WHERE b.exp_e='11-23503154' AND b.status IN ('7','A') AND a.c_asigna=b.c_asigna AND b.exp_e=c.exp_e AND a.pensum=c.pensum AND a.c_uni_ca=c.c_uni_ca  [1][0] OK
C:[21/02/2017 15:29:21.75][172.16.5.208][766] SELECT SUM(u_creditos*1) FROM tblaca009 a, dace006 b, dace002 c WHERE b.exp_e='10-24559505' AND b.status IN ('7','A') AND a.c_asigna=b.c_asigna AND b.exp_e=c.exp_e AND a.pensum=c.pensum AND a.c_uni_ca=c.c_uni_ca  [1][0] OK
C:[21/02/2017 15:31:20.43][172.16.5.208][766] SELECT SUM(u_creditos*1) FROM tblaca009 a, dace006 b, dace002 c WHERE b.exp_e='09-19703141' AND b.status IN ('7','A') AND a.c_asigna=b.c_asigna AND b.exp_e=c.exp_e AND a.pensum=c.pensum AND a.c_uni_ca=c.c_uni_ca  [1][0] OK
C:[21/02/2017 15:32:50.76][172.16.5.208][766] SELECT SUM(u_creditos*1) FROM tblaca009 a, dace006 b, dace002 c WHERE b.exp_e='10-21264943' AND b.status IN ('7','A') AND a.c_asigna=b.c_asigna AND b.exp_e=c.exp_e AND a.pensum=c.pensum AND a.c_uni_ca=c.c_uni_ca  [1][0] OK
C:[24/02/2017 10:26:09.34][172.16.4.254][766] SELECT SUM(u_creditos*1) FROM tblaca009 a, dace006 b, dace002 c WHERE b.exp_e='11-20704285' AND b.status IN ('7','A') AND a.c_asigna=b.c_asigna AND b.exp_e=c.exp_e AND a.pensum=c.pensum AND a.c_uni_ca=c.c_uni_ca  [1][0] OK
C:[13/01/2017 13:04:48.29][172.16.4.254][766] SELECT SUM(u_creditos*1) FROM tblaca009 a, dace006 b, dace002 c WHERE b.exp_e='08-20503487' AND b.status IN ('7','A') AND a.c_asigna=b.c_asigna AND b.exp_e=c.exp_e AND a.pensum=c.pensum AND a.c_uni_ca=c.c_uni_ca  [1][0] OK
C:[14/03/2017 09:36:34.15][172.16.4.254][766] SELECT SUM(u_creditos*1) FROM tblaca009 a, dace006 b, dace002 c WHERE b.exp_e='12-21514804' AND b.status IN ('7','A') AND a.c_asigna=b.c_asigna AND b.exp_e=c.exp_e AND a.pensum=c.pensum AND a.c_uni_ca=c.c_uni_ca  [1][0] OK
C:[14/03/2017 09:46:50.53][172.16.4.254][766] SELECT SUM(u_creditos*1) FROM tblaca009 a, dace006 b, dace002 c WHERE b.exp_e='09-20505483' AND b.status IN ('7','A') AND a.c_asigna=b.c_asigna AND b.exp_e=c.exp_e AND a.pensum=c.pensum AND a.c_uni_ca=c.c_uni_ca  [1][0] OK
C:[14/03/2017 13:50:42.60][172.16.4.254][766] SELECT SUM(u_creditos*1) FROM tblaca009 a, dace006 b, dace002 c WHERE b.exp_e='12-24889419' AND b.status IN ('7','A') AND a.c_asigna=b.c_asigna AND b.exp_e=c.exp_e AND a.pensum=c.pensum AND a.c_uni_ca=c.c_uni_ca  [1][0] OK
C:[20/03/2017 18:20:16.13][172.16.4.254][766] SELECT SUM(u_creditos*1) FROM tblaca009 a, dace006 b, dace002 c WHERE b.exp_e='12-20493774' AND b.status IN ('7','A') AND a.c_asigna=b.c_asigna AND b.exp_e=c.exp_e AND a.pensum=c.pensum AND a.c_uni_ca=c.c_uni_ca  [1][0] OK
C:[30/03/2017 11:01:30.43][172.16.4.254][766] SELECT SUM(u_creditos*1) FROM tblaca009 a, dace006 b, dace002 c WHERE b.exp_e='06-19804691' AND b.status IN ('7','A') AND a.c_asigna=b.c_asigna AND b.exp_e=c.exp_e AND a.pensum=c.pensum AND a.c_uni_ca=c.c_uni_ca  [1][0] OK
C:[31/03/2017 14:04:31.86][172.16.4.245][766] SELECT SUM(u_creditos*1) FROM tblaca009 a, dace006 b, dace002 c WHERE b.exp_e='11-25641706' AND b.status IN ('7','A') AND a.c_asigna=b.c_asigna AND b.exp_e=c.exp_e AND a.pensum=c.pensum AND a.c_uni_ca=c.c_uni_ca  [1][0] OK
C:[04/04/2017 09:08:31.41][172.16.4.254][766] SELECT SUM(u_creditos*1) FROM tblaca009 a, dace006 b, dace002 c WHERE b.exp_e='11-24560356' AND b.status IN ('7','A') AND a.c_asigna=b.c_asigna AND b.exp_e=c.exp_e AND a.pensum=c.pensum AND a.c_uni_ca=c.c_uni_ca  [1][0] OK
C:[04/04/2017 09:11:54.24][172.16.4.254][766] SELECT SUM(u_creditos*1) FROM tblaca009 a, dace006 b, dace002 c WHERE b.exp_e='11-24560356' AND b.status IN ('7','A') AND a.c_asigna=b.c_asigna AND b.exp_e=c.exp_e AND a.pensum=c.pensum AND a.c_uni_ca=c.c_uni_ca  [1][0] OK
C:[04/04/2017 13:56:44.10][172.16.4.254][766] SELECT SUM(u_creditos*1) FROM tblaca009 a, dace006 b, dace002 c WHERE b.exp_e='11-24039390' AND b.status IN ('7','A') AND a.c_asigna=b.c_asigna AND b.exp_e=c.exp_e AND a.pensum=c.pensum AND a.c_uni_ca=c.c_uni_ca  [1][0] OK
C:[04/04/2017 13:57:25.84][172.16.4.254][766] SELECT SUM(u_creditos*1) FROM tblaca009 a, dace006 b, dace002 c WHERE b.exp_e='11-20975245' AND b.status IN ('7','A') AND a.c_asigna=b.c_asigna AND b.exp_e=c.exp_e AND a.pensum=c.pensum AND a.c_uni_ca=c.c_uni_ca  [1][0] OK
C:[04/04/2017 14:17:14.27][172.16.4.254][766] SELECT SUM(u_creditos*1) FROM tblaca009 a, dace006 b, dace002 c WHERE b.exp_e='11-24560356' AND b.status IN ('7','A') AND a.c_asigna=b.c_asigna AND b.exp_e=c.exp_e AND a.pensum=c.pensum AND a.c_uni_ca=c.c_uni_ca  [1][0] OK
C:[04/04/2017 14:19:07.38][172.16.4.254][766] SELECT SUM(u_creditos*1) FROM tblaca009 a, dace006 b, dace002 c WHERE b.exp_e='11-24560356' AND b.status IN ('7','A') AND a.c_asigna=b.c_asigna AND b.exp_e=c.exp_e AND a.pensum=c.pensum AND a.c_uni_ca=c.c_uni_ca  [1][0] OK
C:[04/04/2017 14:20:30.85][172.16.4.254][766] SELECT SUM(u_creditos*1) FROM tblaca009 a, dace006 b, dace002 c WHERE b.exp_e='11-24560356' AND b.status IN ('7','A') AND a.c_asigna=b.c_asigna AND b.exp_e=c.exp_e AND a.pensum=c.pensum AND a.c_uni_ca=c.c_uni_ca  [1][0] OK
C:[04/04/2017 14:23:21.20][172.16.4.254][766] SELECT SUM(u_creditos*1) FROM tblaca009 a, dace006 b, dace002 c WHERE b.exp_e='11-24560356' AND b.status IN ('7','A') AND a.c_asigna=b.c_asigna AND b.exp_e=c.exp_e AND a.pensum=c.pensum AND a.c_uni_ca=c.c_uni_ca  [1][0] OK
C:[05/04/2017 12:26:29.42][172.16.4.254][766] SELECT SUM(u_creditos*1) FROM tblaca009 a, dace006 b, dace002 c WHERE b.exp_e='10-22826158' AND b.status IN ('7','A') AND a.c_asigna=b.c_asigna AND b.exp_e=c.exp_e AND a.pensum=c.pensum AND a.c_uni_ca=c.c_uni_ca  [0][0]  {[MERANT][ODBC SQLBase driver][SQLBase]01801 LKM DLK Application deadlock}
C:[05/04/2017 12:46:47.53][172.16.4.254][766] SELECT SUM(u_creditos*1) FROM tblaca009 a, dace006 b, dace002 c WHERE b.exp_e='12-24036642' AND b.status IN ('7','A') AND a.c_asigna=b.c_asigna AND b.exp_e=c.exp_e AND a.pensum=c.pensum AND a.c_uni_ca=c.c_uni_ca  [1][0] OK
C:[06/04/2017 09:25:45.54][172.16.4.254][766] SELECT SUM(u_creditos*1) FROM tblaca009 a, dace006 b, dace002 c WHERE b.exp_e='11-25511861' AND b.status IN ('7','A') AND a.c_asigna=b.c_asigna AND b.exp_e=c.exp_e AND a.pensum=c.pensum AND a.c_uni_ca=c.c_uni_ca  [1][0] OK
C:[06/04/2017 10:46:04.11][172.16.4.254][766] SELECT SUM(u_creditos*1) FROM tblaca009 a, dace006 b, dace002 c WHERE b.exp_e='12-20493774' AND b.status IN ('7','A') AND a.c_asigna=b.c_asigna AND b.exp_e=c.exp_e AND a.pensum=c.pensum AND a.c_uni_ca=c.c_uni_ca  [1][0] OK
C:[21/04/2017 15:25:10.11][172.16.4.234][766] SELECT SUM(u_creditos*1) FROM tblaca009 a, dace006 b, dace002 c WHERE b.exp_e='12-25277487' AND b.status IN ('7','A') AND a.c_asigna=b.c_asigna AND b.exp_e=c.exp_e AND a.pensum=c.pensum AND a.c_uni_ca=c.c_uni_ca  [1][0] OK
C:[12/05/2017 13:15:07.68][172.16.4.234][766] SELECT SUM(u_creditos*1) FROM tblaca009 a, dace006 b, dace002 c WHERE b.exp_e='12-25277487' AND b.status IN ('7','A') AND a.c_asigna=b.c_asigna AND b.exp_e=c.exp_e AND a.pensum=c.pensum AND a.c_uni_ca=c.c_uni_ca  [1][0] OK
C:[23/05/2017 09:49:03.55][172.16.4.254][766] SELECT SUM(u_creditos*1) FROM tblaca009 a, dace006 b, dace002 c WHERE b.exp_e='11-23502851' AND b.status IN ('7','A') AND a.c_asigna=b.c_asigna AND b.exp_e=c.exp_e AND a.pensum=c.pensum AND a.c_uni_ca=c.c_uni_ca  [1][0] OK
C:[23/05/2017 10:07:48.60][172.16.4.254][766] SELECT SUM(u_creditos*1) FROM tblaca009 a, dace006 b, dace002 c WHERE b.exp_e='11-23502851' AND b.status IN ('7','A') AND a.c_asigna=b.c_asigna AND b.exp_e=c.exp_e AND a.pensum=c.pensum AND a.c_uni_ca=c.c_uni_ca  [1][0] OK
C:[24/05/2017 10:45:24.08][172.16.4.234][766] SELECT SUM(u_creditos*1) FROM tblaca009 a, dace006 b, dace002 c WHERE b.exp_e='12-25277487' AND b.status IN ('7','A') AND a.c_asigna=b.c_asigna AND b.exp_e=c.exp_e AND a.pensum=c.pensum AND a.c_uni_ca=c.c_uni_ca  [1][0] OK
C:[24/05/2017 10:47:00.33][172.16.4.234][766] SELECT SUM(u_creditos*1) FROM tblaca009 a, dace006 b, dace002 c WHERE b.exp_e='12-25277487' AND b.status IN ('7','A') AND a.c_asigna=b.c_asigna AND b.exp_e=c.exp_e AND a.pensum=c.pensum AND a.c_uni_ca=c.c_uni_ca  [1][0] OK
C:[25/05/2017 09:33:03.01][172.16.4.254][766] SELECT SUM(u_creditos*1) FROM tblaca009 a, dace006 b, dace002 c WHERE b.exp_e='12-22818680' AND b.status IN ('7','A') AND a.c_asigna=b.c_asigna AND b.exp_e=c.exp_e AND a.pensum=c.pensum AND a.c_uni_ca=c.c_uni_ca  [1][0] OK
C:[25/05/2017 09:36:34.15][172.16.4.254][766] SELECT SUM(u_creditos*1) FROM tblaca009 a, dace006 b, dace002 c WHERE b.exp_e='12-22818680' AND b.status IN ('7','A') AND a.c_asigna=b.c_asigna AND b.exp_e=c.exp_e AND a.pensum=c.pensum AND a.c_uni_ca=c.c_uni_ca  [1][0] OK
C:[30/05/2017 13:05:31.87][172.16.4.244][766] SELECT SUM(u_creditos*1) FROM tblaca009 a, dace006 b, dace002 c WHERE b.exp_e='12-25277487' AND b.status IN ('7','A') AND a.c_asigna=b.c_asigna AND b.exp_e=c.exp_e AND a.pensum=c.pensum AND a.c_uni_ca=c.c_uni_ca  [1][0] OK
C:[05/06/2017 10:54:20.87][172.16.4.234][766] SELECT SUM(u_creditos*1) FROM tblaca009 a, dace006 b, dace002 c WHERE b.exp_e='12-25277487' AND b.status IN ('7','A') AND a.c_asigna=b.c_asigna AND b.exp_e=c.exp_e AND a.pensum=c.pensum AND a.c_uni_ca=c.c_uni_ca  [1][0] OK
C:[06/06/2017 10:05:36.44][172.16.4.254][766] SELECT SUM(u_creditos*1) FROM tblaca009 a, dace006 b, dace002 c WHERE b.exp_e='12-21514804' AND b.status IN ('7','A') AND a.c_asigna=b.c_asigna AND b.exp_e=c.exp_e AND a.pensum=c.pensum AND a.c_uni_ca=c.c_uni_ca  [1][0] OK
C:[06/06/2017 10:26:06.43][172.16.4.254][766] SELECT SUM(u_creditos*1) FROM tblaca009 a, dace006 b, dace002 c WHERE b.exp_e='10-21338475' AND b.status IN ('7','A') AND a.c_asigna=b.c_asigna AND b.exp_e=c.exp_e AND a.pensum=c.pensum AND a.c_uni_ca=c.c_uni_ca  [1][0] OK
C:[29/06/2017 10:17:24.48][172.16.4.254][766] SELECT SUM(u_creditos*1) FROM tblaca009 a, dace006 b, dace002 c WHERE b.exp_e='12-25937793' AND b.status IN ('7','A') AND a.c_asigna=b.c_asigna AND b.exp_e=c.exp_e AND a.pensum=c.pensum AND a.c_uni_ca=c.c_uni_ca  [1][0] OK
C:[29/06/2017 10:22:36.76][172.16.4.254][766] SELECT SUM(u_creditos*1) FROM tblaca009 a, dace006 b, dace002 c WHERE b.exp_e='12-25937793' AND b.status IN ('7','A') AND a.c_asigna=b.c_asigna AND b.exp_e=c.exp_e AND a.pensum=c.pensum AND a.c_uni_ca=c.c_uni_ca  [1][0] OK
C:[07/07/2017 10:03:57.44][172.16.5.120][766] SELECT SUM(u_creditos*1) FROM tblaca009 a, dace006 b, dace002 c WHERE b.exp_e='12-24036450' AND b.status IN ('7','A') AND a.c_asigna=b.c_asigna AND b.exp_e=c.exp_e AND a.pensum=c.pensum AND a.c_uni_ca=c.c_uni_ca  [1][0] OK
C:[12/07/2017 14:46:22.64][172.16.5.208][766] SELECT SUM(u_creditos*1) FROM tblaca009 a, dace006 b, dace002 c WHERE b.exp_e='11-24438013' AND b.status IN ('7','A') AND a.c_asigna=b.c_asigna AND b.exp_e=c.exp_e AND a.pensum=c.pensum AND a.c_uni_ca=c.c_uni_ca  [1][0] OK
C:[21/07/2017 09:19:56.82][172.16.4.234][766] SELECT SUM(u_creditos*1) FROM tblaca009 a, dace006 b, dace002 c WHERE b.exp_e='12-24874728' AND b.status IN ('7','A') AND a.c_asigna=b.c_asigna AND b.exp_e=c.exp_e AND a.pensum=c.pensum AND a.c_uni_ca=c.c_uni_ca  [1][0] OK
C:[01/08/2017 11:40:57.30][172.16.4.254][766] SELECT SUM(u_creditos*1) FROM tblaca009 a, dace006 b, dace002 c WHERE b.exp_e='12-22717643' AND b.status IN ('7','A') AND a.c_asigna=b.c_asigna AND b.exp_e=c.exp_e AND a.pensum=c.pensum AND a.c_uni_ca=c.c_uni_ca  [1][0] OK
C:[01/08/2017 14:26:53.31][172.16.4.254][766] SELECT SUM(u_creditos*1) FROM tblaca009 a, dace006 b, dace002 c WHERE b.exp_e='11-20286969' AND b.status IN ('7','A') AND a.c_asigna=b.c_asigna AND b.exp_e=c.exp_e AND a.pensum=c.pensum AND a.c_uni_ca=c.c_uni_ca  [1][0] OK
C:[02/08/2017 09:58:15.28][172.16.4.254][766] SELECT SUM(u_creditos*1) FROM tblaca009 a, dace006 b, dace002 c WHERE b.exp_e='11-20286969' AND b.status IN ('7','A') AND a.c_asigna=b.c_asigna AND b.exp_e=c.exp_e AND a.pensum=c.pensum AND a.c_uni_ca=c.c_uni_ca  [1][0] OK
C:[02/08/2017 10:43:58.18][172.16.4.254][766] SELECT SUM(u_creditos*1) FROM tblaca009 a, dace006 b, dace002 c WHERE b.exp_e='12-24963890' AND b.status IN ('7','A') AND a.c_asigna=b.c_asigna AND b.exp_e=c.exp_e AND a.pensum=c.pensum AND a.c_uni_ca=c.c_uni_ca  [1][0] OK
C:[03/08/2017 14:32:38.51][172.16.4.87][766] SELECT SUM(u_creditos*1) FROM tblaca009 a, dace006 b, dace002 c WHERE b.exp_e='10-20137264' AND b.status IN ('7','A') AND a.c_asigna=b.c_asigna AND b.exp_e=c.exp_e AND a.pensum=c.pensum AND a.c_uni_ca=c.c_uni_ca  [1][0] OK
C:[03/08/2017 14:34:25.69][172.16.4.87][766] SELECT SUM(u_creditos*1) FROM tblaca009 a, dace006 b, dace002 c WHERE b.exp_e='10-20137264' AND b.status IN ('7','A') AND a.c_asigna=b.c_asigna AND b.exp_e=c.exp_e AND a.pensum=c.pensum AND a.c_uni_ca=c.c_uni_ca  [1][0] OK
C:[03/08/2017 14:42:33.35][172.16.4.254][766] SELECT SUM(u_creditos*1) FROM tblaca009 a, dace006 b, dace002 c WHERE b.exp_e='03-17041436' AND b.status IN ('7','A') AND a.c_asigna=b.c_asigna AND b.exp_e=c.exp_e AND a.pensum=c.pensum AND a.c_uni_ca=c.c_uni_ca  [1][0] OK
C:[04/08/2017 11:39:24.01][172.16.4.254][766] SELECT SUM(u_creditos*1) FROM tblaca009 a, dace006 b, dace002 c WHERE b.exp_e='12-25277192' AND b.status IN ('7','A') AND a.c_asigna=b.c_asigna AND b.exp_e=c.exp_e AND a.pensum=c.pensum AND a.c_uni_ca=c.c_uni_ca  [1][0] OK
C:[06/09/2017 10:53:56.44][172.16.4.40][766] SELECT SUM(u_creditos*1) FROM tblaca009 a, dace006 b, dace002 c WHERE b.exp_e='12-25083490' AND b.status IN ('7','A') AND a.c_asigna=b.c_asigna AND b.exp_e=c.exp_e AND a.pensum=c.pensum AND a.c_uni_ca=c.c_uni_ca  [1][0] OK
C:[06/09/2017 10:59:00.47][172.16.4.40][766] SELECT SUM(u_creditos*1) FROM tblaca009 a, dace006 b, dace002 c WHERE b.exp_e='12-25083490' AND b.status IN ('7','A') AND a.c_asigna=b.c_asigna AND b.exp_e=c.exp_e AND a.pensum=c.pensum AND a.c_uni_ca=c.c_uni_ca  [1][0] OK
C:[24/10/2017 10:50:29.38][172.16.5.122][766] SELECT SUM(u_creditos*1) FROM tblaca009 a, dace006 b, dace002 c WHERE b.exp_e='12-26073794' AND b.status IN ('7','A') AND a.c_asigna=b.c_asigna AND b.exp_e=c.exp_e AND a.pensum=c.pensum AND a.c_uni_ca=c.c_uni_ca  [1][0] OK
C:[27/10/2017 08:44:33.29][172.16.4.254][766] SELECT SUM(u_creditos*1) FROM tblaca009 a, dace006 b, dace002 c WHERE b.exp_e='07-19803177' AND b.status IN ('7','A') AND a.c_asigna=b.c_asigna AND b.exp_e=c.exp_e AND a.pensum=c.pensum AND a.c_uni_ca=c.c_uni_ca  [1][0] OK
C:[03/11/2017 13:17:59.00][172.16.4.40][766] SELECT SUM(u_creditos*1) FROM tblaca009 a, dace006 b, dace002 c WHERE b.exp_e='12-25083490' AND b.status IN ('7','A') AND a.c_asigna=b.c_asigna AND b.exp_e=c.exp_e AND a.pensum=c.pensum AND a.c_uni_ca=c.c_uni_ca  [1][0] OK
C:[22/11/2017 15:19:36.66][172.16.4.254][766] SELECT SUM(u_creditos*1) FROM tblaca009 a, dace006 b, dace002 c WHERE b.exp_e='11-24541622' AND b.status IN ('7','A') AND a.c_asigna=b.c_asigna AND b.exp_e=c.exp_e AND a.pensum=c.pensum AND a.c_uni_ca=c.c_uni_ca  [1][0] OK
C:[28/11/2017 10:44:12.08][172.16.4.254][766] SELECT SUM(u_creditos*1) FROM tblaca009 a, dace006 b, dace002 c WHERE b.exp_e='13-25083496' AND b.status IN ('7','A') AND a.c_asigna=b.c_asigna AND b.exp_e=c.exp_e AND a.pensum=c.pensum AND a.c_uni_ca=c.c_uni_ca  [1][0] OK
C:[25/01/2018 11:20:48.16][172.16.4.40][766] SELECT SUM(u_creditos*1) FROM tblaca009 a, dace006 b, dace002 c WHERE b.exp_e='12-26391418' AND b.status IN ('7','A') AND a.c_asigna=b.c_asigna AND b.exp_e=c.exp_e AND a.pensum=c.pensum AND a.c_uni_ca=c.c_uni_ca  [1][0] OK
C:[25/01/2018 11:26:43.04][172.16.4.81][766] SELECT SUM(u_creditos*1) FROM tblaca009 a, dace006 b, dace002 c WHERE b.exp_e='12-26391418' AND b.status IN ('7','A') AND a.c_asigna=b.c_asigna AND b.exp_e=c.exp_e AND a.pensum=c.pensum AND a.c_uni_ca=c.c_uni_ca  [1][0] OK
C:[29/01/2018 08:42:19.93][172.16.4.81][766] SELECT SUM(u_creditos*1) FROM tblaca009 a, dace006 b, dace002 c WHERE b.exp_e='12-26391418' AND b.status IN ('7','A') AND a.c_asigna=b.c_asigna AND b.exp_e=c.exp_e AND a.pensum=c.pensum AND a.c_uni_ca=c.c_uni_ca  [1][0] OK
C:[29/01/2018 08:43:07.99][172.16.4.81][766] SELECT SUM(u_creditos*1) FROM tblaca009 a, dace006 b, dace002 c WHERE b.exp_e='12-26391418' AND b.status IN ('7','A') AND a.c_asigna=b.c_asigna AND b.exp_e=c.exp_e AND a.pensum=c.pensum AND a.c_uni_ca=c.c_uni_ca  [1][0] OK
C:[19/02/2018 12:52:35.55][172.16.4.245][766] SELECT SUM(u_creditos*1) FROM tblaca009 a, dace006 b, dace002 c WHERE b.exp_e='12-25277487' AND b.status IN ('7','A') AND a.c_asigna=b.c_asigna AND b.exp_e=c.exp_e AND a.pensum=c.pensum AND a.c_uni_ca=c.c_uni_ca  [1][0] OK
C:[27/02/2018 13:55:29.24][172.16.4.254][766] SELECT SUM(u_creditos*1) FROM tblaca009 a, dace006 b, dace002 c WHERE b.exp_e='12-25511317' AND b.status IN ('7','A') AND a.c_asigna=b.c_asigna AND b.exp_e=c.exp_e AND a.pensum=c.pensum AND a.c_uni_ca=c.c_uni_ca  [1][0] OK
C:[27/02/2018 13:58:00.75][172.16.4.254][766] SELECT SUM(u_creditos*1) FROM tblaca009 a, dace006 b, dace002 c WHERE b.exp_e='12-25511317' AND b.status IN ('7','A') AND a.c_asigna=b.c_asigna AND b.exp_e=c.exp_e AND a.pensum=c.pensum AND a.c_uni_ca=c.c_uni_ca  [1][0] OK
C:[27/02/2018 14:00:01.92][172.16.4.254][766] SELECT SUM(u_creditos*1) FROM tblaca009 a, dace006 b, dace002 c WHERE b.exp_e='12-25511317' AND b.status IN ('7','A') AND a.c_asigna=b.c_asigna AND b.exp_e=c.exp_e AND a.pensum=c.pensum AND a.c_uni_ca=c.c_uni_ca  [1][0] OK
C:[28/02/2018 09:57:13.12][172.16.4.254][766] SELECT SUM(u_creditos*1) FROM tblaca009 a, dace006 b, dace002 c WHERE b.exp_e='12-24174734' AND b.status IN ('7','A') AND a.c_asigna=b.c_asigna AND b.exp_e=c.exp_e AND a.pensum=c.pensum AND a.c_uni_ca=c.c_uni_ca  [1][0] OK
C:[28/02/2018 11:26:46.96][172.16.4.254][766] SELECT SUM(u_creditos*1) FROM tblaca009 a, dace006 b, dace002 c WHERE b.exp_e='13-25083496' AND b.status IN ('7','A') AND a.c_asigna=b.c_asigna AND b.exp_e=c.exp_e AND a.pensum=c.pensum AND a.c_uni_ca=c.c_uni_ca  [0][0]  {[MERANT][ODBC SQLBase driver][SQLBase]00135 SQL ICN Invalid cursor number}
C:[19/03/2018 10:25:11.48][172.16.4.254][766] SELECT SUM(u_creditos*1) FROM tblaca009 a, dace006 b, dace002 c WHERE b.exp_e='10-20701858' AND b.status IN ('7','A') AND a.c_asigna=b.c_asigna AND b.exp_e=c.exp_e AND a.pensum=c.pensum AND a.c_uni_ca=c.c_uni_ca  [1][0] OK
C:[19/03/2018 10:27:18.65][172.16.4.254][766] SELECT SUM(u_creditos*1) FROM tblaca009 a, dace006 b, dace002 c WHERE b.exp_e='10-20701858' AND b.status IN ('7','A') AND a.c_asigna=b.c_asigna AND b.exp_e=c.exp_e AND a.pensum=c.pensum AND a.c_uni_ca=c.c_uni_ca  [1][0] OK
C:[20/03/2018 12:14:45.79][172.17.138.231][766] SELECT SUM(u_creditos*1) FROM tblaca009 a, dace006 b, dace002 c WHERE b.exp_e='12-21339293' AND b.status IN ('7','A') AND a.c_asigna=b.c_asigna AND b.exp_e=c.exp_e AND a.pensum=c.pensum AND a.c_uni_ca=c.c_uni_ca  [1][0] OK
C:[21/03/2018 09:05:12.76][172.17.138.231][766] SELECT SUM(u_creditos*1) FROM tblaca009 a, dace006 b, dace002 c WHERE b.exp_e='13-25558899' AND b.status IN ('7','A') AND a.c_asigna=b.c_asigna AND b.exp_e=c.exp_e AND a.pensum=c.pensum AND a.c_uni_ca=c.c_uni_ca  [1][0] OK
C:[21/03/2018 11:12:22.87][172.17.123.65][766] SELECT SUM(u_creditos*1) FROM tblaca009 a, dace006 b, dace002 c WHERE b.exp_e='11-21122297' AND b.status IN ('7','A') AND a.c_asigna=b.c_asigna AND b.exp_e=c.exp_e AND a.pensum=c.pensum AND a.c_uni_ca=c.c_uni_ca  [1][0] OK
C:[21/03/2018 11:14:18.44][172.17.123.65][766] SELECT SUM(u_creditos*1) FROM tblaca009 a, dace006 b, dace002 c WHERE b.exp_e='12-23503169' AND b.status IN ('7','A') AND a.c_asigna=b.c_asigna AND b.exp_e=c.exp_e AND a.pensum=c.pensum AND a.c_uni_ca=c.c_uni_ca  [1][0] OK
C:[03/04/2018 11:53:07.94][172.16.4.254][766] SELECT SUM(u_creditos*1) FROM tblaca009 a, dace006 b, dace002 c WHERE b.exp_e='08-20505839' AND b.status IN ('7','A') AND a.c_asigna=b.c_asigna AND b.exp_e=c.exp_e AND a.pensum=c.pensum AND a.c_uni_ca=c.c_uni_ca  [1][0] OK
C:[26/04/2018 10:47:16.09][172.16.4.245][766] SELECT SUM(u_creditos*1) FROM tblaca009 a, dace006 b, dace002 c WHERE b.exp_e='12-25277487' AND b.status IN ('7','A') AND a.c_asigna=b.c_asigna AND b.exp_e=c.exp_e AND a.pensum=c.pensum AND a.c_uni_ca=c.c_uni_ca  [1][0] OK
C:[26/04/2018 15:25:15.09][172.16.4.254][766] SELECT SUM(u_creditos*1) FROM tblaca009 a, dace006 b, dace002 c WHERE b.exp_e='12-26359476' AND b.status IN ('7','A') AND a.c_asigna=b.c_asigna AND b.exp_e=c.exp_e AND a.pensum=c.pensum AND a.c_uni_ca=c.c_uni_ca  [1][0] OK
C:[26/04/2018 15:27:09.09][172.16.4.254][766] SELECT SUM(u_creditos*1) FROM tblaca009 a, dace006 b, dace002 c WHERE b.exp_e='92-11176550' AND b.status IN ('7','A') AND a.c_asigna=b.c_asigna AND b.exp_e=c.exp_e AND a.pensum=c.pensum AND a.c_uni_ca=c.c_uni_ca  [1][0] OK
C:[26/04/2018 15:35:29.34][172.16.4.254][766] SELECT SUM(u_creditos*1) FROM tblaca009 a, dace006 b, dace002 c WHERE b.exp_e='12-23500388' AND b.status IN ('7','A') AND a.c_asigna=b.c_asigna AND b.exp_e=c.exp_e AND a.pensum=c.pensum AND a.c_uni_ca=c.c_uni_ca  [1][0] OK
C:[09/05/2018 09:56:33.51][172.16.4.254][766] SELECT SUM(u_creditos*1) FROM tblaca009 a, dace006 b, dace002 c WHERE b.exp_e='12-25754249' AND b.status IN ('7','A') AND a.c_asigna=b.c_asigna AND b.exp_e=c.exp_e AND a.pensum=c.pensum AND a.c_uni_ca=c.c_uni_ca  [1][0] OK
C:[11/05/2018 11:09:15.92][172.16.4.254][766] SELECT SUM(u_creditos*1) FROM tblaca009 a, dace006 b, dace002 c WHERE b.exp_e='11-21079485' AND b.status IN ('7','A') AND a.c_asigna=b.c_asigna AND b.exp_e=c.exp_e AND a.pensum=c.pensum AND a.c_uni_ca=c.c_uni_ca  [1][0] OK
C:[14/05/2018 08:30:11.39][172.16.4.254][766] SELECT SUM(u_creditos*1) FROM tblaca009 a, dace006 b, dace002 c WHERE b.exp_e='12-25754249' AND b.status IN ('7','A') AND a.c_asigna=b.c_asigna AND b.exp_e=c.exp_e AND a.pensum=c.pensum AND a.c_uni_ca=c.c_uni_ca  [1][0] OK
C:[22/05/2018 10:51:21.94][172.16.4.254][766] SELECT SUM(u_creditos*1) FROM tblaca009 a, dace006 b, dace002 c WHERE b.exp_e='10-22826978' AND b.status IN ('7','A') AND a.c_asigna=b.c_asigna AND b.exp_e=c.exp_e AND a.pensum=c.pensum AND a.c_uni_ca=c.c_uni_ca  [1][0] OK
C:[22/05/2018 11:23:43.42][172.16.4.254][766] SELECT SUM(u_creditos*1) FROM tblaca009 a, dace006 b, dace002 c WHERE b.exp_e='12-23500388' AND b.status IN ('7','A') AND a.c_asigna=b.c_asigna AND b.exp_e=c.exp_e AND a.pensum=c.pensum AND a.c_uni_ca=c.c_uni_ca  [1][0] OK
C:[22/05/2018 11:26:12.89][172.16.4.254][766] SELECT SUM(u_creditos*1) FROM tblaca009 a, dace006 b, dace002 c WHERE b.exp_e='12-26359476' AND b.status IN ('7','A') AND a.c_asigna=b.c_asigna AND b.exp_e=c.exp_e AND a.pensum=c.pensum AND a.c_uni_ca=c.c_uni_ca  [1][0] OK
C:[22/05/2018 11:28:54.58][172.16.4.254][766] SELECT SUM(u_creditos*1) FROM tblaca009 a, dace006 b, dace002 c WHERE b.exp_e='12-23500388' AND b.status IN ('7','A') AND a.c_asigna=b.c_asigna AND b.exp_e=c.exp_e AND a.pensum=c.pensum AND a.c_uni_ca=c.c_uni_ca  [1][0] OK
C:[24/05/2018 13:11:50.96][172.16.4.254][766] SELECT SUM(u_creditos*1) FROM tblaca009 a, dace006 b, dace002 c WHERE b.exp_e='12-21339293' AND b.status IN ('7','A') AND a.c_asigna=b.c_asigna AND b.exp_e=c.exp_e AND a.pensum=c.pensum AND a.c_uni_ca=c.c_uni_ca  [1][0] OK
C:[24/05/2018 14:29:39.46][172.16.4.254][766] SELECT SUM(u_creditos*1) FROM tblaca009 a, dace006 b, dace002 c WHERE b.exp_e='12-26359476' AND b.status IN ('7','A') AND a.c_asigna=b.c_asigna AND b.exp_e=c.exp_e AND a.pensum=c.pensum AND a.c_uni_ca=c.c_uni_ca  [1][0] OK
C:[24/05/2018 14:33:48.15][172.16.4.254][766] SELECT SUM(u_creditos*1) FROM tblaca009 a, dace006 b, dace002 c WHERE b.exp_e='12-26359476' AND b.status IN ('7','A') AND a.c_asigna=b.c_asigna AND b.exp_e=c.exp_e AND a.pensum=c.pensum AND a.c_uni_ca=c.c_uni_ca  [1][0] OK
C:[28/05/2018 10:00:04.30][172.16.4.254][766] SELECT SUM(u_creditos*1) FROM tblaca009 a, dace006 b, dace002 c WHERE b.exp_e='12-21498471' AND b.status IN ('7','A') AND a.c_asigna=b.c_asigna AND b.exp_e=c.exp_e AND a.pensum=c.pensum AND a.c_uni_ca=c.c_uni_ca  [1][0] OK
C:[13/06/2018 08:23:40.98][172.16.4.254][766] SELECT SUM(u_creditos*1) FROM tblaca009 a, dace006 b, dace002 c WHERE b.exp_e='13-24412379' AND b.status IN ('7','A') AND a.c_asigna=b.c_asigna AND b.exp_e=c.exp_e AND a.pensum=c.pensum AND a.c_uni_ca=c.c_uni_ca  [1][0] OK
C:[13/06/2018 09:25:31.31][172.16.4.254][766] SELECT SUM(u_creditos*1) FROM tblaca009 a, dace006 b, dace002 c WHERE b.exp_e='11-21247448' AND b.status IN ('7','A') AND a.c_asigna=b.c_asigna AND b.exp_e=c.exp_e AND a.pensum=c.pensum AND a.c_uni_ca=c.c_uni_ca  [1][0] OK
C:[13/06/2018 11:57:30.20][172.16.4.254][766] SELECT SUM(u_creditos*1) FROM tblaca009 a, dace006 b, dace002 c WHERE b.exp_e='13-25859279' AND b.status IN ('7','A') AND a.c_asigna=b.c_asigna AND b.exp_e=c.exp_e AND a.pensum=c.pensum AND a.c_uni_ca=c.c_uni_ca  [1][0] OK
C:[14/06/2018 11:05:12.15][172.16.4.254][766] SELECT SUM(u_creditos*1) FROM tblaca009 a, dace006 b, dace002 c WHERE b.exp_e='10-20222566' AND b.status IN ('7','A') AND a.c_asigna=b.c_asigna AND b.exp_e=c.exp_e AND a.pensum=c.pensum AND a.c_uni_ca=c.c_uni_ca  [1][0] OK
C:[18/06/2018 09:25:15.94][172.16.4.254][766] SELECT SUM(u_creditos*1) FROM tblaca009 a, dace006 b, dace002 c WHERE b.exp_e='12-25511508' AND b.status IN ('7','A') AND a.c_asigna=b.c_asigna AND b.exp_e=c.exp_e AND a.pensum=c.pensum AND a.c_uni_ca=c.c_uni_ca  [1][0] OK
C:[18/06/2018 09:30:05.50][172.16.4.254][766] SELECT SUM(u_creditos*1) FROM tblaca009 a, dace006 b, dace002 c WHERE b.exp_e='12-25511508' AND b.status IN ('7','A') AND a.c_asigna=b.c_asigna AND b.exp_e=c.exp_e AND a.pensum=c.pensum AND a.c_uni_ca=c.c_uni_ca  [1][0] OK
C:[18/06/2018 09:32:06.77][172.16.4.254][766] SELECT SUM(u_creditos*1) FROM tblaca009 a, dace006 b, dace002 c WHERE b.exp_e='12-25511508' AND b.status IN ('7','A') AND a.c_asigna=b.c_asigna AND b.exp_e=c.exp_e AND a.pensum=c.pensum AND a.c_uni_ca=c.c_uni_ca  [1][0] OK
C:[18/06/2018 11:01:59.58][172.16.4.254][766] SELECT SUM(u_creditos*1) FROM tblaca009 a, dace006 b, dace002 c WHERE b.exp_e='12-25754249' AND b.status IN ('7','A') AND a.c_asigna=b.c_asigna AND b.exp_e=c.exp_e AND a.pensum=c.pensum AND a.c_uni_ca=c.c_uni_ca  [1][0] OK
C:[18/06/2018 11:03:18.75][172.16.4.254][766] SELECT SUM(u_creditos*1) FROM tblaca009 a, dace006 b, dace002 c WHERE b.exp_e='12-25754249' AND b.status IN ('7','A') AND a.c_asigna=b.c_asigna AND b.exp_e=c.exp_e AND a.pensum=c.pensum AND a.c_uni_ca=c.c_uni_ca  [1][0] OK
C:[18/06/2018 11:04:17.09][172.16.4.254][766] SELECT SUM(u_creditos*1) FROM tblaca009 a, dace006 b, dace002 c WHERE b.exp_e='12-25754249' AND b.status IN ('7','A') AND a.c_asigna=b.c_asigna AND b.exp_e=c.exp_e AND a.pensum=c.pensum AND a.c_uni_ca=c.c_uni_ca  [1][0] OK
C:[20/06/2018 08:53:58.34][172.16.4.234][766] SELECT SUM(u_creditos*1) FROM tblaca009 a, dace006 b, dace002 c WHERE b.exp_e='12-25277487' AND b.status IN ('7','A') AND a.c_asigna=b.c_asigna AND b.exp_e=c.exp_e AND a.pensum=c.pensum AND a.c_uni_ca=c.c_uni_ca  [1][0] OK
C:[20/06/2018 09:22:24.58][172.16.4.244][766] SELECT SUM(u_creditos*1) FROM tblaca009 a, dace006 b, dace002 c WHERE b.exp_e='12-25277487' AND b.status IN ('7','A') AND a.c_asigna=b.c_asigna AND b.exp_e=c.exp_e AND a.pensum=c.pensum AND a.c_uni_ca=c.c_uni_ca  [1][0] OK
C:[25/06/2018 11:35:48.98][172.16.4.254][766] SELECT SUM(u_creditos*1) FROM tblaca009 a, dace006 b, dace002 c WHERE b.exp_e='13-25693019' AND b.status IN ('7','A') AND a.c_asigna=b.c_asigna AND b.exp_e=c.exp_e AND a.pensum=c.pensum AND a.c_uni_ca=c.c_uni_ca  [1][0] OK
C:[28/06/2018 08:47:18.16][172.16.4.254][766] SELECT SUM(u_creditos*1) FROM tblaca009 a, dace006 b, dace002 c WHERE b.exp_e='12-25511016' AND b.status IN ('7','A') AND a.c_asigna=b.c_asigna AND b.exp_e=c.exp_e AND a.pensum=c.pensum AND a.c_uni_ca=c.c_uni_ca  [1][0] OK
C:[28/06/2018 14:00:14.79][172.16.4.254][766] SELECT SUM(u_creditos*1) FROM tblaca009 a, dace006 b, dace002 c WHERE b.exp_e='13-26124449' AND b.status IN ('7','A') AND a.c_asigna=b.c_asigna AND b.exp_e=c.exp_e AND a.pensum=c.pensum AND a.c_uni_ca=c.c_uni_ca  [1][0] OK
C:[29/06/2018 10:36:33.33][172.16.4.246][766] SELECT SUM(u_creditos*1) FROM tblaca009 a, dace006 b, dace002 c WHERE b.exp_e='12-25277487' AND b.status IN ('7','A') AND a.c_asigna=b.c_asigna AND b.exp_e=c.exp_e AND a.pensum=c.pensum AND a.c_uni_ca=c.c_uni_ca  [1][0] OK
C:[02/07/2018 11:20:51.50][172.16.4.254][766] SELECT SUM(u_creditos*1) FROM tblaca009 a, dace006 b, dace002 c WHERE b.exp_e='11-21122297' AND b.status IN ('7','A') AND a.c_asigna=b.c_asigna AND b.exp_e=c.exp_e AND a.pensum=c.pensum AND a.c_uni_ca=c.c_uni_ca  [1][0] OK
C:[09/07/2018 11:21:59.54][172.16.4.254][766] SELECT SUM(u_creditos*1) FROM tblaca009 a, dace006 b, dace002 c WHERE b.exp_e='12-25511363' AND b.status IN ('7','A') AND a.c_asigna=b.c_asigna AND b.exp_e=c.exp_e AND a.pensum=c.pensum AND a.c_uni_ca=c.c_uni_ca  [1][0] OK
C:[23/07/2018 11:10:36.73][172.16.4.254][766] SELECT SUM(u_creditos*1) FROM tblaca009 a, dace006 b, dace002 c WHERE b.exp_e='10-20701858' AND b.status IN ('7','A') AND a.c_asigna=b.c_asigna AND b.exp_e=c.exp_e AND a.pensum=c.pensum AND a.c_uni_ca=c.c_uni_ca  [1][0] OK
C:[31/07/2018 11:06:51.23][172.16.4.254][766] SELECT SUM(u_creditos*1) FROM tblaca009 a, dace006 b, dace002 c WHERE b.exp_e='11-20507099' AND b.status IN ('7','A') AND a.c_asigna=b.c_asigna AND b.exp_e=c.exp_e AND a.pensum=c.pensum AND a.c_uni_ca=c.c_uni_ca  [1][0] OK
C:[01/08/2018 15:07:05.77][172.16.4.254][766] SELECT SUM(u_creditos*1) FROM tblaca009 a, dace006 b, dace002 c WHERE b.exp_e='13-26225064' AND b.status IN ('7','A') AND a.c_asigna=b.c_asigna AND b.exp_e=c.exp_e AND a.pensum=c.pensum AND a.c_uni_ca=c.c_uni_ca  [1][0] OK
C:[02/08/2018 10:17:10.86][172.17.138.177][766] SELECT SUM(u_creditos*1) FROM tblaca009 a, dace006 b, dace002 c WHERE b.exp_e='04-16395082' AND b.status IN ('7','A') AND a.c_asigna=b.c_asigna AND b.exp_e=c.exp_e AND a.pensum=c.pensum AND a.c_uni_ca=c.c_uni_ca  [1][0] OK
C:[06/08/2018 09:39:25.43][172.16.4.254][766] SELECT SUM(u_creditos*1) FROM tblaca009 a, dace006 b, dace002 c WHERE b.exp_e='10-20805512' AND b.status IN ('7','A') AND a.c_asigna=b.c_asigna AND b.exp_e=c.exp_e AND a.pensum=c.pensum AND a.c_uni_ca=c.c_uni_ca  [1][0] OK
C:[07/08/2018 11:43:28.84][172.16.5.208][766] SELECT SUM(u_creditos*1) FROM tblaca009 a, dace006 b, dace002 c WHERE b.exp_e='12-25083724' AND b.status IN ('7','A') AND a.c_asigna=b.c_asigna AND b.exp_e=c.exp_e AND a.pensum=c.pensum AND a.c_uni_ca=c.c_uni_ca  [1][0] OK
C:[09/08/2018 08:46:06.39][172.16.4.254][766] SELECT SUM(u_creditos*1) FROM tblaca009 a, dace006 b, dace002 c WHERE b.exp_e='13-23730803' AND b.status IN ('7','A') AND a.c_asigna=b.c_asigna AND b.exp_e=c.exp_e AND a.pensum=c.pensum AND a.c_uni_ca=c.c_uni_ca  [1][0] OK
C:[09/08/2018 08:50:13.59][172.16.4.254][766] SELECT SUM(u_creditos*1) FROM tblaca009 a, dace006 b, dace002 c WHERE b.exp_e='13-23730803' AND b.status IN ('7','A') AND a.c_asigna=b.c_asigna AND b.exp_e=c.exp_e AND a.pensum=c.pensum AND a.c_uni_ca=c.c_uni_ca  [1][0] OK
C:[09/08/2018 08:59:59.51][172.16.4.254][766] SELECT SUM(u_creditos*1) FROM tblaca009 a, dace006 b, dace002 c WHERE b.exp_e='13-23730803' AND b.status IN ('7','A') AND a.c_asigna=b.c_asigna AND b.exp_e=c.exp_e AND a.pensum=c.pensum AND a.c_uni_ca=c.c_uni_ca  [1][0] OK
C:[09/08/2018 11:06:10.47][172.16.4.254][766] SELECT SUM(u_creditos*1) FROM tblaca009 a, dace006 b, dace002 c WHERE b.exp_e='12-23506856' AND b.status IN ('7','A') AND a.c_asigna=b.c_asigna AND b.exp_e=c.exp_e AND a.pensum=c.pensum AND a.c_uni_ca=c.c_uni_ca  [1][0] OK
C:[09/08/2018 11:07:54.18][172.16.4.254][766] SELECT SUM(u_creditos*1) FROM tblaca009 a, dace006 b, dace002 c WHERE b.exp_e='12-23506856' AND b.status IN ('7','A') AND a.c_asigna=b.c_asigna AND b.exp_e=c.exp_e AND a.pensum=c.pensum AND a.c_uni_ca=c.c_uni_ca  [1][0] OK
C:[09/08/2018 11:09:15.81][172.16.4.254][766] SELECT SUM(u_creditos*1) FROM tblaca009 a, dace006 b, dace002 c WHERE b.exp_e='12-23506856' AND b.status IN ('7','A') AND a.c_asigna=b.c_asigna AND b.exp_e=c.exp_e AND a.pensum=c.pensum AND a.c_uni_ca=c.c_uni_ca  [1][0] OK
C:[09/08/2018 11:11:22.50][172.16.4.254][766] SELECT SUM(u_creditos*1) FROM tblaca009 a, dace006 b, dace002 c WHERE b.exp_e='12-23506856' AND b.status IN ('7','A') AND a.c_asigna=b.c_asigna AND b.exp_e=c.exp_e AND a.pensum=c.pensum AND a.c_uni_ca=c.c_uni_ca  [1][0] OK
C:[09/08/2018 11:13:40.35][172.16.4.254][766] SELECT SUM(u_creditos*1) FROM tblaca009 a, dace006 b, dace002 c WHERE b.exp_e='12-23506856' AND b.status IN ('7','A') AND a.c_asigna=b.c_asigna AND b.exp_e=c.exp_e AND a.pensum=c.pensum AND a.c_uni_ca=c.c_uni_ca  [1][0] OK
C:[09/08/2018 11:16:10.56][172.16.4.254][766] SELECT SUM(u_creditos*1) FROM tblaca009 a, dace006 b, dace002 c WHERE b.exp_e='12-23506856' AND b.status IN ('7','A') AND a.c_asigna=b.c_asigna AND b.exp_e=c.exp_e AND a.pensum=c.pensum AND a.c_uni_ca=c.c_uni_ca  [1][0] OK
C:[07/11/2018 11:56:55.93][172.16.4.131][766] SELECT SUM(u_creditos*1) FROM tblaca009 a, dace006 b, dace002 c WHERE b.exp_e='13-26244449' AND b.status IN ('7','A') AND a.c_asigna=b.c_asigna AND b.exp_e=c.exp_e AND a.pensum=c.pensum AND a.c_uni_ca=c.c_uni_ca  [1][0] OK
C:[09/11/2018 11:26:33.74][172.16.4.168][766] SELECT SUM(u_creditos*1) FROM tblaca009 a, dace006 b, dace002 c WHERE b.exp_e='13-26244449' AND b.status IN ('7','A') AND a.c_asigna=b.c_asigna AND b.exp_e=c.exp_e AND a.pensum=c.pensum AND a.c_uni_ca=c.c_uni_ca  [1][0] OK
C:[12/11/2018 13:41:31.22][172.17.138.177][766] SELECT SUM(u_creditos*1) FROM tblaca009 a, dace006 b, dace002 c WHERE b.exp_e='12-25036167' AND b.status IN ('7','A') AND a.c_asigna=b.c_asigna AND b.exp_e=c.exp_e AND a.pensum=c.pensum AND a.c_uni_ca=c.c_uni_ca  [1][0] OK
C:[12/11/2018 13:47:32.26][172.17.138.177][766] SELECT SUM(u_creditos*1) FROM tblaca009 a, dace006 b, dace002 c WHERE b.exp_e='12-25036167' AND b.status IN ('7','A') AND a.c_asigna=b.c_asigna AND b.exp_e=c.exp_e AND a.pensum=c.pensum AND a.c_uni_ca=c.c_uni_ca  [1][0] OK
C:[14/11/2018 09:29:40.24][172.17.138.177][766] SELECT SUM(u_creditos*1) FROM tblaca009 a, dace006 b, dace002 c WHERE b.exp_e='10-21087904' AND b.status IN ('7','A') AND a.c_asigna=b.c_asigna AND b.exp_e=c.exp_e AND a.pensum=c.pensum AND a.c_uni_ca=c.c_uni_ca  [1][0] OK
C:[14/11/2018 13:18:56.54][172.17.138.177][766] SELECT SUM(u_creditos*1) FROM tblaca009 a, dace006 b, dace002 c WHERE b.exp_e='13-25040718' AND b.status IN ('7','A') AND a.c_asigna=b.c_asigna AND b.exp_e=c.exp_e AND a.pensum=c.pensum AND a.c_uni_ca=c.c_uni_ca  [1][0] OK
C:[15/11/2018 09:13:44.88][172.17.138.177][766] SELECT SUM(u_creditos*1) FROM tblaca009 a, dace006 b, dace002 c WHERE b.exp_e='12-24037223' AND b.status IN ('7','A') AND a.c_asigna=b.c_asigna AND b.exp_e=c.exp_e AND a.pensum=c.pensum AND a.c_uni_ca=c.c_uni_ca  [1][0] OK
C:[20/11/2018 13:45:18.43][172.17.115.161][766] SELECT SUM(u_creditos*1) FROM tblaca009 a, dace006 b, dace002 c WHERE b.exp_e='08-20505839' AND b.status IN ('7','A') AND a.c_asigna=b.c_asigna AND b.exp_e=c.exp_e AND a.pensum=c.pensum AND a.c_uni_ca=c.c_uni_ca  [1][0] OK
C:[20/11/2018 16:11:14.69][172.17.141.166][766] SELECT SUM(u_creditos*1) FROM tblaca009 a, dace006 b, dace002 c WHERE b.exp_e='11-21248976' AND b.status IN ('7','A') AND a.c_asigna=b.c_asigna AND b.exp_e=c.exp_e AND a.pensum=c.pensum AND a.c_uni_ca=c.c_uni_ca  [1][0] OK
C:[21/11/2018 08:27:12.30][172.16.1.151][766] SELECT SUM(u_creditos*1) FROM tblaca009 a, dace006 b, dace002 c WHERE b.exp_e='12-24874728' AND b.status IN ('7','A') AND a.c_asigna=b.c_asigna AND b.exp_e=c.exp_e AND a.pensum=c.pensum AND a.c_uni_ca=c.c_uni_ca  [1][0] OK
C:[29/11/2018 09:48:36.20][172.16.4.222][766] SELECT SUM(u_creditos*1) FROM tblaca009 a, dace006 b, dace002 c WHERE b.exp_e='13-26264397' AND b.status IN ('7','A') AND a.c_asigna=b.c_asigna AND b.exp_e=c.exp_e AND a.pensum=c.pensum AND a.c_uni_ca=c.c_uni_ca  [1][0] OK
C:[29/11/2018 11:45:37.58][172.17.124.49][766] SELECT SUM(u_creditos*1) FROM tblaca009 a, dace006 b, dace002 c WHERE b.exp_e='14-26649033' AND b.status IN ('7','A') AND a.c_asigna=b.c_asigna AND b.exp_e=c.exp_e AND a.pensum=c.pensum AND a.c_uni_ca=c.c_uni_ca  [1][0] OK
C:[29/11/2018 11:47:08.85][172.17.124.49][766] SELECT SUM(u_creditos*1) FROM tblaca009 a, dace006 b, dace002 c WHERE b.exp_e='14-26649033' AND b.status IN ('7','A') AND a.c_asigna=b.c_asigna AND b.exp_e=c.exp_e AND a.pensum=c.pensum AND a.c_uni_ca=c.c_uni_ca  [1][0] OK
C:[04/12/2018 08:52:59.41][172.16.1.151][766] SELECT SUM(u_creditos*1) FROM tblaca009 a, dace006 b, dace002 c WHERE b.exp_e='12-24874728' AND b.status IN ('7','A') AND a.c_asigna=b.c_asigna AND b.exp_e=c.exp_e AND a.pensum=c.pensum AND a.c_uni_ca=c.c_uni_ca  [1][0] OK
C:[04/12/2018 10:19:56.89][172.16.5.56][766] SELECT SUM(u_creditos*1) FROM tblaca009 a, dace006 b, dace002 c WHERE b.exp_e='14-26513236' AND b.status IN ('7','A') AND a.c_asigna=b.c_asigna AND b.exp_e=c.exp_e AND a.pensum=c.pensum AND a.c_uni_ca=c.c_uni_ca  [1][0] OK
C:[06/12/2018 09:30:20.36][172.16.5.229][766] SELECT SUM(u_creditos*1) FROM tblaca009 a, dace006 b, dace002 c WHERE b.exp_e='09-21198193' AND b.status IN ('7','A') AND a.c_asigna=b.c_asigna AND b.exp_e=c.exp_e AND a.pensum=c.pensum AND a.c_uni_ca=c.c_uni_ca  [1][0] OK
C:[25/01/2021 15:38:09.70][172.16.4.230][766] SELECT SUM(u_creditos*1) FROM tblaca009 a, dace006 b, dace002 c WHERE b.exp_e='13-25678810' AND b.status IN ('7','A') AND a.c_asigna=b.c_asigna AND b.exp_e=c.exp_e AND a.pensum=c.pensum AND a.c_uni_ca=c.c_uni_ca  [1][0] OK
C:[25/01/2021 15:39:03.02][172.16.4.230][766] SELECT SUM(u_creditos*1) FROM tblaca009 a, dace006 b, dace002 c WHERE b.exp_e='13-25678810' AND b.status IN ('7','A') AND a.c_asigna=b.c_asigna AND b.exp_e=c.exp_e AND a.pensum=c.pensum AND a.c_uni_ca=c.c_uni_ca  [1][0] OK
C:[25/01/2021 16:05:08.91][172.16.4.230][766] SELECT SUM(u_creditos*1) FROM tblaca009 a, dace006 b, dace002 c WHERE b.exp_e='17-27506087' AND b.status IN ('7','A') AND a.c_asigna=b.c_asigna AND b.exp_e=c.exp_e AND a.pensum=c.pensum AND a.c_uni_ca=c.c_uni_ca  [1][0] OK
C:[25/01/2021 16:14:17.74][172.16.4.230][766] SELECT SUM(u_creditos*1) FROM tblaca009 a, dace006 b, dace002 c WHERE b.exp_e='17-27506087' AND b.status IN ('7','A') AND a.c_asigna=b.c_asigna AND b.exp_e=c.exp_e AND a.pensum=c.pensum AND a.c_uni_ca=c.c_uni_ca  [1][0] OK
C:[26/01/2021 14:18:35.87][172.16.4.230][766] SELECT SUM(u_creditos*1) FROM tblaca009 a, dace006 b, dace002 c WHERE b.exp_e='05-18451404' AND b.status IN ('7','A') AND a.c_asigna=b.c_asigna AND b.exp_e=c.exp_e AND a.pensum=c.pensum AND a.c_uni_ca=c.c_uni_ca  [1][0] OK
C:[04/03/2021 15:59:18.50][172.16.4.230][766] SELECT SUM(u_creditos*1) FROM tblaca009 a, dace006 b, dace002 c WHERE b.exp_e='14-25978060' AND b.status IN ('7','A') AND a.c_asigna=b.c_asigna AND b.exp_e=c.exp_e AND a.pensum=c.pensum AND a.c_uni_ca=c.c_uni_ca  [1][0] OK
C:[04/03/2021 16:29:28.26][172.16.4.230][766] SELECT SUM(u_creditos*1) FROM tblaca009 a, dace006 b, dace002 c WHERE b.exp_e='14-22717210' AND b.status IN ('7','A') AND a.c_asigna=b.c_asigna AND b.exp_e=c.exp_e AND a.pensum=c.pensum AND a.c_uni_ca=c.c_uni_ca  [1][0] OK
C:[12/03/2021 14:54:39.94][172.16.4.230][766] SELECT SUM(u_creditos*1) FROM tblaca009 a, dace006 b, dace002 c WHERE b.exp_e='14-24847344' AND b.status IN ('7','A') AND a.c_asigna=b.c_asigna AND b.exp_e=c.exp_e AND a.pensum=c.pensum AND a.c_uni_ca=c.c_uni_ca  [1][0] OK
C:[12/03/2021 15:10:36.43][172.16.4.230][766] SELECT SUM(u_creditos*1) FROM tblaca009 a, dace006 b, dace002 c WHERE b.exp_e='14-24847344' AND b.status IN ('7','A') AND a.c_asigna=b.c_asigna AND b.exp_e=c.exp_e AND a.pensum=c.pensum AND a.c_uni_ca=c.c_uni_ca  [1][0] OK
C:[12/03/2021 16:13:47.22][172.16.4.230][766] SELECT SUM(u_creditos*1) FROM tblaca009 a, dace006 b, dace002 c WHERE b.exp_e='14-24847344' AND b.status IN ('7','A') AND a.c_asigna=b.c_asigna AND b.exp_e=c.exp_e AND a.pensum=c.pensum AND a.c_uni_ca=c.c_uni_ca  [1][0] OK
C:[13/03/2021 03:54:30.61][172.16.4.230][766] SELECT SUM(u_creditos*1) FROM tblaca009 a, dace006 b, dace002 c WHERE b.exp_e='15-26676913' AND b.status IN ('7','A') AND a.c_asigna=b.c_asigna AND b.exp_e=c.exp_e AND a.pensum=c.pensum AND a.c_uni_ca=c.c_uni_ca  [1][0] OK
C:[19/03/2021 11:39:09.68][172.16.4.230][766] SELECT SUM(u_creditos*1) FROM tblaca009 a, dace006 b, dace002 c WHERE b.exp_e='14-25933341' AND b.status IN ('7','A') AND a.c_asigna=b.c_asigna AND b.exp_e=c.exp_e AND a.pensum=c.pensum AND a.c_uni_ca=c.c_uni_ca  [1][0] OK
C:[20/03/2021 10:38:49.87][172.16.4.230][766] SELECT SUM(u_creditos*1) FROM tblaca009 a, dace006 b, dace002 c WHERE b.exp_e='14-25933341' AND b.status IN ('7','A') AND a.c_asigna=b.c_asigna AND b.exp_e=c.exp_e AND a.pensum=c.pensum AND a.c_uni_ca=c.c_uni_ca  [1][0] OK
C:[20/03/2021 10:43:21.41][172.16.4.230][766] SELECT SUM(u_creditos*1) FROM tblaca009 a, dace006 b, dace002 c WHERE b.exp_e='14-25933341' AND b.status IN ('7','A') AND a.c_asigna=b.c_asigna AND b.exp_e=c.exp_e AND a.pensum=c.pensum AND a.c_uni_ca=c.c_uni_ca  [1][0] OK
C:[20/03/2021 10:43:23.08][172.16.4.230][766] SELECT SUM(u_creditos*1) FROM tblaca009 a, dace006 b, dace002 c WHERE b.exp_e='14-25933341' AND b.status IN ('7','A') AND a.c_asigna=b.c_asigna AND b.exp_e=c.exp_e AND a.pensum=c.pensum AND a.c_uni_ca=c.c_uni_ca  [1][0] OK
C:[24/03/2021 16:06:05.46][172.16.4.230][766] SELECT SUM(u_creditos*1) FROM tblaca009 a, dace006 b, dace002 c WHERE b.exp_e='11-25512466' AND b.status IN ('7','A') AND a.c_asigna=b.c_asigna AND b.exp_e=c.exp_e AND a.pensum=c.pensum AND a.c_uni_ca=c.c_uni_ca  [1][0] OK
C:[02/04/2021 17:58:05.08][172.16.4.230][766] SELECT SUM(u_creditos*1) FROM tblaca009 a, dace006 b, dace002 c WHERE b.exp_e='12-25086154' AND b.status IN ('7','A') AND a.c_asigna=b.c_asigna AND b.exp_e=c.exp_e AND a.pensum=c.pensum AND a.c_uni_ca=c.c_uni_ca  [1][0] OK
C:[27/08/2021 12:05:30.29][172.16.4.230][766] SELECT SUM(u_creditos*1) FROM tblaca009 a, dace006 b, dace002 c WHERE b.exp_e='14-25502671' AND b.status IN ('7','A') AND a.c_asigna=b.c_asigna AND b.exp_e=c.exp_e AND a.pensum=c.pensum AND a.c_uni_ca=c.c_uni_ca  [1][0] OK
C:[02/09/2021 19:21:14.60][172.16.4.230][766] SELECT SUM(u_creditos*1) FROM tblaca009 a, dace006 b, dace002 c WHERE b.exp_e='07-19167952' AND b.status IN ('7','A') AND a.c_asigna=b.c_asigna AND b.exp_e=c.exp_e AND a.pensum=c.pensum AND a.c_uni_ca=c.c_uni_ca  [1][0] OK
C:[03/09/2021 11:01:54.29][172.16.4.195][766] SELECT SUM(u_creditos*1) FROM tblaca009 a, dace006 b, dace002 c WHERE b.exp_e='11-20224278' AND b.status IN ('7','A') AND a.c_asigna=b.c_asigna AND b.exp_e=c.exp_e AND a.pensum=c.pensum AND a.c_uni_ca=c.c_uni_ca  [1][0] OK
C:[03/09/2021 11:05:22.87][172.16.4.195][766] SELECT SUM(u_creditos*1) FROM tblaca009 a, dace006 b, dace002 c WHERE b.exp_e='11-20224278' AND b.status IN ('7','A') AND a.c_asigna=b.c_asigna AND b.exp_e=c.exp_e AND a.pensum=c.pensum AND a.c_uni_ca=c.c_uni_ca  [1][0] OK
C:[03/09/2021 11:56:44.63][172.16.4.195][766] SELECT SUM(u_creditos*1) FROM tblaca009 a, dace006 b, dace002 c WHERE b.exp_e='14-25696920' AND b.status IN ('7','A') AND a.c_asigna=b.c_asigna AND b.exp_e=c.exp_e AND a.pensum=c.pensum AND a.c_uni_ca=c.c_uni_ca  [1][0] OK
C:[03/09/2021 12:25:08.74][172.16.4.195][766] SELECT SUM(u_creditos*1) FROM tblaca009 a, dace006 b, dace002 c WHERE b.exp_e='11-20224278' AND b.status IN ('7','A') AND a.c_asigna=b.c_asigna AND b.exp_e=c.exp_e AND a.pensum=c.pensum AND a.c_uni_ca=c.c_uni_ca  [1][0] OK
C:[13/09/2021 09:15:04.44][172.16.4.230][766] SELECT SUM(u_creditos*1) FROM tblaca009 a, dace006 b, dace002 c WHERE b.exp_e='13-25124438' AND b.status IN ('7','A') AND a.c_asigna=b.c_asigna AND b.exp_e=c.exp_e AND a.pensum=c.pensum AND a.c_uni_ca=c.c_uni_ca  [1][0] OK
C:[13/09/2021 09:20:57.83][172.16.4.230][766] SELECT SUM(u_creditos*1) FROM tblaca009 a, dace006 b, dace002 c WHERE b.exp_e='13-25124438' AND b.status IN ('7','A') AND a.c_asigna=b.c_asigna AND b.exp_e=c.exp_e AND a.pensum=c.pensum AND a.c_uni_ca=c.c_uni_ca  [1][0] OK
C:[14/09/2021 10:04:52.18][172.16.4.230][766] SELECT SUM(u_creditos*1) FROM tblaca009 a, dace006 b, dace002 c WHERE b.exp_e='14-26459181' AND b.status IN ('7','A') AND a.c_asigna=b.c_asigna AND b.exp_e=c.exp_e AND a.pensum=c.pensum AND a.c_uni_ca=c.c_uni_ca  [1][0] OK
C:[16/09/2021 12:22:43.39][172.16.4.195][766] SELECT SUM(u_creditos*1) FROM tblaca009 a, dace006 b, dace002 c WHERE b.exp_e='14-25973353' AND b.status IN ('7','A') AND a.c_asigna=b.c_asigna AND b.exp_e=c.exp_e AND a.pensum=c.pensum AND a.c_uni_ca=c.c_uni_ca  [1][0] OK
C:[16/09/2021 16:10:07.38][172.16.4.230][766] SELECT SUM(u_creditos*1) FROM tblaca009 a, dace006 b, dace002 c WHERE b.exp_e='14-26459181' AND b.status IN ('7','A') AND a.c_asigna=b.c_asigna AND b.exp_e=c.exp_e AND a.pensum=c.pensum AND a.c_uni_ca=c.c_uni_ca  [1][0] OK
C:[17/09/2021 20:33:56.80][172.16.4.230][766] SELECT SUM(u_creditos*1) FROM tblaca009 a, dace006 b, dace002 c WHERE b.exp_e='12-24716179' AND b.status IN ('7','A') AND a.c_asigna=b.c_asigna AND b.exp_e=c.exp_e AND a.pensum=c.pensum AND a.c_uni_ca=c.c_uni_ca  [1][0] OK
C:[19/09/2021 12:01:34.65][172.16.4.230][766] SELECT SUM(u_creditos*1) FROM tblaca009 a, dace006 b, dace002 c WHERE b.exp_e='06-18960017' AND b.status IN ('7','A') AND a.c_asigna=b.c_asigna AND b.exp_e=c.exp_e AND a.pensum=c.pensum AND a.c_uni_ca=c.c_uni_ca  [1][0] OK
C:[28/09/2021 12:58:28.16][172.16.4.195][766] SELECT SUM(u_creditos*1) FROM tblaca009 a, dace006 b, dace002 c WHERE b.exp_e='14-25557245' AND b.status IN ('7','A') AND a.c_asigna=b.c_asigna AND b.exp_e=c.exp_e AND a.pensum=c.pensum AND a.c_uni_ca=c.c_uni_ca  [1][0] OK
C:[11/10/2021 09:39:10.00][172.16.4.195][766] SELECT SUM(u_creditos*1) FROM tblaca009 a, dace006 b, dace002 c WHERE b.exp_e='13-25937514' AND b.status IN ('7','A') AND a.c_asigna=b.c_asigna AND b.exp_e=c.exp_e AND a.pensum=c.pensum AND a.c_uni_ca=c.c_uni_ca  [1][0] OK
C:[11/10/2021 09:59:27.52][172.16.4.195][766] SELECT SUM(u_creditos*1) FROM tblaca009 a, dace006 b, dace002 c WHERE b.exp_e='15-27061894' AND b.status IN ('7','A') AND a.c_asigna=b.c_asigna AND b.exp_e=c.exp_e AND a.pensum=c.pensum AND a.c_uni_ca=c.c_uni_ca  [1][0] OK
C:[11/10/2021 10:29:16.76][172.16.4.195][766] SELECT SUM(u_creditos*1) FROM tblaca009 a, dace006 b, dace002 c WHERE b.exp_e='15-25559457' AND b.status IN ('7','A') AND a.c_asigna=b.c_asigna AND b.exp_e=c.exp_e AND a.pensum=c.pensum AND a.c_uni_ca=c.c_uni_ca  [1][0] OK
C:[11/10/2021 11:02:29.21][172.16.4.195][766] SELECT SUM(u_creditos*1) FROM tblaca009 a, dace006 b, dace002 c WHERE b.exp_e='12-25393488' AND b.status IN ('7','A') AND a.c_asigna=b.c_asigna AND b.exp_e=c.exp_e AND a.pensum=c.pensum AND a.c_uni_ca=c.c_uni_ca  [1][0] OK
C:[21/11/2021 11:33:47.81][172.16.4.230][766] SELECT SUM(u_creditos*1) FROM tblaca009 a, dace006 b, dace002 c WHERE b.exp_e='12-25512508' AND b.status IN ('7','A') AND a.c_asigna=b.c_asigna AND b.exp_e=c.exp_e AND a.pensum=c.pensum AND a.c_uni_ca=c.c_uni_ca  [1][0] OK
C:[21/11/2021 11:37:04.74][172.16.4.230][766] SELECT SUM(u_creditos*1) FROM tblaca009 a, dace006 b, dace002 c WHERE b.exp_e='12-25512508' AND b.status IN ('7','A') AND a.c_asigna=b.c_asigna AND b.exp_e=c.exp_e AND a.pensum=c.pensum AND a.c_uni_ca=c.c_uni_ca  [1][0] OK
C:[25/11/2021 13:31:09.01][172.16.4.230][766] SELECT SUM(u_creditos*1) FROM tblaca009 a, dace006 b, dace002 c WHERE b.exp_e='13-26249996' AND b.status IN ('7','A') AND a.c_asigna=b.c_asigna AND b.exp_e=c.exp_e AND a.pensum=c.pensum AND a.c_uni_ca=c.c_uni_ca  [1][0] OK
C:[29/11/2021 10:38:46.22][172.16.4.230][766] SELECT SUM(u_creditos*1) FROM tblaca009 a, dace006 b, dace002 c WHERE b.exp_e='13-26249996' AND b.status IN ('7','A') AND a.c_asigna=b.c_asigna AND b.exp_e=c.exp_e AND a.pensum=c.pensum AND a.c_uni_ca=c.c_uni_ca  [1][0] OK
C:[04/12/2021 21:51:26.71][172.16.4.230][766] SELECT SUM(u_creditos*1) FROM tblaca009 a, dace006 b, dace002 c WHERE b.exp_e='14-25678064' AND b.status IN ('7','A') AND a.c_asigna=b.c_asigna AND b.exp_e=c.exp_e AND a.pensum=c.pensum AND a.c_uni_ca=c.c_uni_ca  [1][0] OK
C:[16/12/2021 11:30:21.51][172.16.4.230][766] SELECT SUM(u_creditos*1) FROM tblaca009 a, dace006 b, dace002 c WHERE b.exp_e='15-26549026' AND b.status IN ('7','A') AND a.c_asigna=b.c_asigna AND b.exp_e=c.exp_e AND a.pensum=c.pensum AND a.c_uni_ca=c.c_uni_ca  [1][0] OK
C:[18/01/2022 21:30:38.29][172.16.4.230][766] SELECT SUM(u_creditos*1) FROM tblaca009 a, dace006 b, dace002 c WHERE b.exp_e='13-26158614' AND b.status IN ('7','A') AND a.c_asigna=b.c_asigna AND b.exp_e=c.exp_e AND a.pensum=c.pensum AND a.c_uni_ca=c.c_uni_ca  [1][0] OK
C:[19/01/2022 09:40:49.46][172.16.4.230][766] SELECT SUM(u_creditos*1) FROM tblaca009 a, dace006 b, dace002 c WHERE b.exp_e='14-25003658' AND b.status IN ('7','A') AND a.c_asigna=b.c_asigna AND b.exp_e=c.exp_e AND a.pensum=c.pensum AND a.c_uni_ca=c.c_uni_ca  [1][0] OK
C:[20/01/2022 08:05:36.00][172.16.4.230][766] SELECT SUM(u_creditos*1) FROM tblaca009 a, dace006 b, dace002 c WHERE b.exp_e='13-26158614' AND b.status IN ('7','A') AND a.c_asigna=b.c_asigna AND b.exp_e=c.exp_e AND a.pensum=c.pensum AND a.c_uni_ca=c.c_uni_ca  [1][0] OK
C:[24/01/2022 14:00:05.68][172.16.4.230][766] SELECT SUM(u_creditos*1) FROM tblaca009 a, dace006 b, dace002 c WHERE b.exp_e='15-26753226' AND b.status IN ('7','A') AND a.c_asigna=b.c_asigna AND b.exp_e=c.exp_e AND a.pensum=c.pensum AND a.c_uni_ca=c.c_uni_ca  [1][0] OK
C:[24/01/2022 14:03:00.64][172.16.4.230][766] SELECT SUM(u_creditos*1) FROM tblaca009 a, dace006 b, dace002 c WHERE b.exp_e='15-26753226' AND b.status IN ('7','A') AND a.c_asigna=b.c_asigna AND b.exp_e=c.exp_e AND a.pensum=c.pensum AND a.c_uni_ca=c.c_uni_ca  [1][0] OK
C:[24/01/2022 19:07:42.62][172.16.4.230][766] SELECT SUM(u_creditos*1) FROM tblaca009 a, dace006 b, dace002 c WHERE b.exp_e='14-25393557' AND b.status IN ('7','A') AND a.c_asigna=b.c_asigna AND b.exp_e=c.exp_e AND a.pensum=c.pensum AND a.c_uni_ca=c.c_uni_ca  [1][0] OK
C:[30/01/2022 15:58:51.73][172.16.4.169][766] SELECT SUM(u_creditos*1) FROM tblaca009 a, dace006 b, dace002 c WHERE b.exp_e='15-26753755' AND b.status IN ('7','A') AND a.c_asigna=b.c_asigna AND b.exp_e=c.exp_e AND a.pensum=c.pensum AND a.c_uni_ca=c.c_uni_ca  [1][0] OK
C:[31/01/2022 20:39:53.49][172.16.4.169][766] SELECT SUM(u_creditos*1) FROM tblaca009 a, dace006 b, dace002 c WHERE b.exp_e='15-20505863' AND b.status IN ('7','A') AND a.c_asigna=b.c_asigna AND b.exp_e=c.exp_e AND a.pensum=c.pensum AND a.c_uni_ca=c.c_uni_ca  [1][0] OK
C:[31/01/2022 20:41:43.54][172.16.4.169][766] SELECT SUM(u_creditos*1) FROM tblaca009 a, dace006 b, dace002 c WHERE b.exp_e='15-20505863' AND b.status IN ('7','A') AND a.c_asigna=b.c_asigna AND b.exp_e=c.exp_e AND a.pensum=c.pensum AND a.c_uni_ca=c.c_uni_ca  [1][0] OK
C:[01/02/2022 03:11:52.19][172.16.4.169][766] SELECT SUM(u_creditos*1) FROM tblaca009 a, dace006 b, dace002 c WHERE b.exp_e='13-25397793' AND b.status IN ('7','A') AND a.c_asigna=b.c_asigna AND b.exp_e=c.exp_e AND a.pensum=c.pensum AND a.c_uni_ca=c.c_uni_ca  [1][0] OK
C:[02/02/2022 11:17:28.87][172.16.4.169][766] SELECT SUM(u_creditos*1) FROM tblaca009 a, dace006 b, dace002 c WHERE b.exp_e='15-26753755' AND b.status IN ('7','A') AND a.c_asigna=b.c_asigna AND b.exp_e=c.exp_e AND a.pensum=c.pensum AND a.c_uni_ca=c.c_uni_ca  [1][0] OK
C:[02/02/2022 16:37:39.30][172.16.4.169][766] SELECT SUM(u_creditos*1) FROM tblaca009 a, dace006 b, dace002 c WHERE b.exp_e='13-24964670' AND b.status IN ('7','A') AND a.c_asigna=b.c_asigna AND b.exp_e=c.exp_e AND a.pensum=c.pensum AND a.c_uni_ca=c.c_uni_ca  [1][0] OK
C:[06/02/2022 10:50:34.03][172.16.4.169][766] SELECT SUM(u_creditos*1) FROM tblaca009 a, dace006 b, dace002 c WHERE b.exp_e='15-26753755' AND b.status IN ('7','A') AND a.c_asigna=b.c_asigna AND b.exp_e=c.exp_e AND a.pensum=c.pensum AND a.c_uni_ca=c.c_uni_ca  [1][0] OK
C:[07/02/2022 09:12:02.26][172.16.0.184][766] SELECT SUM(u_creditos*1) FROM tblaca009 a, dace006 b, dace002 c WHERE b.exp_e='11-25393719' AND b.status IN ('7','A') AND a.c_asigna=b.c_asigna AND b.exp_e=c.exp_e AND a.pensum=c.pensum AND a.c_uni_ca=c.c_uni_ca  [1][0] OK
C:[09/02/2022 12:35:17.61][172.16.4.169][766] SELECT SUM(u_creditos*1) FROM tblaca009 a, dace006 b, dace002 c WHERE b.exp_e='15-26753755' AND b.status IN ('7','A') AND a.c_asigna=b.c_asigna AND b.exp_e=c.exp_e AND a.pensum=c.pensum AND a.c_uni_ca=c.c_uni_ca  [1][0] OK
C:[11/02/2022 09:42:53.89][172.16.4.169][766] SELECT SUM(u_creditos*1) FROM tblaca009 a, dace006 b, dace002 c WHERE b.exp_e='14-26459181' AND b.status IN ('7','A') AND a.c_asigna=b.c_asigna AND b.exp_e=c.exp_e AND a.pensum=c.pensum AND a.c_uni_ca=c.c_uni_ca  [1][0] OK
C:[14/02/2022 16:38:12.95][172.16.4.169][766] SELECT SUM(u_creditos*1) FROM tblaca009 a, dace006 b, dace002 c WHERE b.exp_e='12-24716179' AND b.status IN ('7','A') AND a.c_asigna=b.c_asigna AND b.exp_e=c.exp_e AND a.pensum=c.pensum AND a.c_uni_ca=c.c_uni_ca  [1][0] OK
C:[23/02/2022 16:21:41.44][172.16.4.169][766] SELECT SUM(u_creditos*1) FROM tblaca009 a, dace006 b, dace002 c WHERE b.exp_e='15-20505863' AND b.status IN ('7','A') AND a.c_asigna=b.c_asigna AND b.exp_e=c.exp_e AND a.pensum=c.pensum AND a.c_uni_ca=c.c_uni_ca  [1][0] OK
C:[23/02/2022 16:24:32.13][172.16.4.169][766] SELECT SUM(u_creditos*1) FROM tblaca009 a, dace006 b, dace002 c WHERE b.exp_e='15-20505863' AND b.status IN ('7','A') AND a.c_asigna=b.c_asigna AND b.exp_e=c.exp_e AND a.pensum=c.pensum AND a.c_uni_ca=c.c_uni_ca  [1][0] OK
C:[23/02/2022 16:37:56.70][172.16.4.169][766] SELECT SUM(u_creditos*1) FROM tblaca009 a, dace006 b, dace002 c WHERE b.exp_e='15-20505863' AND b.status IN ('7','A') AND a.c_asigna=b.c_asigna AND b.exp_e=c.exp_e AND a.pensum=c.pensum AND a.c_uni_ca=c.c_uni_ca  [1][0] OK
C:[23/02/2022 16:41:30.14][172.16.4.169][766] SELECT SUM(u_creditos*1) FROM tblaca009 a, dace006 b, dace002 c WHERE b.exp_e='15-20505863' AND b.status IN ('7','A') AND a.c_asigna=b.c_asigna AND b.exp_e=c.exp_e AND a.pensum=c.pensum AND a.c_uni_ca=c.c_uni_ca  [1][0] OK
C:[24/02/2022 20:07:09.72][172.16.4.169][766] SELECT SUM(u_creditos*1) FROM tblaca009 a, dace006 b, dace002 c WHERE b.exp_e='15-20505863' AND b.status IN ('7','A') AND a.c_asigna=b.c_asigna AND b.exp_e=c.exp_e AND a.pensum=c.pensum AND a.c_uni_ca=c.c_uni_ca  [1][0] OK
C:[24/02/2022 20:09:06.21][172.16.4.169][766] SELECT SUM(u_creditos*1) FROM tblaca009 a, dace006 b, dace002 c WHERE b.exp_e='15-20505863' AND b.status IN ('7','A') AND a.c_asigna=b.c_asigna AND b.exp_e=c.exp_e AND a.pensum=c.pensum AND a.c_uni_ca=c.c_uni_ca  [1][0] OK
C:[02/03/2022 12:05:50.35][172.16.4.169][766] SELECT SUM(u_creditos*1) FROM tblaca009 a, dace006 b, dace002 c WHERE b.exp_e='13-24035082' AND b.status IN ('7','A') AND a.c_asigna=b.c_asigna AND b.exp_e=c.exp_e AND a.pensum=c.pensum AND a.c_uni_ca=c.c_uni_ca  [1][0] OK
C:[03/03/2022 03:58:46.23][172.16.4.169][766] SELECT SUM(u_creditos*1) FROM tblaca009 a, dace006 b, dace002 c WHERE b.exp_e='05-16944356' AND b.status IN ('7','A') AND a.c_asigna=b.c_asigna AND b.exp_e=c.exp_e AND a.pensum=c.pensum AND a.c_uni_ca=c.c_uni_ca  [1][0] OK
C:[03/03/2022 11:49:46.14][172.16.4.169][766] SELECT SUM(u_creditos*1) FROM tblaca009 a, dace006 b, dace002 c WHERE b.exp_e='99-16392147' AND b.status IN ('7','A') AND a.c_asigna=b.c_asigna AND b.exp_e=c.exp_e AND a.pensum=c.pensum AND a.c_uni_ca=c.c_uni_ca  [1][0] OK
C:[03/03/2022 11:52:38.96][172.16.4.169][766] SELECT SUM(u_creditos*1) FROM tblaca009 a, dace006 b, dace002 c WHERE b.exp_e='99-16392147' AND b.status IN ('7','A') AND a.c_asigna=b.c_asigna AND b.exp_e=c.exp_e AND a.pensum=c.pensum AND a.c_uni_ca=c.c_uni_ca  [1][0] OK
C:[07/03/2022 11:10:56.15][172.16.4.227][766] SELECT SUM(u_creditos*1) FROM tblaca009 a, dace006 b, dace002 c WHERE b.exp_e='14-26132533' AND b.status IN ('7','A') AND a.c_asigna=b.c_asigna AND b.exp_e=c.exp_e AND a.pensum=c.pensum AND a.c_uni_ca=c.c_uni_ca  [1][0] OK
C:[09/03/2022 09:59:40.76][172.16.4.227][766] SELECT SUM(u_creditos*1) FROM tblaca009 a, dace006 b, dace002 c WHERE b.exp_e='15-26770423' AND b.status IN ('7','A') AND a.c_asigna=b.c_asigna AND b.exp_e=c.exp_e AND a.pensum=c.pensum AND a.c_uni_ca=c.c_uni_ca  [1][0] OK
C:[09/03/2022 10:09:37.06][172.16.4.227][766] SELECT SUM(u_creditos*1) FROM tblaca009 a, dace006 b, dace002 c WHERE b.exp_e='15-26770423' AND b.status IN ('7','A') AND a.c_asigna=b.c_asigna AND b.exp_e=c.exp_e AND a.pensum=c.pensum AND a.c_uni_ca=c.c_uni_ca  [1][0] OK
C:[14/03/2022 08:42:07.22][172.16.4.169][766] SELECT SUM(u_creditos*1) FROM tblaca009 a, dace006 b, dace002 c WHERE b.exp_e='15-20505863' AND b.status IN ('7','A') AND a.c_asigna=b.c_asigna AND b.exp_e=c.exp_e AND a.pensum=c.pensum AND a.c_uni_ca=c.c_uni_ca  [1][0] OK
C:[14/03/2022 11:08:43.08][172.16.4.227][766] SELECT SUM(u_creditos*1) FROM tblaca009 a, dace006 b, dace002 c WHERE b.exp_e='09-23503851' AND b.status IN ('7','A') AND a.c_asigna=b.c_asigna AND b.exp_e=c.exp_e AND a.pensum=c.pensum AND a.c_uni_ca=c.c_uni_ca  [1][0] OK
C:[22/03/2022 16:41:38.37][172.16.4.169][766] SELECT SUM(u_creditos*1) FROM tblaca009 a, dace006 b, dace002 c WHERE b.exp_e='12-25393488' AND b.status IN ('7','A') AND a.c_asigna=b.c_asigna AND b.exp_e=c.exp_e AND a.pensum=c.pensum AND a.c_uni_ca=c.c_uni_ca  [1][0] OK
C:[22/03/2022 16:43:20.03][172.16.4.169][766] SELECT SUM(u_creditos*1) FROM tblaca009 a, dace006 b, dace002 c WHERE b.exp_e='12-25393488' AND b.status IN ('7','A') AND a.c_asigna=b.c_asigna AND b.exp_e=c.exp_e AND a.pensum=c.pensum AND a.c_uni_ca=c.c_uni_ca  [1][0] OK
C:[30/03/2022 12:57:43.75][172.16.4.169][766] SELECT SUM(u_creditos*1) FROM tblaca009 a, dace006 b, dace002 c WHERE b.exp_e='14-26459181' AND b.status IN ('7','A') AND a.c_asigna=b.c_asigna AND b.exp_e=c.exp_e AND a.pensum=c.pensum AND a.c_uni_ca=c.c_uni_ca  [1][0] OK
C:[05/04/2022 10:00:57.17][172.16.4.227][766] SELECT SUM(u_creditos*1) FROM tblaca009 a, dace006 b, dace002 c WHERE b.exp_e='10-22822823' AND b.status IN ('7','A') AND a.c_asigna=b.c_asigna AND b.exp_e=c.exp_e AND a.pensum=c.pensum AND a.c_uni_ca=c.c_uni_ca  [1][0] OK
C:[06/04/2022 10:58:28.10][172.16.4.227][766] SELECT SUM(u_creditos*1) FROM tblaca009 a, dace006 b, dace002 c WHERE b.exp_e='12-24513622' AND b.status IN ('7','A') AND a.c_asigna=b.c_asigna AND b.exp_e=c.exp_e AND a.pensum=c.pensum AND a.c_uni_ca=c.c_uni_ca  [1][0] OK
C:[02/05/2022 10:22:15.64][172.16.4.144][766] SELECT SUM(u_creditos*1) FROM tblaca009 a, dace006 b, dace002 c WHERE b.exp_e='16-29630151' AND b.status IN ('7','A') AND a.c_asigna=b.c_asigna AND b.exp_e=c.exp_e AND a.pensum=c.pensum AND a.c_uni_ca=c.c_uni_ca  [1][0] OK
C:[02/05/2022 10:26:41.18][172.16.4.144][766] SELECT SUM(u_creditos*1) FROM tblaca009 a, dace006 b, dace002 c WHERE b.exp_e='16-29630151' AND b.status IN ('7','A') AND a.c_asigna=b.c_asigna AND b.exp_e=c.exp_e AND a.pensum=c.pensum AND a.c_uni_ca=c.c_uni_ca  [1][0] OK
C:[02/05/2022 14:39:41.65][172.16.4.144][766] SELECT SUM(u_creditos*1) FROM tblaca009 a, dace006 b, dace002 c WHERE b.exp_e='14-26132047' AND b.status IN ('7','A') AND a.c_asigna=b.c_asigna AND b.exp_e=c.exp_e AND a.pensum=c.pensum AND a.c_uni_ca=c.c_uni_ca  [1][0] OK
C:[03/05/2022 13:08:42.97][172.16.4.144][766] SELECT SUM(u_creditos*1) FROM tblaca009 a, dace006 b, dace002 c WHERE b.exp_e='14-26132047' AND b.status IN ('7','A') AND a.c_asigna=b.c_asigna AND b.exp_e=c.exp_e AND a.pensum=c.pensum AND a.c_uni_ca=c.c_uni_ca  [1][0] OK
C:[06/05/2022 07:14:56.46][172.16.4.144][766] SELECT SUM(u_creditos*1) FROM tblaca009 a, dace006 b, dace002 c WHERE b.exp_e='13-25266618' AND b.status IN ('7','A') AND a.c_asigna=b.c_asigna AND b.exp_e=c.exp_e AND a.pensum=c.pensum AND a.c_uni_ca=c.c_uni_ca  [1][0] OK
C:[10/05/2022 09:23:38.01][172.16.4.227][766] SELECT SUM(u_creditos*1) FROM tblaca009 a, dace006 b, dace002 c WHERE b.exp_e='13-24890806' AND b.status IN ('7','A') AND a.c_asigna=b.c_asigna AND b.exp_e=c.exp_e AND a.pensum=c.pensum AND a.c_uni_ca=c.c_uni_ca  [1][0] OK
C:[10/05/2022 09:28:39.69][172.16.4.144][766] SELECT SUM(u_creditos*1) FROM tblaca009 a, dace006 b, dace002 c WHERE b.exp_e='12-25393488' AND b.status IN ('7','A') AND a.c_asigna=b.c_asigna AND b.exp_e=c.exp_e AND a.pensum=c.pensum AND a.c_uni_ca=c.c_uni_ca  [1][0] OK
C:[12/05/2022 11:06:19.79][172.16.4.144][766] SELECT SUM(u_creditos*1) FROM tblaca009 a, dace006 b, dace002 c WHERE b.exp_e='15-26676749' AND b.status IN ('7','A') AND a.c_asigna=b.c_asigna AND b.exp_e=c.exp_e AND a.pensum=c.pensum AND a.c_uni_ca=c.c_uni_ca  [1][0] OK
C:[12/05/2022 11:26:19.04][172.16.4.144][766] SELECT SUM(u_creditos*1) FROM tblaca009 a, dace006 b, dace002 c WHERE b.exp_e='14-26073427' AND b.status IN ('7','A') AND a.c_asigna=b.c_asigna AND b.exp_e=c.exp_e AND a.pensum=c.pensum AND a.c_uni_ca=c.c_uni_ca  [1][0] OK
C:[16/05/2022 10:02:11.53][172.16.4.144][766] SELECT SUM(u_creditos*1) FROM tblaca009 a, dace006 b, dace002 c WHERE b.exp_e='14-26549642' AND b.status IN ('7','A') AND a.c_asigna=b.c_asigna AND b.exp_e=c.exp_e AND a.pensum=c.pensum AND a.c_uni_ca=c.c_uni_ca  [1][0] OK
C:[16/05/2022 12:51:51.18][172.16.4.227][766] SELECT SUM(u_creditos*1) FROM tblaca009 a, dace006 b, dace002 c WHERE b.exp_e='14-26549642' AND b.status IN ('7','A') AND a.c_asigna=b.c_asigna AND b.exp_e=c.exp_e AND a.pensum=c.pensum AND a.c_uni_ca=c.c_uni_ca  [1][0] OK
C:[16/05/2022 12:56:23.78][172.16.4.227][766] SELECT SUM(u_creditos*1) FROM tblaca009 a, dace006 b, dace002 c WHERE b.exp_e='14-26753076' AND b.status IN ('7','A') AND a.c_asigna=b.c_asigna AND b.exp_e=c.exp_e AND a.pensum=c.pensum AND a.c_uni_ca=c.c_uni_ca  [1][0] OK
C:[16/05/2022 12:58:38.36][172.16.4.227][766] SELECT SUM(u_creditos*1) FROM tblaca009 a, dace006 b, dace002 c WHERE b.exp_e='14-26753076' AND b.status IN ('7','A') AND a.c_asigna=b.c_asigna AND b.exp_e=c.exp_e AND a.pensum=c.pensum AND a.c_uni_ca=c.c_uni_ca  [1][0] OK
C:[18/05/2022 09:34:18.76][172.16.4.227][766] SELECT SUM(u_creditos*1) FROM tblaca009 a, dace006 b, dace002 c WHERE b.exp_e='02-13981445' AND b.status IN ('7','A') AND a.c_asigna=b.c_asigna AND b.exp_e=c.exp_e AND a.pensum=c.pensum AND a.c_uni_ca=c.c_uni_ca  [1][0] OK
C:[23/05/2022 08:36:01.05][172.16.4.144][766] SELECT SUM(u_creditos*1) FROM tblaca009 a, dace006 b, dace002 c WHERE b.exp_e='15-27407927' AND b.status IN ('7','A') AND a.c_asigna=b.c_asigna AND b.exp_e=c.exp_e AND a.pensum=c.pensum AND a.c_uni_ca=c.c_uni_ca  [1][0] OK
C:[24/05/2022 07:33:00.53][172.16.4.144][766] SELECT SUM(u_creditos*1) FROM tblaca009 a, dace006 b, dace002 c WHERE b.exp_e='13-25266618' AND b.status IN ('7','A') AND a.c_asigna=b.c_asigna AND b.exp_e=c.exp_e AND a.pensum=c.pensum AND a.c_uni_ca=c.c_uni_ca  [1][0] OK
C:[24/05/2022 09:18:50.90][172.16.4.227][766] SELECT SUM(u_creditos*1) FROM tblaca009 a, dace006 b, dace002 c WHERE b.exp_e='15-26549447' AND b.status IN ('7','A') AND a.c_asigna=b.c_asigna AND b.exp_e=c.exp_e AND a.pensum=c.pensum AND a.c_uni_ca=c.c_uni_ca  [1][0] OK
C:[24/05/2022 10:12:26.75][172.16.4.227][766] SELECT SUM(u_creditos*1) FROM tblaca009 a, dace006 b, dace002 c WHERE b.exp_e='12-25393370' AND b.status IN ('7','A') AND a.c_asigna=b.c_asigna AND b.exp_e=c.exp_e AND a.pensum=c.pensum AND a.c_uni_ca=c.c_uni_ca  [1][0] OK
C:[24/05/2022 10:27:21.42][172.16.4.227][766] SELECT SUM(u_creditos*1) FROM tblaca009 a, dace006 b, dace002 c WHERE b.exp_e='12-25393370' AND b.status IN ('7','A') AND a.c_asigna=b.c_asigna AND b.exp_e=c.exp_e AND a.pensum=c.pensum AND a.c_uni_ca=c.c_uni_ca  [1][0] OK
C:[24/05/2022 10:43:03.79][172.16.4.227][766] SELECT SUM(u_creditos*1) FROM tblaca009 a, dace006 b, dace002 c WHERE b.exp_e='16-27296901' AND b.status IN ('7','A') AND a.c_asigna=b.c_asigna AND b.exp_e=c.exp_e AND a.pensum=c.pensum AND a.c_uni_ca=c.c_uni_ca  [1][0] OK
C:[25/05/2022 20:17:04.12][172.16.4.144][766] SELECT SUM(u_creditos*1) FROM tblaca009 a, dace006 b, dace002 c WHERE b.exp_e='15-26330907' AND b.status IN ('7','A') AND a.c_asigna=b.c_asigna AND b.exp_e=c.exp_e AND a.pensum=c.pensum AND a.c_uni_ca=c.c_uni_ca  [1][0] OK
C:[25/05/2022 20:18:39.48][172.16.4.144][766] SELECT SUM(u_creditos*1) FROM tblaca009 a, dace006 b, dace002 c WHERE b.exp_e='15-26330907' AND b.status IN ('7','A') AND a.c_asigna=b.c_asigna AND b.exp_e=c.exp_e AND a.pensum=c.pensum AND a.c_uni_ca=c.c_uni_ca  [1][0] OK
C:[25/05/2022 20:18:40.05][172.16.4.144][766] SELECT SUM(u_creditos*1) FROM tblaca009 a, dace006 b, dace002 c WHERE b.exp_e='15-26330907' AND b.status IN ('7','A') AND a.c_asigna=b.c_asigna AND b.exp_e=c.exp_e AND a.pensum=c.pensum AND a.c_uni_ca=c.c_uni_ca  [1][0] OK
C:[30/05/2022 07:34:39.75][172.16.4.144][766] SELECT SUM(u_creditos*1) FROM tblaca009 a, dace006 b, dace002 c WHERE b.exp_e='16-29630151' AND b.status IN ('7','A') AND a.c_asigna=b.c_asigna AND b.exp_e=c.exp_e AND a.pensum=c.pensum AND a.c_uni_ca=c.c_uni_ca  [1][0] OK
C:[30/05/2022 08:05:05.89][172.16.4.144][766] SELECT SUM(u_creditos*1) FROM tblaca009 a, dace006 b, dace002 c WHERE b.exp_e='22-31730568' AND b.status IN ('7','A') AND a.c_asigna=b.c_asigna AND b.exp_e=c.exp_e AND a.pensum=c.pensum AND a.c_uni_ca=c.c_uni_ca  [1][0] OK
C:[30/05/2022 09:55:59.14][172.16.4.227][766] SELECT SUM(u_creditos*1) FROM tblaca009 a, dace006 b, dace002 c WHERE b.exp_e='15-27256868' AND b.status IN ('7','A') AND a.c_asigna=b.c_asigna AND b.exp_e=c.exp_e AND a.pensum=c.pensum AND a.c_uni_ca=c.c_uni_ca  [1][0] OK
C:[05/06/2022 15:14:04.30][172.16.4.144][766] SELECT SUM(u_creditos*1) FROM tblaca009 a, dace006 b, dace002 c WHERE b.exp_e='07-20284875' AND b.status IN ('7','A') AND a.c_asigna=b.c_asigna AND b.exp_e=c.exp_e AND a.pensum=c.pensum AND a.c_uni_ca=c.c_uni_ca  [1][0] OK
C:[05/06/2022 15:29:06.54][172.16.4.144][766] SELECT SUM(u_creditos*1) FROM tblaca009 a, dace006 b, dace002 c WHERE b.exp_e='07-20284875' AND b.status IN ('7','A') AND a.c_asigna=b.c_asigna AND b.exp_e=c.exp_e AND a.pensum=c.pensum AND a.c_uni_ca=c.c_uni_ca  [1][0] OK
C:[05/06/2022 15:32:43.44][172.16.4.144][766] SELECT SUM(u_creditos*1) FROM tblaca009 a, dace006 b, dace002 c WHERE b.exp_e='07-20284875' AND b.status IN ('7','A') AND a.c_asigna=b.c_asigna AND b.exp_e=c.exp_e AND a.pensum=c.pensum AND a.c_uni_ca=c.c_uni_ca  [1][0] OK
C:[06/06/2022 10:02:15.57][172.16.4.227][766] SELECT SUM(u_creditos*1) FROM tblaca009 a, dace006 b, dace002 c WHERE b.exp_e='07-20284875' AND b.status IN ('7','A') AND a.c_asigna=b.c_asigna AND b.exp_e=c.exp_e AND a.pensum=c.pensum AND a.c_uni_ca=c.c_uni_ca  [1][0] OK
C:[06/06/2022 11:25:26.43][172.16.4.227][766] SELECT SUM(u_creditos*1) FROM tblaca009 a, dace006 b, dace002 c WHERE b.exp_e='15-26801832' AND b.status IN ('7','A') AND a.c_asigna=b.c_asigna AND b.exp_e=c.exp_e AND a.pensum=c.pensum AND a.c_uni_ca=c.c_uni_ca  [1][0] OK
C:[20/06/2022 07:02:52.70][172.16.4.144][766] SELECT SUM(u_creditos*1) FROM tblaca009 a, dace006 b, dace002 c WHERE b.exp_e='11-25083276' AND b.status IN ('7','A') AND a.c_asigna=b.c_asigna AND b.exp_e=c.exp_e AND a.pensum=c.pensum AND a.c_uni_ca=c.c_uni_ca  [1][0] OK
C:[21/06/2022 10:57:46.86][172.16.4.227][766] SELECT SUM(u_creditos*1) FROM tblaca009 a, dace006 b, dace002 c WHERE b.exp_e='12-22830793' AND b.status IN ('7','A') AND a.c_asigna=b.c_asigna AND b.exp_e=c.exp_e AND a.pensum=c.pensum AND a.c_uni_ca=c.c_uni_ca  [1][0] OK
C:[12/07/2022 07:29:50.55][172.16.4.144][766] SELECT SUM(u_creditos*1) FROM tblaca009 a, dace006 b, dace002 c WHERE b.exp_e='13-25266618' AND b.status IN ('7','A') AND a.c_asigna=b.c_asigna AND b.exp_e=c.exp_e AND a.pensum=c.pensum AND a.c_uni_ca=c.c_uni_ca  [1][0] OK
C:[12/07/2022 11:15:55.30][172.16.4.227][766] SELECT SUM(u_creditos*1) FROM tblaca009 a, dace006 b, dace002 c WHERE b.exp_e='14-27219041' AND b.status IN ('7','A') AND a.c_asigna=b.c_asigna AND b.exp_e=c.exp_e AND a.pensum=c.pensum AND a.c_uni_ca=c.c_uni_ca  [1][0] OK
C:[18/07/2022 09:08:29.28][172.16.4.144][766] SELECT SUM(u_creditos*1) FROM tblaca009 a, dace006 b, dace002 c WHERE b.exp_e='08-18948793' AND b.status IN ('7','A') AND a.c_asigna=b.c_asigna AND b.exp_e=c.exp_e AND a.pensum=c.pensum AND a.c_uni_ca=c.c_uni_ca  [1][0] OK
C:[19/07/2022 11:21:25.39][172.16.4.227][766] SELECT SUM(u_creditos*1) FROM tblaca009 a, dace006 b, dace002 c WHERE b.exp_e='13-25393257' AND b.status IN ('7','A') AND a.c_asigna=b.c_asigna AND b.exp_e=c.exp_e AND a.pensum=c.pensum AND a.c_uni_ca=c.c_uni_ca  [1][0] OK
C:[24/07/2022 16:41:54.29][172.16.4.144][766] SELECT SUM(u_creditos*1) FROM tblaca009 a, dace006 b, dace002 c WHERE b.exp_e='06-19041346' AND b.status IN ('7','A') AND a.c_asigna=b.c_asigna AND b.exp_e=c.exp_e AND a.pensum=c.pensum AND a.c_uni_ca=c.c_uni_ca  [1][0] OK
C:[24/07/2022 20:02:25.05][172.16.4.144][766] SELECT SUM(u_creditos*1) FROM tblaca009 a, dace006 b, dace002 c WHERE b.exp_e='12-24963882' AND b.status IN ('7','A') AND a.c_asigna=b.c_asigna AND b.exp_e=c.exp_e AND a.pensum=c.pensum AND a.c_uni_ca=c.c_uni_ca  [1][0] OK
C:[26/07/2022 10:45:58.06][172.16.4.227][766] SELECT SUM(u_creditos*1) FROM tblaca009 a, dace006 b, dace002 c WHERE b.exp_e='15-26969368' AND b.status IN ('7','A') AND a.c_asigna=b.c_asigna AND b.exp_e=c.exp_e AND a.pensum=c.pensum AND a.c_uni_ca=c.c_uni_ca  [1][0] OK
C:[27/07/2022 09:24:02.24][172.16.4.144][766] SELECT SUM(u_creditos*1) FROM tblaca009 a, dace006 b, dace002 c WHERE b.exp_e='06-18960017' AND b.status IN ('7','A') AND a.c_asigna=b.c_asigna AND b.exp_e=c.exp_e AND a.pensum=c.pensum AND a.c_uni_ca=c.c_uni_ca  [1][0] OK
C:[31/07/2022 09:47:40.98][172.16.4.144][766] SELECT SUM(u_creditos*1) FROM tblaca009 a, dace006 b, dace002 c WHERE b.exp_e='12-22804281' AND b.status IN ('7','A') AND a.c_asigna=b.c_asigna AND b.exp_e=c.exp_e AND a.pensum=c.pensum AND a.c_uni_ca=c.c_uni_ca  [1][0] OK
C:[31/07/2022 09:55:17.44][172.16.4.144][766] SELECT SUM(u_creditos*1) FROM tblaca009 a, dace006 b, dace002 c WHERE b.exp_e='12-22804281' AND b.status IN ('7','A') AND a.c_asigna=b.c_asigna AND b.exp_e=c.exp_e AND a.pensum=c.pensum AND a.c_uni_ca=c.c_uni_ca  [1][0] OK
C:[01/08/2022 11:48:14.67][172.16.4.218][766] SELECT SUM(u_creditos*1) FROM tblaca009 a, dace006 b, dace002 c WHERE b.exp_e='13-25559576' AND b.status IN ('7','A') AND a.c_asigna=b.c_asigna AND b.exp_e=c.exp_e AND a.pensum=c.pensum AND a.c_uni_ca=c.c_uni_ca  [1][0] OK
C:[08/08/2022 06:50:15.80][172.16.4.144][766] SELECT SUM(u_creditos*1) FROM tblaca009 a, dace006 b, dace002 c WHERE b.exp_e='13-25672961' AND b.status IN ('7','A') AND a.c_asigna=b.c_asigna AND b.exp_e=c.exp_e AND a.pensum=c.pensum AND a.c_uni_ca=c.c_uni_ca  [1][0] OK
C:[08/08/2022 06:54:51.31][172.16.4.144][766] SELECT SUM(u_creditos*1) FROM tblaca009 a, dace006 b, dace002 c WHERE b.exp_e='13-25672961' AND b.status IN ('7','A') AND a.c_asigna=b.c_asigna AND b.exp_e=c.exp_e AND a.pensum=c.pensum AND a.c_uni_ca=c.c_uni_ca  [1][0] OK
C:[25/08/2022 17:49:27.54][172.16.4.144][766] SELECT SUM(u_creditos*1) FROM tblaca009 a, dace006 b, dace002 c WHERE b.exp_e='13-25937690' AND b.status IN ('7','A') AND a.c_asigna=b.c_asigna AND b.exp_e=c.exp_e AND a.pensum=c.pensum AND a.c_uni_ca=c.c_uni_ca  [1][0] OK
C:[07/09/2022 10:25:06.92][172.16.4.144][766] SELECT SUM(u_creditos*1) FROM tblaca009 a, dace006 b, dace002 c WHERE b.exp_e='15-27407927' AND b.status IN ('7','A') AND a.c_asigna=b.c_asigna AND b.exp_e=c.exp_e AND a.pensum=c.pensum AND a.c_uni_ca=c.c_uni_ca  [1][0] OK
C:[07/09/2022 22:57:48.23][172.16.4.144][766] SELECT SUM(u_creditos*1) FROM tblaca009 a, dace006 b, dace002 c WHERE b.exp_e='15-26676749' AND b.status IN ('7','A') AND a.c_asigna=b.c_asigna AND b.exp_e=c.exp_e AND a.pensum=c.pensum AND a.c_uni_ca=c.c_uni_ca  [1][0] OK
C:[07/09/2022 23:04:29.74][172.16.4.144][766] SELECT SUM(u_creditos*1) FROM tblaca009 a, dace006 b, dace002 c WHERE b.exp_e='14-26073427' AND b.status IN ('7','A') AND a.c_asigna=b.c_asigna AND b.exp_e=c.exp_e AND a.pensum=c.pensum AND a.c_uni_ca=c.c_uni_ca  [1][0] OK
C:[13/09/2022 17:55:35.67][172.16.4.144][766] SELECT SUM(u_creditos*1) FROM tblaca009 a, dace006 b, dace002 c WHERE b.exp_e='10-24037371' AND b.status IN ('7','A') AND a.c_asigna=b.c_asigna AND b.exp_e=c.exp_e AND a.pensum=c.pensum AND a.c_uni_ca=c.c_uni_ca  [1][0] OK
C:[14/09/2022 16:16:57.30][172.16.4.144][766] SELECT SUM(u_creditos*1) FROM tblaca009 a, dace006 b, dace002 c WHERE b.exp_e='10-24037371' AND b.status IN ('7','A') AND a.c_asigna=b.c_asigna AND b.exp_e=c.exp_e AND a.pensum=c.pensum AND a.c_uni_ca=c.c_uni_ca  [1][0] OK
C:[14/09/2022 18:41:38.54][172.16.4.144][766] SELECT SUM(u_creditos*1) FROM tblaca009 a, dace006 b, dace002 c WHERE b.exp_e='14-26073427' AND b.status IN ('7','A') AND a.c_asigna=b.c_asigna AND b.exp_e=c.exp_e AND a.pensum=c.pensum AND a.c_uni_ca=c.c_uni_ca  [1][0] OK
C:[20/09/2022 01:00:31.50][172.16.4.144][766] SELECT SUM(u_creditos*1) FROM tblaca009 a, dace006 b, dace002 c WHERE b.exp_e='12-24702063' AND b.status IN ('7','A') AND a.c_asigna=b.c_asigna AND b.exp_e=c.exp_e AND a.pensum=c.pensum AND a.c_uni_ca=c.c_uni_ca  [1][0] OK
C:[20/09/2022 01:06:55.99][172.16.4.144][766] SELECT SUM(u_creditos*1) FROM tblaca009 a, dace006 b, dace002 c WHERE b.exp_e='10-24037371' AND b.status IN ('7','A') AND a.c_asigna=b.c_asigna AND b.exp_e=c.exp_e AND a.pensum=c.pensum AND a.c_uni_ca=c.c_uni_ca  [1][0] OK
C:[26/09/2022 09:31:16.24][172.16.4.144][766] SELECT SUM(u_creditos*1) FROM tblaca009 a, dace006 b, dace002 c WHERE b.exp_e='15-27407927' AND b.status IN ('7','A') AND a.c_asigna=b.c_asigna AND b.exp_e=c.exp_e AND a.pensum=c.pensum AND a.c_uni_ca=c.c_uni_ca  [1][0] OK
C:[30/09/2022 20:08:28.18][172.16.4.144][766] SELECT SUM(u_creditos*1) FROM tblaca009 a, dace006 b, dace002 c WHERE b.exp_e='16-27506998' AND b.status IN ('7','A') AND a.c_asigna=b.c_asigna AND b.exp_e=c.exp_e AND a.pensum=c.pensum AND a.c_uni_ca=c.c_uni_ca  [1][0] OK
C:[01/10/2022 17:56:42.65][172.16.4.144][766] SELECT SUM(u_creditos*1) FROM tblaca009 a, dace006 b, dace002 c WHERE b.exp_e='16-27506998' AND b.status IN ('7','A') AND a.c_asigna=b.c_asigna AND b.exp_e=c.exp_e AND a.pensum=c.pensum AND a.c_uni_ca=c.c_uni_ca  [1][0] OK
C:[04/10/2022 11:11:16.02][172.16.4.144][766] SELECT SUM(u_creditos*1) FROM tblaca009 a, dace006 b, dace002 c WHERE b.exp_e='15-27182308' AND b.status IN ('7','A') AND a.c_asigna=b.c_asigna AND b.exp_e=c.exp_e AND a.pensum=c.pensum AND a.c_uni_ca=c.c_uni_ca  [1][0] OK
C:[04/10/2022 11:34:09.94][172.16.4.144][766] SELECT SUM(u_creditos*1) FROM tblaca009 a, dace006 b, dace002 c WHERE b.exp_e='15-27182308' AND b.status IN ('7','A') AND a.c_asigna=b.c_asigna AND b.exp_e=c.exp_e AND a.pensum=c.pensum AND a.c_uni_ca=c.c_uni_ca  [1][0] OK
C:[04/10/2022 11:39:18.50][172.16.4.144][766] SELECT SUM(u_creditos*1) FROM tblaca009 a, dace006 b, dace002 c WHERE b.exp_e='15-27182308' AND b.status IN ('7','A') AND a.c_asigna=b.c_asigna AND b.exp_e=c.exp_e AND a.pensum=c.pensum AND a.c_uni_ca=c.c_uni_ca  [1][0] OK
C:[04/10/2022 11:44:20.42][172.16.4.144][766] SELECT SUM(u_creditos*1) FROM tblaca009 a, dace006 b, dace002 c WHERE b.exp_e='15-27182308' AND b.status IN ('7','A') AND a.c_asigna=b.c_asigna AND b.exp_e=c.exp_e AND a.pensum=c.pensum AND a.c_uni_ca=c.c_uni_ca  [1][0] OK
C:[04/10/2022 11:48:41.44][172.16.4.144][766] SELECT SUM(u_creditos*1) FROM tblaca009 a, dace006 b, dace002 c WHERE b.exp_e='15-27182308' AND b.status IN ('7','A') AND a.c_asigna=b.c_asigna AND b.exp_e=c.exp_e AND a.pensum=c.pensum AND a.c_uni_ca=c.c_uni_ca  [1][0] OK
C:[04/10/2022 11:52:56.52][172.16.4.144][766] SELECT SUM(u_creditos*1) FROM tblaca009 a, dace006 b, dace002 c WHERE b.exp_e='15-27182308' AND b.status IN ('7','A') AND a.c_asigna=b.c_asigna AND b.exp_e=c.exp_e AND a.pensum=c.pensum AND a.c_uni_ca=c.c_uni_ca  [1][0] OK
C:[04/10/2022 11:58:49.41][172.16.4.144][766] SELECT SUM(u_creditos*1) FROM tblaca009 a, dace006 b, dace002 c WHERE b.exp_e='15-27182308' AND b.status IN ('7','A') AND a.c_asigna=b.c_asigna AND b.exp_e=c.exp_e AND a.pensum=c.pensum AND a.c_uni_ca=c.c_uni_ca  [1][0] OK
C:[04/10/2022 12:05:55.71][172.16.4.144][766] SELECT SUM(u_creditos*1) FROM tblaca009 a, dace006 b, dace002 c WHERE b.exp_e='15-27182308' AND b.status IN ('7','A') AND a.c_asigna=b.c_asigna AND b.exp_e=c.exp_e AND a.pensum=c.pensum AND a.c_uni_ca=c.c_uni_ca  [1][0] OK
C:[27/10/2022 10:57:40.41][172.16.4.227][766] SELECT SUM(u_creditos*1) FROM tblaca009 a, dace006 b, dace002 c WHERE b.exp_e='14-26073427' AND b.status IN ('7','A') AND a.c_asigna=b.c_asigna AND b.exp_e=c.exp_e AND a.pensum=c.pensum AND a.c_uni_ca=c.c_uni_ca  [1][0] OK
C:[03/11/2022 11:38:29.39][172.16.4.227][766] SELECT SUM(u_creditos*1) FROM tblaca009 a, dace006 b, dace002 c WHERE b.exp_e='15-26676749' AND b.status IN ('7','A') AND a.c_asigna=b.c_asigna AND b.exp_e=c.exp_e AND a.pensum=c.pensum AND a.c_uni_ca=c.c_uni_ca  [1][0] OK
C:[03/11/2022 11:40:13.10][172.16.4.227][766] SELECT SUM(u_creditos*1) FROM tblaca009 a, dace006 b, dace002 c WHERE b.exp_e='15-26676749' AND b.status IN ('7','A') AND a.c_asigna=b.c_asigna AND b.exp_e=c.exp_e AND a.pensum=c.pensum AND a.c_uni_ca=c.c_uni_ca  [1][0] OK
C:[05/11/2022 15:55:37.37][172.16.4.239][766] SELECT SUM(u_creditos*1) FROM tblaca009 a, dace006 b, dace002 c WHERE b.exp_e='15-26676749' AND b.status IN ('7','A') AND a.c_asigna=b.c_asigna AND b.exp_e=c.exp_e AND a.pensum=c.pensum AND a.c_uni_ca=c.c_uni_ca  [1][0] OK
C:[06/11/2022 23:21:22.58][172.16.4.239][766] SELECT SUM(u_creditos*1) FROM tblaca009 a, dace006 b, dace002 c WHERE b.exp_e='16-27506998' AND b.status IN ('7','A') AND a.c_asigna=b.c_asigna AND b.exp_e=c.exp_e AND a.pensum=c.pensum AND a.c_uni_ca=c.c_uni_ca  [1][0] OK
C:[08/11/2022 15:29:33.07][172.16.4.239][766] SELECT SUM(u_creditos*1) FROM tblaca009 a, dace006 b, dace002 c WHERE b.exp_e='14-27656191' AND b.status IN ('7','A') AND a.c_asigna=b.c_asigna AND b.exp_e=c.exp_e AND a.pensum=c.pensum AND a.c_uni_ca=c.c_uni_ca  [1][0] OK
C:[09/11/2022 10:40:24.02][172.16.4.227][766] SELECT SUM(u_creditos*1) FROM tblaca009 a, dace006 b, dace002 c WHERE b.exp_e='16-27602662' AND b.status IN ('7','A') AND a.c_asigna=b.c_asigna AND b.exp_e=c.exp_e AND a.pensum=c.pensum AND a.c_uni_ca=c.c_uni_ca  [1][0] OK
C:[09/11/2022 14:50:17.26][172.16.4.239][766] SELECT SUM(u_creditos*1) FROM tblaca009 a, dace006 b, dace002 c WHERE b.exp_e='14-27656191' AND b.status IN ('7','A') AND a.c_asigna=b.c_asigna AND b.exp_e=c.exp_e AND a.pensum=c.pensum AND a.c_uni_ca=c.c_uni_ca  [1][0] OK
C:[09/11/2022 14:52:51.53][172.16.4.239][766] SELECT SUM(u_creditos*1) FROM tblaca009 a, dace006 b, dace002 c WHERE b.exp_e='14-27656191' AND b.status IN ('7','A') AND a.c_asigna=b.c_asigna AND b.exp_e=c.exp_e AND a.pensum=c.pensum AND a.c_uni_ca=c.c_uni_ca  [1][0] OK
C:[11/11/2022 12:08:36.53][172.16.4.239][766] SELECT SUM(u_creditos*1) FROM tblaca009 a, dace006 b, dace002 c WHERE b.exp_e='14-26132533' AND b.status IN ('7','A') AND a.c_asigna=b.c_asigna AND b.exp_e=c.exp_e AND a.pensum=c.pensum AND a.c_uni_ca=c.c_uni_ca  [1][0] OK
C:[14/11/2022 13:28:20.16][172.16.4.227][766] SELECT SUM(u_creditos*1) FROM tblaca009 a, dace006 b, dace002 c WHERE b.exp_e='15-20505863' AND b.status IN ('7','A') AND a.c_asigna=b.c_asigna AND b.exp_e=c.exp_e AND a.pensum=c.pensum AND a.c_uni_ca=c.c_uni_ca  [1][0] OK
C:[14/11/2022 15:45:57.37][172.16.4.239][766] SELECT SUM(u_creditos*1) FROM tblaca009 a, dace006 b, dace002 c WHERE b.exp_e='22-31730568' AND b.status IN ('7','A') AND a.c_asigna=b.c_asigna AND b.exp_e=c.exp_e AND a.pensum=c.pensum AND a.c_uni_ca=c.c_uni_ca  [1][0] OK
C:[15/11/2022 10:09:28.11][172.16.4.227][766] SELECT SUM(u_creditos*1) FROM tblaca009 a, dace006 b, dace002 c WHERE b.exp_e='11-20704285' AND b.status IN ('7','A') AND a.c_asigna=b.c_asigna AND b.exp_e=c.exp_e AND a.pensum=c.pensum AND a.c_uni_ca=c.c_uni_ca  [1][0] OK
C:[17/11/2022 11:05:55.87][172.16.4.227][766] SELECT SUM(u_creditos*1) FROM tblaca009 a, dace006 b, dace002 c WHERE b.exp_e='12-24795608' AND b.status IN ('7','A') AND a.c_asigna=b.c_asigna AND b.exp_e=c.exp_e AND a.pensum=c.pensum AND a.c_uni_ca=c.c_uni_ca  [1][0] OK
C:[18/11/2022 08:15:36.15][172.16.4.239][766] SELECT SUM(u_creditos*1) FROM tblaca009 a, dace006 b, dace002 c WHERE b.exp_e='07-12285471' AND b.status IN ('7','A') AND a.c_asigna=b.c_asigna AND b.exp_e=c.exp_e AND a.pensum=c.pensum AND a.c_uni_ca=c.c_uni_ca  [1][0] OK
C:[24/11/2022 17:00:08.37][172.16.4.239][766] SELECT SUM(u_creditos*1) FROM tblaca009 a, dace006 b, dace002 c WHERE b.exp_e='08-20037336' AND b.status IN ('7','A') AND a.c_asigna=b.c_asigna AND b.exp_e=c.exp_e AND a.pensum=c.pensum AND a.c_uni_ca=c.c_uni_ca  [1][0] OK
C:[28/11/2022 11:41:18.52][172.16.4.227][766] SELECT SUM(u_creditos*1) FROM tblaca009 a, dace006 b, dace002 c WHERE b.exp_e='12-24179615' AND b.status IN ('7','A') AND a.c_asigna=b.c_asigna AND b.exp_e=c.exp_e AND a.pensum=c.pensum AND a.c_uni_ca=c.c_uni_ca  [1][0] OK
C:[29/11/2022 10:50:32.24][172.16.4.227][766] SELECT SUM(u_creditos*1) FROM tblaca009 a, dace006 b, dace002 c WHERE b.exp_e='12-20504466' AND b.status IN ('7','A') AND a.c_asigna=b.c_asigna AND b.exp_e=c.exp_e AND a.pensum=c.pensum AND a.c_uni_ca=c.c_uni_ca  [1][0] OK
C:[30/11/2022 11:32:09.85][172.16.4.227][766] SELECT SUM(u_creditos*1) FROM tblaca009 a, dace006 b, dace002 c WHERE b.exp_e='09-21196098' AND b.status IN ('7','A') AND a.c_asigna=b.c_asigna AND b.exp_e=c.exp_e AND a.pensum=c.pensum AND a.c_uni_ca=c.c_uni_ca  [1][0] OK
C:[31/01/2023 10:31:57.85][172.16.4.20][766] SELECT SUM(u_creditos*1) FROM tblaca009 a, dace006 b, dace002 c WHERE b.exp_e='12-22828731' AND b.status IN ('7','A') AND a.c_asigna=b.c_asigna AND b.exp_e=c.exp_e AND a.pensum=c.pensum AND a.c_uni_ca=c.c_uni_ca  [1][0] OK
C:[01/02/2023 10:34:57.46][172.16.101.60][766] SELECT SUM(u_creditos*1) FROM tblaca009 a, dace006 b, dace002 c WHERE b.exp_e='16-26770983' AND b.status IN ('7','A') AND a.c_asigna=b.c_asigna AND b.exp_e=c.exp_e AND a.pensum=c.pensum AND a.c_uni_ca=c.c_uni_ca  [1][0] OK
C:[06/03/2023 11:24:05.63][172.16.10.187][766] SELECT SUM(u_creditos*1) FROM tblaca009 a, dace006 b, dace002 c WHERE b.exp_e='14-26936518' AND b.status IN ('7','A') AND a.c_asigna=b.c_asigna AND b.exp_e=c.exp_e AND a.pensum=c.pensum AND a.c_uni_ca=c.c_uni_ca  [1][0] OK
C:[14/03/2023 11:25:10.25][172.16.4.20][766] SELECT SUM(u_creditos*1) FROM tblaca009 a, dace006 b, dace002 c WHERE b.exp_e='13-25678810' AND b.status IN ('7','A') AND a.c_asigna=b.c_asigna AND b.exp_e=c.exp_e AND a.pensum=c.pensum AND a.c_uni_ca=c.c_uni_ca  [1][0] OK
C:[21/03/2023 16:05:32.33][190.207.122.87][766] SELECT SUM(u_creditos*1) FROM tblaca009 a, dace006 b, dace002 c WHERE b.exp_e='16-26770983' AND b.status IN ('7','A') AND a.c_asigna=b.c_asigna AND b.exp_e=c.exp_e AND a.pensum=c.pensum AND a.c_uni_ca=c.c_uni_ca  [1][0] OK
C:[30/03/2023 10:22:31.10][172.16.10.187][766] SELECT SUM(u_creditos*1) FROM tblaca009 a, dace006 b, dace002 c WHERE b.exp_e='14-26676808' AND b.status IN ('7','A') AND a.c_asigna=b.c_asigna AND b.exp_e=c.exp_e AND a.pensum=c.pensum AND a.c_uni_ca=c.c_uni_ca  [1][0] OK
C:[31/03/2023 10:10:13.66][172.16.10.187][766] SELECT SUM(u_creditos*1) FROM tblaca009 a, dace006 b, dace002 c WHERE b.exp_e='15-27186553' AND b.status IN ('7','A') AND a.c_asigna=b.c_asigna AND b.exp_e=c.exp_e AND a.pensum=c.pensum AND a.c_uni_ca=c.c_uni_ca  [1][0] OK
C:[10/04/2023 11:01:23.45][172.16.10.187][766] SELECT SUM(u_creditos*1) FROM tblaca009 a, dace006 b, dace002 c WHERE b.exp_e='15-27182308' AND b.status IN ('7','A') AND a.c_asigna=b.c_asigna AND b.exp_e=c.exp_e AND a.pensum=c.pensum AND a.c_uni_ca=c.c_uni_ca  [1][0] OK
C:[10/04/2023 11:05:45.48][172.16.10.187][766] SELECT SUM(u_creditos*1) FROM tblaca009 a, dace006 b, dace002 c WHERE b.exp_e='15-27182308' AND b.status IN ('7','A') AND a.c_asigna=b.c_asigna AND b.exp_e=c.exp_e AND a.pensum=c.pensum AND a.c_uni_ca=c.c_uni_ca  [1][0] OK
C:[10/04/2023 11:15:20.79][172.16.10.187][766] SELECT SUM(u_creditos*1) FROM tblaca009 a, dace006 b, dace002 c WHERE b.exp_e='17-27506087' AND b.status IN ('7','A') AND a.c_asigna=b.c_asigna AND b.exp_e=c.exp_e AND a.pensum=c.pensum AND a.c_uni_ca=c.c_uni_ca  [1][0] OK
C:[12/04/2023 11:11:26.96][172.16.10.187][766] SELECT SUM(u_creditos*1) FROM tblaca009 a, dace006 b, dace002 c WHERE b.exp_e='15-27182308' AND b.status IN ('7','A') AND a.c_asigna=b.c_asigna AND b.exp_e=c.exp_e AND a.pensum=c.pensum AND a.c_uni_ca=c.c_uni_ca  [1][0] OK
C:[12/04/2023 11:20:35.65][172.16.4.106][766] SELECT SUM(u_creditos*1) FROM tblaca009 a, dace006 b, dace002 c WHERE b.exp_e='08-20037336' AND b.status IN ('7','A') AND a.c_asigna=b.c_asigna AND b.exp_e=c.exp_e AND a.pensum=c.pensum AND a.c_uni_ca=c.c_uni_ca  [1][0] OK
C:[12/04/2023 11:24:47.27][172.16.4.106][766] SELECT SUM(u_creditos*1) FROM tblaca009 a, dace006 b, dace002 c WHERE b.exp_e='08-20037336' AND b.status IN ('7','A') AND a.c_asigna=b.c_asigna AND b.exp_e=c.exp_e AND a.pensum=c.pensum AND a.c_uni_ca=c.c_uni_ca  [1][0] OK
C:[14/04/2023 10:53:52.73][172.16.10.187][766] SELECT SUM(u_creditos*1) FROM tblaca009 a, dace006 b, dace002 c WHERE b.exp_e='16-26737159' AND b.status IN ('7','A') AND a.c_asigna=b.c_asigna AND b.exp_e=c.exp_e AND a.pensum=c.pensum AND a.c_uni_ca=c.c_uni_ca  [1][0] OK
C:[14/04/2023 11:02:17.15][172.16.10.187][766] SELECT SUM(u_creditos*1) FROM tblaca009 a, dace006 b, dace002 c WHERE b.exp_e='14-25859228' AND b.status IN ('7','A') AND a.c_asigna=b.c_asigna AND b.exp_e=c.exp_e AND a.pensum=c.pensum AND a.c_uni_ca=c.c_uni_ca  [1][0] OK
C:[14/04/2023 11:06:29.48][172.16.10.187][766] SELECT SUM(u_creditos*1) FROM tblaca009 a, dace006 b, dace002 c WHERE b.exp_e='14-25859228' AND b.status IN ('7','A') AND a.c_asigna=b.c_asigna AND b.exp_e=c.exp_e AND a.pensum=c.pensum AND a.c_uni_ca=c.c_uni_ca  [1][0] OK
C:[14/04/2023 11:21:24.91][172.16.10.187][766] SELECT SUM(u_creditos*1) FROM tblaca009 a, dace006 b, dace002 c WHERE b.exp_e='16-26382762' AND b.status IN ('7','A') AND a.c_asigna=b.c_asigna AND b.exp_e=c.exp_e AND a.pensum=c.pensum AND a.c_uni_ca=c.c_uni_ca  [1][0] OK
C:[17/04/2023 10:12:46.66][172.16.10.169][766] SELECT SUM(u_creditos*1) FROM tblaca009 a, dace006 b, dace002 c WHERE b.exp_e='16-27296713' AND b.status IN ('7','A') AND a.c_asigna=b.c_asigna AND b.exp_e=c.exp_e AND a.pensum=c.pensum AND a.c_uni_ca=c.c_uni_ca  [1][0] OK
C:[17/04/2023 10:41:26.05][172.16.4.20][766] SELECT SUM(u_creditos*1) FROM tblaca009 a, dace006 b, dace002 c WHERE b.exp_e='15-26359378' AND b.status IN ('7','A') AND a.c_asigna=b.c_asigna AND b.exp_e=c.exp_e AND a.pensum=c.pensum AND a.c_uni_ca=c.c_uni_ca  [1][0] OK
C:[17/04/2023 11:05:03.78][172.16.4.20][766] SELECT SUM(u_creditos*1) FROM tblaca009 a, dace006 b, dace002 c WHERE b.exp_e='15-26359378' AND b.status IN ('7','A') AND a.c_asigna=b.c_asigna AND b.exp_e=c.exp_e AND a.pensum=c.pensum AND a.c_uni_ca=c.c_uni_ca  [1][0] OK
C:[17/04/2023 13:51:54.68][172.16.4.20][766] SELECT SUM(u_creditos*1) FROM tblaca009 a, dace006 b, dace002 c WHERE b.exp_e='13-25493247' AND b.status IN ('7','A') AND a.c_asigna=b.c_asigna AND b.exp_e=c.exp_e AND a.pensum=c.pensum AND a.c_uni_ca=c.c_uni_ca  [1][0] OK
C:[17/04/2023 13:51:54.34][172.16.4.20][766] SELECT SUM(u_creditos*1) FROM tblaca009 a, dace006 b, dace002 c WHERE b.exp_e='13-25493247' AND b.status IN ('7','A') AND a.c_asigna=b.c_asigna AND b.exp_e=c.exp_e AND a.pensum=c.pensum AND a.c_uni_ca=c.c_uni_ca  [1][0] OK
C:[17/04/2023 13:55:26.04][172.16.4.20][766] SELECT SUM(u_creditos*1) FROM tblaca009 a, dace006 b, dace002 c WHERE b.exp_e='13-25493247' AND b.status IN ('7','A') AND a.c_asigna=b.c_asigna AND b.exp_e=c.exp_e AND a.pensum=c.pensum AND a.c_uni_ca=c.c_uni_ca  [1][0] OK
C:[17/04/2023 13:57:09.28][172.16.4.20][766] SELECT SUM(u_creditos*1) FROM tblaca009 a, dace006 b, dace002 c WHERE b.exp_e='13-25493247' AND b.status IN ('7','A') AND a.c_asigna=b.c_asigna AND b.exp_e=c.exp_e AND a.pensum=c.pensum AND a.c_uni_ca=c.c_uni_ca  [1][0] OK
C:[02/05/2023 11:25:08.10][172.16.10.187][766] SELECT SUM(u_creditos*1) FROM tblaca009 a, dace006 b, dace002 c WHERE b.exp_e='10-21497697' AND b.status IN ('7','A') AND a.c_asigna=b.c_asigna AND b.exp_e=c.exp_e AND a.pensum=c.pensum AND a.c_uni_ca=c.c_uni_ca  [1][0] OK
C:[02/05/2023 12:09:07.59][172.16.10.187][766] SELECT SUM(u_creditos*1) FROM tblaca009 a, dace006 b, dace002 c WHERE b.exp_e='11-20885601' AND b.status IN ('7','A') AND a.c_asigna=b.c_asigna AND b.exp_e=c.exp_e AND a.pensum=c.pensum AND a.c_uni_ca=c.c_uni_ca  [1][0] OK
C:[02/05/2023 12:12:37.80][172.16.10.187][766] SELECT SUM(u_creditos*1) FROM tblaca009 a, dace006 b, dace002 c WHERE b.exp_e='11-20885601' AND b.status IN ('7','A') AND a.c_asigna=b.c_asigna AND b.exp_e=c.exp_e AND a.pensum=c.pensum AND a.c_uni_ca=c.c_uni_ca  [1][0] OK
C:[03/05/2023 01:55:44.74][172.16.4.20][766] SELECT SUM(u_creditos*1) FROM tblaca009 a, dace006 b, dace002 c WHERE b.exp_e='11-21497120' AND b.status IN ('7','A') AND a.c_asigna=b.c_asigna AND b.exp_e=c.exp_e AND a.pensum=c.pensum AND a.c_uni_ca=c.c_uni_ca  [1][0] OK
C:[03/05/2023 02:06:04.48][172.16.4.20][766] SELECT SUM(u_creditos*1) FROM tblaca009 a, dace006 b, dace002 c WHERE b.exp_e='11-21497120' AND b.status IN ('7','A') AND a.c_asigna=b.c_asigna AND b.exp_e=c.exp_e AND a.pensum=c.pensum AND a.c_uni_ca=c.c_uni_ca  [1][0] OK
C:[03/05/2023 02:09:22.34][172.16.4.20][766] SELECT SUM(u_creditos*1) FROM tblaca009 a, dace006 b, dace002 c WHERE b.exp_e='11-21497120' AND b.status IN ('7','A') AND a.c_asigna=b.c_asigna AND b.exp_e=c.exp_e AND a.pensum=c.pensum AND a.c_uni_ca=c.c_uni_ca  [1][0] OK
C:[09/05/2023 11:36:13.06][172.16.4.20][766] SELECT SUM(u_creditos*1) FROM tblaca009 a, dace006 b, dace002 c WHERE b.exp_e='10-21497697' AND b.status IN ('7','A') AND a.c_asigna=b.c_asigna AND b.exp_e=c.exp_e AND a.pensum=c.pensum AND a.c_uni_ca=c.c_uni_ca  [1][0] OK
C:[11/05/2023 15:21:23.33][172.16.4.20][766] SELECT SUM(u_creditos*1) FROM tblaca009 a, dace006 b, dace002 c WHERE b.exp_e='12-26073557' AND b.status IN ('7','A') AND a.c_asigna=b.c_asigna AND b.exp_e=c.exp_e AND a.pensum=c.pensum AND a.c_uni_ca=c.c_uni_ca  [1][0] OK
C:[17/05/2023 06:04:08.17][172.16.4.20][766] SELECT SUM(u_creditos*1) FROM tblaca009 a, dace006 b, dace002 c WHERE b.exp_e='08-20037336' AND b.status IN ('7','A') AND a.c_asigna=b.c_asigna AND b.exp_e=c.exp_e AND a.pensum=c.pensum AND a.c_uni_ca=c.c_uni_ca  [1][0] OK
C:[17/05/2023 06:04:10.10][172.16.4.20][766] SELECT SUM(u_creditos*1) FROM tblaca009 a, dace006 b, dace002 c WHERE b.exp_e='08-20037336' AND b.status IN ('7','A') AND a.c_asigna=b.c_asigna AND b.exp_e=c.exp_e AND a.pensum=c.pensum AND a.c_uni_ca=c.c_uni_ca  [1][0] OK
C:[22/05/2023 10:46:46.73][172.16.10.240][766] SELECT SUM(u_creditos*1) FROM tblaca009 a, dace006 b, dace002 c WHERE b.exp_e='16-26455623' AND b.status IN ('7','A') AND a.c_asigna=b.c_asigna AND b.exp_e=c.exp_e AND a.pensum=c.pensum AND a.c_uni_ca=c.c_uni_ca  [1][0] OK
C:[22/05/2023 10:54:05.27][172.16.10.240][766] SELECT SUM(u_creditos*1) FROM tblaca009 a, dace006 b, dace002 c WHERE b.exp_e='16-26455623' AND b.status IN ('7','A') AND a.c_asigna=b.c_asigna AND b.exp_e=c.exp_e AND a.pensum=c.pensum AND a.c_uni_ca=c.c_uni_ca  [1][0] OK
C:[22/05/2023 11:04:25.73][172.16.10.240][766] SELECT SUM(u_creditos*1) FROM tblaca009 a, dace006 b, dace002 c WHERE b.exp_e='12-26073557' AND b.status IN ('7','A') AND a.c_asigna=b.c_asigna AND b.exp_e=c.exp_e AND a.pensum=c.pensum AND a.c_uni_ca=c.c_uni_ca  [1][0] OK
C:[26/05/2023 11:27:57.81][172.16.10.240][766] SELECT SUM(u_creditos*1) FROM tblaca009 a, dace006 b, dace002 c WHERE b.exp_e='15-27186553' AND b.status IN ('7','A') AND a.c_asigna=b.c_asigna AND b.exp_e=c.exp_e AND a.pensum=c.pensum AND a.c_uni_ca=c.c_uni_ca  [1][0] OK
C:[01/06/2023 12:07:57.18][172.16.10.240][766] SELECT SUM(u_creditos*1) FROM tblaca009 a, dace006 b, dace002 c WHERE b.exp_e='15-26549447' AND b.status IN ('7','A') AND a.c_asigna=b.c_asigna AND b.exp_e=c.exp_e AND a.pensum=c.pensum AND a.c_uni_ca=c.c_uni_ca  [1][0] OK
C:[12/06/2023 21:58:29.71][172.16.4.20][766] SELECT SUM(u_creditos*1) FROM tblaca009 a, dace006 b, dace002 c WHERE b.exp_e='15-26969368' AND b.status IN ('7','A') AND a.c_asigna=b.c_asigna AND b.exp_e=c.exp_e AND a.pensum=c.pensum AND a.c_uni_ca=c.c_uni_ca  [1][0] OK
C:[15/06/2023 21:44:30.01][172.16.4.20][766] SELECT SUM(u_creditos*1) FROM tblaca009 a, dace006 b, dace002 c WHERE b.exp_e='10-22593268' AND b.status IN ('7','A') AND a.c_asigna=b.c_asigna AND b.exp_e=c.exp_e AND a.pensum=c.pensum AND a.c_uni_ca=c.c_uni_ca  [1][0] OK
C:[15/06/2023 21:52:38.50][172.16.4.20][766] SELECT SUM(u_creditos*1) FROM tblaca009 a, dace006 b, dace002 c WHERE b.exp_e='10-22593268' AND b.status IN ('7','A') AND a.c_asigna=b.c_asigna AND b.exp_e=c.exp_e AND a.pensum=c.pensum AND a.c_uni_ca=c.c_uni_ca  [1][0] OK
C:[15/06/2023 21:54:49.43][172.16.4.20][766] SELECT SUM(u_creditos*1) FROM tblaca009 a, dace006 b, dace002 c WHERE b.exp_e='10-22593268' AND b.status IN ('7','A') AND a.c_asigna=b.c_asigna AND b.exp_e=c.exp_e AND a.pensum=c.pensum AND a.c_uni_ca=c.c_uni_ca  [1][0] OK
C:[28/06/2023 20:19:38.24][172.16.4.20][766] SELECT SUM(u_creditos*1) FROM tblaca009 a, dace006 b, dace002 c WHERE b.exp_e='12-24963882' AND b.status IN ('7','A') AND a.c_asigna=b.c_asigna AND b.exp_e=c.exp_e AND a.pensum=c.pensum AND a.c_uni_ca=c.c_uni_ca  [1][0] OK
C:[02/07/2023 17:57:57.46][172.16.4.20][766] SELECT SUM(u_creditos*1) FROM tblaca009 a, dace006 b, dace002 c WHERE b.exp_e='13-25672961' AND b.status IN ('7','A') AND a.c_asigna=b.c_asigna AND b.exp_e=c.exp_e AND a.pensum=c.pensum AND a.c_uni_ca=c.c_uni_ca  [1][0] OK
C:[02/07/2023 17:59:25.03][172.16.4.20][766] SELECT SUM(u_creditos*1) FROM tblaca009 a, dace006 b, dace002 c WHERE b.exp_e='13-25672961' AND b.status IN ('7','A') AND a.c_asigna=b.c_asigna AND b.exp_e=c.exp_e AND a.pensum=c.pensum AND a.c_uni_ca=c.c_uni_ca  [1][0] OK
C:[02/07/2023 18:14:05.07][172.16.4.20][766] SELECT SUM(u_creditos*1) FROM tblaca009 a, dace006 b, dace002 c WHERE b.exp_e='13-25672961' AND b.status IN ('7','A') AND a.c_asigna=b.c_asigna AND b.exp_e=c.exp_e AND a.pensum=c.pensum AND a.c_uni_ca=c.c_uni_ca  [1][0] OK
C:[05/07/2023 11:25:17.38][172.16.4.20][766] SELECT SUM(u_creditos*1) FROM tblaca009 a, dace006 b, dace002 c WHERE b.exp_e='
Notice: Undefined variable: dp in Q:\wamp\www\web\urace\pregrado\estudiantes\solentrena\planilla_r.php on line 436

Call Stack:
    0.0007     179376   1. {main}() Q:\wamp\www\web\urace\pregrado\estudiantes\solentrena\planilla_r.php:0

' AND b.status IN ('7','A') AND a.c_asigna=b.c_asigna AND b.exp_e=c.exp_e AND a.pensum=c.pensum AND a.c_uni_ca=c.c_uni_ca  [1][0] OK
C:[05/07/2023 11:31:31.17][172.16.4.20][766] SELECT SUM(u_creditos*1) FROM tblaca009 a, dace006 b, dace002 c WHERE b.exp_e='
Notice: Undefined variable: dp in Q:\wamp\www\web\urace\pregrado\estudiantes\solentrena\planilla_r.php on line 436

Call Stack:
    0.0007     179376   1. {main}() Q:\wamp\www\web\urace\pregrado\estudiantes\solentrena\planilla_r.php:0

' AND b.status IN ('7','A') AND a.c_asigna=b.c_asigna AND b.exp_e=c.exp_e AND a.pensum=c.pensum AND a.c_uni_ca=c.c_uni_ca  [1][0] OK
C:[05/07/2023 21:29:05.67][172.16.4.20][766] SELECT SUM(u_creditos*1) FROM tblaca009 a, dace006 b, dace002 c WHERE b.exp_e='13-25672961' AND b.status IN ('7','A') AND a.c_asigna=b.c_asigna AND b.exp_e=c.exp_e AND a.pensum=c.pensum AND a.c_uni_ca=c.c_uni_ca  [1][0] OK
C:[10/07/2023 13:57:10.72][172.16.4.20][766] SELECT SUM(u_creditos*1) FROM tblaca009 a, dace006 b, dace002 c WHERE b.exp_e='12-22804281' AND b.status IN ('7','A') AND a.c_asigna=b.c_asigna AND b.exp_e=c.exp_e AND a.pensum=c.pensum AND a.c_uni_ca=c.c_uni_ca  [1][0] OK
C:[10/07/2023 14:05:33.78][172.16.4.20][766] SELECT SUM(u_creditos*1) FROM tblaca009 a, dace006 b, dace002 c WHERE b.exp_e='12-22804281' AND b.status IN ('7','A') AND a.c_asigna=b.c_asigna AND b.exp_e=c.exp_e AND a.pensum=c.pensum AND a.c_uni_ca=c.c_uni_ca  [1][0] OK
C:[12/07/2023 11:19:51.54][172.16.10.240][766] SELECT SUM(u_creditos*1) FROM tblaca009 a, dace006 b, dace002 c WHERE b.exp_e='16-27088215' AND b.status IN ('7','A') AND a.c_asigna=b.c_asigna AND b.exp_e=c.exp_e AND a.pensum=c.pensum AND a.c_uni_ca=c.c_uni_ca  [1][0] OK
C:[17/07/2023 18:52:12.54][172.16.4.20][766] SELECT SUM(u_creditos*1) FROM tblaca009 a, dace006 b, dace002 c WHERE b.exp_e='89-06510406' AND b.status IN ('7','A') AND a.c_asigna=b.c_asigna AND b.exp_e=c.exp_e AND a.pensum=c.pensum AND a.c_uni_ca=c.c_uni_ca  [1][0] OK
C:[25/07/2023 10:25:24.62][172.16.10.240][766] SELECT SUM(u_creditos*1) FROM tblaca009 a, dace006 b, dace002 c WHERE b.exp_e='15-26969368' AND b.status IN ('7','A') AND a.c_asigna=b.c_asigna AND b.exp_e=c.exp_e AND a.pensum=c.pensum AND a.c_uni_ca=c.c_uni_ca  [1][0] OK
C:[26/07/2023 10:46:22.85][172.16.10.240][766] SELECT SUM(u_creditos*1) FROM tblaca009 a, dace006 b, dace002 c WHERE b.exp_e='15-25566963' AND b.status IN ('7','A') AND a.c_asigna=b.c_asigna AND b.exp_e=c.exp_e AND a.pensum=c.pensum AND a.c_uni_ca=c.c_uni_ca  [1][0] OK
C:[01/08/2023 11:16:01.42][172.16.10.240][766] SELECT SUM(u_creditos*1) FROM tblaca009 a, dace006 b, dace002 c WHERE b.exp_e='18-27010582' AND b.status IN ('7','A') AND a.c_asigna=b.c_asigna AND b.exp_e=c.exp_e AND a.pensum=c.pensum AND a.c_uni_ca=c.c_uni_ca  [1][0] OK
C:[01/08/2023 11:22:14.49][172.16.10.240][766] SELECT SUM(u_creditos*1) FROM tblaca009 a, dace006 b, dace002 c WHERE b.exp_e='18-27010582' AND b.status IN ('7','A') AND a.c_asigna=b.c_asigna AND b.exp_e=c.exp_e AND a.pensum=c.pensum AND a.c_uni_ca=c.c_uni_ca  [1][0] OK
C:[01/08/2023 11:27:54.30][172.16.10.240][766] SELECT SUM(u_creditos*1) FROM tblaca009 a, dace006 b, dace002 c WHERE b.exp_e='14-25973353' AND b.status IN ('7','A') AND a.c_asigna=b.c_asigna AND b.exp_e=c.exp_e AND a.pensum=c.pensum AND a.c_uni_ca=c.c_uni_ca  [1][0] OK
C:[11/08/2023 11:52:07.29][172.16.10.240][766] SELECT SUM(u_creditos*1) FROM tblaca009 a, dace006 b, dace002 c WHERE b.exp_e='16-26455623' AND b.status IN ('7','A') AND a.c_asigna=b.c_asigna AND b.exp_e=c.exp_e AND a.pensum=c.pensum AND a.c_uni_ca=c.c_uni_ca  [1][0] OK
C:[28/08/2023 09:32:02.83][172.16.4.20][766] SELECT SUM(u_creditos*1) FROM tblaca009 a, dace006 b, dace002 c WHERE b.exp_e='14-26549642' AND b.status IN ('7','A') AND a.c_asigna=b.c_asigna AND b.exp_e=c.exp_e AND a.pensum=c.pensum AND a.c_uni_ca=c.c_uni_ca  [1][0] OK
C:[28/08/2023 09:33:46.34][172.16.4.20][766] SELECT SUM(u_creditos*1) FROM tblaca009 a, dace006 b, dace002 c WHERE b.exp_e='14-26549642' AND b.status IN ('7','A') AND a.c_asigna=b.c_asigna AND b.exp_e=c.exp_e AND a.pensum=c.pensum AND a.c_uni_ca=c.c_uni_ca  [1][0] OK
C:[31/08/2023 09:22:30.40][172.16.10.240][766] SELECT SUM(u_creditos*1) FROM tblaca009 a, dace006 b, dace002 c WHERE b.exp_e='14-26549642' AND b.status IN ('7','A') AND a.c_asigna=b.c_asigna AND b.exp_e=c.exp_e AND a.pensum=c.pensum AND a.c_uni_ca=c.c_uni_ca  [1][0] OK
C:[11/09/2023 10:30:01.01][172.16.4.20][766] SELECT SUM(u_creditos*1) FROM tblaca009 a, dace006 b, dace002 c WHERE b.exp_e='10-22828351' AND b.status IN ('7','A') AND a.c_asigna=b.c_asigna AND b.exp_e=c.exp_e AND a.pensum=c.pensum AND a.c_uni_ca=c.c_uni_ca  [1][0] OK
C:[23/10/2023 11:34:49.77][172.16.10.240][766] SELECT SUM(u_creditos*1) FROM tblaca009 a, dace006 b, dace002 c WHERE b.exp_e='11-25393577' AND b.status IN ('7','A') AND a.c_asigna=b.c_asigna AND b.exp_e=c.exp_e AND a.pensum=c.pensum AND a.c_uni_ca=c.c_uni_ca  [1][0] OK
C:[23/10/2023 11:59:22.82][172.16.10.240][766] SELECT SUM(u_creditos*1) FROM tblaca009 a, dace006 b, dace002 c WHERE b.exp_e='11-25393577' AND b.status IN ('7','A') AND a.c_asigna=b.c_asigna AND b.exp_e=c.exp_e AND a.pensum=c.pensum AND a.c_uni_ca=c.c_uni_ca  [1][0] OK
C:[30/10/2023 09:44:53.73][172.16.10.240][766] SELECT SUM(u_creditos*1) FROM tblaca009 a, dace006 b, dace002 c WHERE b.exp_e='15-26650574' AND b.status IN ('7','A') AND a.c_asigna=b.c_asigna AND b.exp_e=c.exp_e AND a.pensum=c.pensum AND a.c_uni_ca=c.c_uni_ca  [1][0] OK
C:[30/10/2023 09:47:41.54][172.16.10.240][766] SELECT SUM(u_creditos*1) FROM tblaca009 a, dace006 b, dace002 c WHERE b.exp_e='15-26650574' AND b.status IN ('7','A') AND a.c_asigna=b.c_asigna AND b.exp_e=c.exp_e AND a.pensum=c.pensum AND a.c_uni_ca=c.c_uni_ca  [1][0] OK
C:[02/11/2023 12:02:08.37][172.16.10.240][766] SELECT SUM(u_creditos*1) FROM tblaca009 a, dace006 b, dace002 c WHERE b.exp_e='14-27110691' AND b.status IN ('7','A') AND a.c_asigna=b.c_asigna AND b.exp_e=c.exp_e AND a.pensum=c.pensum AND a.c_uni_ca=c.c_uni_ca  [1][0] OK
C:[02/11/2023 12:05:25.04][172.16.10.240][766] SELECT SUM(u_creditos*1) FROM tblaca009 a, dace006 b, dace002 c WHERE b.exp_e='14-27110691' AND b.status IN ('7','A') AND a.c_asigna=b.c_asigna AND b.exp_e=c.exp_e AND a.pensum=c.pensum AND a.c_uni_ca=c.c_uni_ca  [1][0] OK
C:[02/11/2023 12:07:43.94][172.16.10.240][766] SELECT SUM(u_creditos*1) FROM tblaca009 a, dace006 b, dace002 c WHERE b.exp_e='14-27110691' AND b.status IN ('7','A') AND a.c_asigna=b.c_asigna AND b.exp_e=c.exp_e AND a.pensum=c.pensum AND a.c_uni_ca=c.c_uni_ca  [1][0] OK
C:[02/11/2023 12:09:38.73][172.16.10.240][766] SELECT SUM(u_creditos*1) FROM tblaca009 a, dace006 b, dace002 c WHERE b.exp_e='14-27110691' AND b.status IN ('7','A') AND a.c_asigna=b.c_asigna AND b.exp_e=c.exp_e AND a.pensum=c.pensum AND a.c_uni_ca=c.c_uni_ca  [1][0] OK
C:[02/11/2023 12:13:56.46][172.16.10.240][766] SELECT SUM(u_creditos*1) FROM tblaca009 a, dace006 b, dace002 c WHERE b.exp_e='14-25777893' AND b.status IN ('7','A') AND a.c_asigna=b.c_asigna AND b.exp_e=c.exp_e AND a.pensum=c.pensum AND a.c_uni_ca=c.c_uni_ca  [1][0] OK
C:[02/11/2023 12:16:25.81][172.16.10.240][766] SELECT SUM(u_creditos*1) FROM tblaca009 a, dace006 b, dace002 c WHERE b.exp_e='14-25777893' AND b.status IN ('7','A') AND a.c_asigna=b.c_asigna AND b.exp_e=c.exp_e AND a.pensum=c.pensum AND a.c_uni_ca=c.c_uni_ca  [1][0] OK
C:[02/11/2023 12:19:12.43][172.16.10.240][766] SELECT SUM(u_creditos*1) FROM tblaca009 a, dace006 b, dace002 c WHERE b.exp_e='14-25777893' AND b.status IN ('7','A') AND a.c_asigna=b.c_asigna AND b.exp_e=c.exp_e AND a.pensum=c.pensum AND a.c_uni_ca=c.c_uni_ca  [1][0] OK
C:[02/11/2023 12:22:38.32][172.16.10.240][766] SELECT SUM(u_creditos*1) FROM tblaca009 a, dace006 b, dace002 c WHERE b.exp_e='14-25777893' AND b.status IN ('7','A') AND a.c_asigna=b.c_asigna AND b.exp_e=c.exp_e AND a.pensum=c.pensum AND a.c_uni_ca=c.c_uni_ca  [1][0] OK
C:[02/11/2023 12:25:18.01][172.16.10.240][766] SELECT SUM(u_creditos*1) FROM tblaca009 a, dace006 b, dace002 c WHERE b.exp_e='14-26362094' AND b.status IN ('7','A') AND a.c_asigna=b.c_asigna AND b.exp_e=c.exp_e AND a.pensum=c.pensum AND a.c_uni_ca=c.c_uni_ca  [1][0] OK
C:[02/11/2023 12:27:05.33][172.16.10.240][766] SELECT SUM(u_creditos*1) FROM tblaca009 a, dace006 b, dace002 c WHERE b.exp_e='14-26362094' AND b.status IN ('7','A') AND a.c_asigna=b.c_asigna AND b.exp_e=c.exp_e AND a.pensum=c.pensum AND a.c_uni_ca=c.c_uni_ca  [1][0] OK
C:[06/11/2023 19:16:41.79][172.16.4.20][766] SELECT SUM(u_creditos*1) FROM tblaca009 a, dace006 b, dace002 c WHERE b.exp_e='14-25777893' AND b.status IN ('7','A') AND a.c_asigna=b.c_asigna AND b.exp_e=c.exp_e AND a.pensum=c.pensum AND a.c_uni_ca=c.c_uni_ca  [1][0] OK
C:[06/11/2023 19:21:26.03][172.16.4.20][766] SELECT SUM(u_creditos*1) FROM tblaca009 a, dace006 b, dace002 c WHERE b.exp_e='14-25777893' AND b.status IN ('7','A') AND a.c_asigna=b.c_asigna AND b.exp_e=c.exp_e AND a.pensum=c.pensum AND a.c_uni_ca=c.c_uni_ca  [1][0] OK
C:[06/11/2023 19:43:09.22][172.16.4.20][766] SELECT SUM(u_creditos*1) FROM tblaca009 a, dace006 b, dace002 c WHERE b.exp_e='14-25777893' AND b.status IN ('7','A') AND a.c_asigna=b.c_asigna AND b.exp_e=c.exp_e AND a.pensum=c.pensum AND a.c_uni_ca=c.c_uni_ca  [1][0] OK
C:[06/11/2023 19:48:15.95][172.16.4.20][766] SELECT SUM(u_creditos*1) FROM tblaca009 a, dace006 b, dace002 c WHERE b.exp_e='14-25777893' AND b.status IN ('7','A') AND a.c_asigna=b.c_asigna AND b.exp_e=c.exp_e AND a.pensum=c.pensum AND a.c_uni_ca=c.c_uni_ca  [1][0] OK
C:[07/11/2023 07:12:38.34][172.16.4.20][766] SELECT SUM(u_creditos*1) FROM tblaca009 a, dace006 b, dace002 c WHERE b.exp_e='14-26362094' AND b.status IN ('7','A') AND a.c_asigna=b.c_asigna AND b.exp_e=c.exp_e AND a.pensum=c.pensum AND a.c_uni_ca=c.c_uni_ca  [1][0] OK
C:[08/11/2023 09:54:37.26][172.16.10.240][766] SELECT SUM(u_creditos*1) FROM tblaca009 a, dace006 b, dace002 c WHERE b.exp_e='14-25777893' AND b.status IN ('7','A') AND a.c_asigna=b.c_asigna AND b.exp_e=c.exp_e AND a.pensum=c.pensum AND a.c_uni_ca=c.c_uni_ca  [1][0] OK
C:[08/11/2023 09:57:23.05][172.16.10.240][766] SELECT SUM(u_creditos*1) FROM tblaca009 a, dace006 b, dace002 c WHERE b.exp_e='14-26362094' AND b.status IN ('7','A') AND a.c_asigna=b.c_asigna AND b.exp_e=c.exp_e AND a.pensum=c.pensum AND a.c_uni_ca=c.c_uni_ca  [1][0] OK
C:[10/11/2023 10:05:49.44][172.16.10.240][766] SELECT SUM(u_creditos*1) FROM tblaca009 a, dace006 b, dace002 c WHERE b.exp_e='14-26362094' AND b.status IN ('7','A') AND a.c_asigna=b.c_asigna AND b.exp_e=c.exp_e AND a.pensum=c.pensum AND a.c_uni_ca=c.c_uni_ca  [1][0] OK
C:[27/11/2023 09:05:43.77][172.16.4.20][766] SELECT SUM(u_creditos*1) FROM tblaca009 a, dace006 b, dace002 c WHERE b.exp_e='14-27110691' AND b.status IN ('7','A') AND a.c_asigna=b.c_asigna AND b.exp_e=c.exp_e AND a.pensum=c.pensum AND a.c_uni_ca=c.c_uni_ca  [1][0] OK
C:[18/01/2024 13:00:24.45][172.16.10.236][766] SELECT SUM(u_creditos*1) FROM tblaca009 a, dace006 b, dace002 c WHERE b.exp_e='12-24716179' AND b.status IN ('7','A') AND a.c_asigna=b.c_asigna AND b.exp_e=c.exp_e AND a.pensum=c.pensum AND a.c_uni_ca=c.c_uni_ca  [1][0] OK
C:[25/01/2024 13:47:36.32][172.16.4.20][766] SELECT SUM(u_creditos*1) FROM tblaca009 a, dace006 b, dace002 c WHERE b.exp_e='12-24716179' AND b.status IN ('7','A') AND a.c_asigna=b.c_asigna AND b.exp_e=c.exp_e AND a.pensum=c.pensum AND a.c_uni_ca=c.c_uni_ca  [1][0] OK
